Archive member included to satisfy reference by file (symbol)

src/scpi-parser/libscpi.a(fifo.o)
                              src/CMakeFiles/master.dir/master.c.obj (fifo_init)
src/scpi-parser/libscpi.a(ieee488.o)
                              src/CMakeFiles/master.dir/master.c.obj (SCPI_RegGet)
src/scpi-parser/libscpi.a(minimal.o)
                              src/CMakeFiles/master.dir/fts_scpi.c.obj (SCPI_SystemVersionQ)
src/scpi-parser/libscpi.a(parser.o)
                              src/CMakeFiles/master.dir/fts_scpi.c.obj (SCPI_Init)
src/scpi-parser/libscpi.a(units.o)
                              src/CMakeFiles/master.dir/fts_scpi.c.obj (scpi_units_def)
src/scpi-parser/libscpi.a(utils.o)
                              src/scpi-parser/libscpi.a(parser.o) (strnpbrk)
src/scpi-parser/libscpi.a(lexer.o)
                              src/scpi-parser/libscpi.a(parser.o) (scpiLex_IsEos)
src/scpi-parser/libscpi.a(expression.o)
                              src/CMakeFiles/master.dir/fts_scpi.c.obj (SCPI_ExprChannelListEntry)
/usr/lib/gcc/arm-none-eabi/8.3.1/../../../arm-none-eabi/lib/thumb/v6-m/nofp/libm.a(lib_a-s_frexp.o)
                              src/scpi-parser/libscpi.a(utils.o) (frexp)
/usr/lib/gcc/arm-none-eabi/8.3.1/../../../arm-none-eabi/lib/thumb/v6-m/nofp/libm.a(lib_a-s_modf.o)
                              src/scpi-parser/libscpi.a(utils.o) (modf)
/usr/lib/gcc/arm-none-eabi/8.3.1/thumb/v6-m/nofp/libgcc.a(_dvmd_tls.o)
                              src/CMakeFiles/master.dir/home/pi/pico/pico-sdk/src/rp2_common/pico_divider/divider_hardware.S.obj (__aeabi_idiv0)
/usr/lib/gcc/arm-none-eabi/8.3.1/../../../arm-none-eabi/lib/thumb/v6-m/nofp/libg.a(lib_a-atexit.o)
                              /usr/lib/gcc/arm-none-eabi/8.3.1/../../../arm-none-eabi/lib/thumb/v6-m/nofp/crt0.o (atexit)
/usr/lib/gcc/arm-none-eabi/8.3.1/../../../arm-none-eabi/lib/thumb/v6-m/nofp/libg.a(lib_a-calloc.o)
                              src/CMakeFiles/master.dir/home/pi/pico/pico-sdk/src/rp2_common/pico_malloc/malloc.c.obj (calloc)
/usr/lib/gcc/arm-none-eabi/8.3.1/../../../arm-none-eabi/lib/thumb/v6-m/nofp/libg.a(lib_a-callocr.o)
                              /usr/lib/gcc/arm-none-eabi/8.3.1/../../../arm-none-eabi/lib/thumb/v6-m/nofp/libg.a(lib_a-calloc.o) (_calloc_r)
/usr/lib/gcc/arm-none-eabi/8.3.1/../../../arm-none-eabi/lib/thumb/v6-m/nofp/libg.a(lib_a-ctype_.o)
                              src/CMakeFiles/master.dir/scpi_uart.c.obj (_ctype_)
/usr/lib/gcc/arm-none-eabi/8.3.1/../../../arm-none-eabi/lib/thumb/v6-m/nofp/libg.a(lib_a-errno.o)
                              src/CMakeFiles/master.dir/functadv.c.obj (__errno)
/usr/lib/gcc/arm-none-eabi/8.3.1/../../../arm-none-eabi/lib/thumb/v6-m/nofp/libg.a(lib_a-fini.o)
                              /usr/lib/gcc/arm-none-eabi/8.3.1/../../../arm-none-eabi/lib/thumb/v6-m/nofp/crt0.o (__libc_fini_array)
/usr/lib/gcc/arm-none-eabi/8.3.1/../../../arm-none-eabi/lib/thumb/v6-m/nofp/libg.a(lib_a-fprintf.o)
                              src/CMakeFiles/master.dir/master.c.obj (fprintf)
/usr/lib/gcc/arm-none-eabi/8.3.1/../../../arm-none-eabi/lib/thumb/v6-m/nofp/libg.a(lib_a-fputc.o)
                              src/CMakeFiles/master.dir/functadv.c.obj (fputc)
/usr/lib/gcc/arm-none-eabi/8.3.1/../../../arm-none-eabi/lib/thumb/v6-m/nofp/libg.a(lib_a-fwrite.o)
                              src/CMakeFiles/master.dir/master.c.obj (fwrite)
/usr/lib/gcc/arm-none-eabi/8.3.1/../../../arm-none-eabi/lib/thumb/v6-m/nofp/libg.a(lib_a-impure.o)
                              src/CMakeFiles/master.dir/master.c.obj (_impure_ptr)
/usr/lib/gcc/arm-none-eabi/8.3.1/../../../arm-none-eabi/lib/thumb/v6-m/nofp/libg.a(lib_a-init.o)
                              /usr/lib/gcc/arm-none-eabi/8.3.1/../../../arm-none-eabi/lib/thumb/v6-m/nofp/crt0.o (__libc_init_array)
/usr/lib/gcc/arm-none-eabi/8.3.1/../../../arm-none-eabi/lib/thumb/v6-m/nofp/libg.a(lib_a-lcltime_r.o)
                              src/CMakeFiles/master.dir/home/pi/pico/pico-sdk/src/common/pico_util/datetime.c.obj (localtime_r)
/usr/lib/gcc/arm-none-eabi/8.3.1/../../../arm-none-eabi/lib/thumb/v6-m/nofp/libg.a(lib_a-malloc.o)
                              src/CMakeFiles/master.dir/home/pi/pico/pico-sdk/src/rp2_common/pico_malloc/malloc.c.obj (malloc)
/usr/lib/gcc/arm-none-eabi/8.3.1/../../../arm-none-eabi/lib/thumb/v6-m/nofp/libg.a(lib_a-mallocr.o)
                              /usr/lib/gcc/arm-none-eabi/8.3.1/../../../arm-none-eabi/lib/thumb/v6-m/nofp/libg.a(lib_a-callocr.o) (_malloc_r)
/usr/lib/gcc/arm-none-eabi/8.3.1/../../../arm-none-eabi/lib/thumb/v6-m/nofp/libg.a(lib_a-memcmp.o)
                              src/CMakeFiles/master.dir/home/pi/pico/pico-sdk/src/rp2_common/pico_atomic/atomic.c.obj (memcmp)
/usr/lib/gcc/arm-none-eabi/8.3.1/../../../arm-none-eabi/lib/thumb/v6-m/nofp/libg.a(lib_a-memmove.o)
                              src/scpi-parser/libscpi.a(parser.o) (memmove)
[...]
Memory Configuration

Name             Origin             Length             Attributes
FLASH            0x10000000         0x00200000         xr
RAM              0x20000000         0x00040000         xrw
SCRATCH_X        0x20040000         0x00001000         xrw
SCRATCH_Y        0x20041000         0x00001000         xrw
*default*        0x00000000         0xffffffff

Linker script and memory map

LOAD /usr/lib/gcc/arm-none-eabi/8.3.1/thumb/v6-m/nofp/crti.o
LOAD /usr/lib/gcc/arm-none-eabi/8.3.1/thumb/v6-m/nofp/crtbegin.o
LOAD /usr/lib/gcc/arm-none-eabi/8.3.1/../../../arm-none-eabi/lib/thumb/v6-m/nofp/crt0.o

.flash_begin    0x10000000        0x0
                0x10000000                __flash_binary_start = .

.boot2          0x10000000      0x100
                0x10000000                __boot2_start__ = .
 *(.boot2)
 .boot2         0x10000000      0x100 /tmp/cc2qgMWN.o
                0x10000100                __boot2_end__ = .
                0x00000001                ASSERT (((__boot2_end__ - __boot2_start__) == 0x100), ERROR: Pico second stage bootloader must be 256 bytes in size)

.text           0x10000100    0x2514c
                0x10000100                __logical_binary_start = .
 *(.vectors)
 .vectors       0x10000100       0xd4 src/CMakeFiles/master.dir/home/pi/pico/pico-sdk/src/rp2_common/pico_crt0/crt0.S.obj
                0x10000100                __vectors
                0x10000100                __VECTOR_TABLE
                0x100001c0                isr_invalid
                0x100001c0                __default_isrs_start
                0x100001c2                isr_nmi
                0x100001c4                isr_hardfault
                0x100001c6                isr_svcall
                0x100001c8                isr_pendsv
                0x100001ca                isr_systick
                0x100001cc                isr_irq30
                0x100001cc                __unhandled_user_irq
                0x100001cc                isr_irq13
                0x100001cc                isr_irq27
                0x100001cc                isr_irq31
                0x100001cc                isr_irq5
                0x100001cc                isr_irq11
                0x100001cc                isr_irq23
                0x100001cc                isr_irq18
                0x100001cc                isr_irq28
                0x100001cc                isr_irq19
                0x100001cc                isr_irq0
                0x100001cc                isr_irq6
                0x100001cc                isr_irq22
                0x100001cc                isr_irq17
                0x100001cc                isr_irq14
                0x100001cc                isr_irq2
                0x100001cc                isr_irq10
                0x100001cc                isr_irq8
                0x100001cc                isr_irq24
                0x100001cc                isr_irq1
                0x100001cc                isr_irq7
                0x100001cc                isr_irq21
                0x100001cc                isr_irq20
                0x100001cc                isr_irq15
                0x100001cc                isr_irq25
                0x100001cc                isr_irq4
                0x100001cc                isr_irq16
                0x100001cc                isr_irq29
                0x100001cc                isr_irq26
                0x100001cc                __default_isrs_end
                0x100001cc                isr_irq3
                0x100001cc                isr_irq12
                0x100001cc                isr_irq9
                0x100001d2                unhandled_user_irq_num_in_r0
 *(.binary_info_header)
 .binary_info_header
                0x100001d4       0x14 src/CMakeFiles/master.dir/home/pi/pico/pico-sdk/src/rp2_common/pico_crt0/crt0.S.obj
                0x100001e8                __binary_info_header_end = .
 *(.embedded_block)
                0x100001e8                __embedded_block_end = .
 *(.reset)
 .reset         0x100001e8       0x9c src/CMakeFiles/master.dir/home/pi/pico/pico-sdk/src/rp2_common/pico_crt0/crt0.S.obj
                0x100001e8                _entry_point
 *(.init)
 .init          0x10000284        0x4 /usr/lib/gcc/arm-none-eabi/8.3.1/thumb/v6-m/nofp/crti.o
                0x10000284                _init
 *(EXCLUDE_FILE(*libm.a: *libc.a:*lib_a-mem*.o *libgcc.a:) .text*)
 .text          0x10000288       0x98 /usr/lib/gcc/arm-none-eabi/8.3.1/thumb/v6-m/nofp/crtbegin.o
 .text.SCPI_ErrorEmit
                0x10000320       0x22 src/CMakeFiles/master.dir/master.c.obj
 *fill*         0x10000342        0x2 
 .text.SCPI_ErrorAddInternal
                0x10000344       0x38 src/CMakeFiles/master.dir/master.c.obj
 .text.SCPI_ErrorInit
                0x1000037c        0xa src/CMakeFiles/master.dir/master.c.obj
                0x1000037c                SCPI_ErrorInit
 .text.SCPI_ErrorCount
                0x10000386       0x1c src/CMakeFiles/master.dir/master.c.obj
                0x10000386                SCPI_ErrorCount
 .text.SCPI_ErrorEmitEmpty
                0x100003a2       0x38 src/CMakeFiles/master.dir/master.c.obj
 .text.SCPI_ErrorClear
                0x100003da       0x12 src/CMakeFiles/master.dir/master.c.obj
                0x100003da                SCPI_ErrorClear
 .text.SCPI_ErrorPop
                0x100003ec       0x28 src/CMakeFiles/master.dir/master.c.obj
                0x100003ec                SCPI_ErrorPop
 .text.SCPI_ErrorPushEx
                0x10000414       0x94 src/CMakeFiles/master.dir/master.c.obj
                0x10000414                SCPI_ErrorPushEx
 .text.SCPI_ErrorPush
                0x100004a8        0xc src/CMakeFiles/master.dir/master.c.obj
                0x100004a8                SCPI_ErrorPush
 .text.SCPI_ErrorTranslate
                0x100004b4      0x4e4 src/CMakeFiles/master.dir/master.c.obj
                0x100004b4                SCPI_ErrorTranslate
 .text.enque    0x10000998       0x64 src/CMakeFiles/master.dir/master.c.obj
                0x10000998                enque
 .text.on_uart_rx
                0x100009fc      0x138 src/CMakeFiles/master.dir/master.c.obj
                0x100009fc                on_uart_rx
 .text.init_queue
                0x10000b34       0x28 src/CMakeFiles/master.dir/master.c.obj
                0x10000b34                init_queue
 .text.deque    0x10000b5c       0x74 src/CMakeFiles/master.dir/master.c.obj
                0x10000b5c                deque
 .text.init_main_com
                0x10000bd0       0xa0 src/CMakeFiles/master.dir/master.c.obj
                0x10000bd0                init_main_com
 .text.Hardware_Default_Setting
                0x10000c70      0x154 src/CMakeFiles/master.dir/master.c.obj
                0x10000c70                Hardware_Default_Setting
 .text.main     0x10000dc4      0x1d0 src/CMakeFiles/master.dir/master.c.obj
                0x10000dc4                main
 .text.output_buffer_clear
                0x10000f94       0x14 src/CMakeFiles/master.dir/test.c.obj
 .text.removeCRLF
                0x10000fa8       0x2e src/CMakeFiles/master.dir/test.c.obj
                0x10000fa8                removeCRLF
 *fill*         0x10000fd6        0x2 
 .text.init_buffer
                0x10000fd8       0x1c src/CMakeFiles/master.dir/test.c.obj
                0x10000fd8                init_buffer
 .text.add_message
                0x10000ff4       0x60 src/CMakeFiles/master.dir/test.c.obj
                0x10000ff4                add_message
 .text.print_messages
                0x10001054      0x18c src/CMakeFiles/master.dir/test.c.obj
                0x10001054                print_messages
 .text.test_cmd_result
                0x100011e0      0x160 src/CMakeFiles/master.dir/test.c.obj
                0x100011e0                test_cmd_result
 .text.test_cmd_out
                0x10001340       0xa0 src/CMakeFiles/master.dir/test.c.obj
                0x10001340                test_cmd_out
 .text.test_cmd_substring
                0x100013e0       0x9c src/CMakeFiles/master.dir/test.c.obj
                0x100013e0                test_cmd_substring
 .text.read_uart_char
                0x1000147c       0xd4 src/CMakeFiles/master.dir/test.c.obj
                0x1000147c                read_uart_char
 .text.test_selftest
                0x10001550     0x23e8 src/CMakeFiles/master.dir/test.c.obj
                0x10001550                test_selftest
 .text.test_inst_manual
                0x10003938     0x2238 src/CMakeFiles/master.dir/test.c.obj
                0x10003938                test_inst_manual
 .text.test_command
                0x10005b70     0x17f8 src/CMakeFiles/master.dir/test.c.obj
                0x10005b70                test_command
 .text.internal_test_sequence
                0x10007368      0x6fc src/CMakeFiles/master.dir/test.c.obj
                0x10007368                internal_test_sequence
 .text.setup_master
                0x10007a64       0x44 src/CMakeFiles/master.dir/i2c_com.c.obj
                0x10007a64                setup_master
 .text.send_master
                0x10007aa8       0xb4 src/CMakeFiles/master.dir/i2c_com.c.obj
                0x10007aa8                send_master
 .text.relay_execute
                0x10007b5c      0x9b4 src/CMakeFiles/master.dir/i2c_com.c.obj
                0x10007b5c                relay_execute
 .text.digital_execute
                0x10008510      0x21c src/CMakeFiles/master.dir/i2c_com.c.obj
                0x10008510                digital_execute
 .text.gpio_execute
                0x1000872c      0x27c src/CMakeFiles/master.dir/i2c_com.c.obj
                0x1000872c                gpio_execute
 .text.system_execute
                0x100089a8      0x140 src/CMakeFiles/master.dir/i2c_com.c.obj
                0x100089a8                system_execute
 .text.read_master_adc
                0x10008ae8      0x138 src/CMakeFiles/master.dir/functadv.c.obj
                0x10008ae8                read_master_adc
 .text.read_power
                0x10008c20      0x114 src/CMakeFiles/master.dir/functadv.c.obj
                0x10008c20                read_power
 .text.calibrate_power
                0x10008d34       0x70 src/CMakeFiles/master.dir/functadv.c.obj
                0x10008d34                calibrate_power
 .text.dac_set  0x10008da4       0x9c src/CMakeFiles/master.dir/functadv.c.obj
                0x10008da4                dac_set
 .text.eeprom_data_valid
                0x10008e40       0xb4 src/CMakeFiles/master.dir/functadv.c.obj
                0x10008e40                eeprom_data_valid
 .text.cfg_eeprom_rw
                0x10008ef4      0x1b8 src/CMakeFiles/master.dir/functadv.c.obj
                0x10008ef4                cfg_eeprom_rw
 .text.cfg_eeprom_read_full
                0x100090ac       0xd0 src/CMakeFiles/master.dir/functadv.c.obj
                0x100090ac                cfg_eeprom_read_full
 .text.cfg_eeprom_write_default
                0x1000917c       0xf4 src/CMakeFiles/master.dir/functadv.c.obj
                0x1000917c                cfg_eeprom_write_default
 .text.stringtonumber
                0x10009270       0x7c src/CMakeFiles/master.dir/functadv.c.obj
                0x10009270                stringtonumber
 .text.IOBoard_Selftest
                0x100092ec      0x59c src/CMakeFiles/master.dir/functadv.c.obj
                0x100092ec                IOBoard_Selftest
 .text.reserved_addr
                0x10009888       0x16 src/CMakeFiles/master.dir/functadv.c.obj
                0x10009888                reserved_addr
 *fill*         0x1000989e        0x2 
 .text.scan_i2c_bus
                0x100098a0       0xa0 src/CMakeFiles/master.dir/functadv.c.obj
                0x100098a0                scan_i2c_bus
 .text.Boot_check
                0x10009940       0xa0 src/CMakeFiles/master.dir/functadv.c.obj
                0x10009940                Boot_check
 .text.SCPI_Flush
                0x100099e0        0x4 src/CMakeFiles/master.dir/fts_scpi.c.obj
 .text.output_buffer_write
                0x100099e4       0x2c src/CMakeFiles/master.dir/fts_scpi.c.obj
 .text.SCPI_write
                0x10009a10       0xd4 src/CMakeFiles/master.dir/fts_scpi.c.obj
                0x10009a10                SCPI_write
 .text.SCPI_Reset
                0x10009ae4       0x2c src/CMakeFiles/master.dir/fts_scpi.c.obj
                0x10009ae4                SCPI_Reset
 .text.SCPI_Control
                0x10009b10       0x4c src/CMakeFiles/master.dir/fts_scpi.c.obj
 .text.Callback_sync_com_scpi
                0x10009b5c      0x66c src/CMakeFiles/master.dir/fts_scpi.c.obj
 .text.Callback_com_scpi
                0x1000a1c8      0x598 src/CMakeFiles/master.dir/fts_scpi.c.obj
 .text.Callback_eeprom_scpi
                0x1000a760      0x2ec src/CMakeFiles/master.dir/fts_scpi.c.obj
 .text.Callback_analog_scpi
                0x1000aa4c      0x160 src/CMakeFiles/master.dir/fts_scpi.c.obj
 .text.Callback_gpio_scpi
                0x1000abac      0x11c src/CMakeFiles/master.dir/fts_scpi.c.obj
 .text.Callback_Digital_scpi
                0x1000acc8      0x120 src/CMakeFiles/master.dir/fts_scpi.c.obj
 .text.Callback_Relay_all_scpi
                0x1000ade8      0x1a4 src/CMakeFiles/master.dir/fts_scpi.c.obj
 .text.SCPI_CallbackTstQ
                0x1000af8c       0x24 src/CMakeFiles/master.dir/fts_scpi.c.obj
 .text.SCPI_Beep
                0x1000afb0       0x16 src/CMakeFiles/master.dir/fts_scpi.c.obj
                0x1000afb0                SCPI_Beep
 *fill*         0x1000afc6        0x2 
 .text.SCPI_Error
                0x1000afc8       0x48 src/CMakeFiles/master.dir/fts_scpi.c.obj
                0x1000afc8                SCPI_Error
 .text.Callback_system_scpi
                0x1000b010      0x358 src/CMakeFiles/master.dir/fts_scpi.c.obj
 .text.ErrorBeep
                0x1000b368       0x30 src/CMakeFiles/master.dir/fts_scpi.c.obj
                0x1000b368                ErrorBeep
 .text.RegBitHdwrErr
                0x1000b398       0xb0 src/CMakeFiles/master.dir/fts_scpi.c.obj
                0x1000b398                RegBitHdwrErr
 .text.Relay_Chanlst
                0x1000b448      0x13c src/CMakeFiles/master.dir/fts_scpi.c.obj
                0x1000b448                Relay_Chanlst
 .text.Callback_Relay_scpi
                0x1000b584      0x108 src/CMakeFiles/master.dir/fts_scpi.c.obj
 .text.init_scpi
                0x1000b68c       0x60 src/CMakeFiles/master.dir/fts_scpi.c.obj
                0x1000b68c                init_scpi
 .text.scpi_spi_disable
                0x1000b6ec       0x5c src/CMakeFiles/master.dir/scpi_spi.c.obj
                0x1000b6ec                scpi_spi_disable
 .text.scpi_spi_status
                0x1000b748        0xc src/CMakeFiles/master.dir/scpi_spi.c.obj
                0x1000b748                scpi_spi_status
 .text.scpi_spi_set_baudrate
                0x1000b754       0x28 src/CMakeFiles/master.dir/scpi_spi.c.obj
                0x1000b754                scpi_spi_set_baudrate
 .text.scpi_spi_get_baudrate
                0x1000b77c        0xc src/CMakeFiles/master.dir/scpi_spi.c.obj
                0x1000b77c                scpi_spi_get_baudrate
 .text.scpi_spi_set_chipselect
                0x1000b788       0x80 src/CMakeFiles/master.dir/scpi_spi.c.obj
                0x1000b788                scpi_spi_set_chipselect
 .text.scpi_spi_get_chipselect
                0x1000b808        0xc src/CMakeFiles/master.dir/scpi_spi.c.obj
                0x1000b808                scpi_spi_get_chipselect
 .text.scpi_spi_get_databits
                0x1000b814        0xc src/CMakeFiles/master.dir/scpi_spi.c.obj
                0x1000b814                scpi_spi_get_databits
 .text.scpi_spi_set_mode
                0x1000b820       0xf0 src/CMakeFiles/master.dir/scpi_spi.c.obj
                0x1000b820                scpi_spi_set_mode
 .text.scpi_spi_enable
                0x1000b910       0x84 src/CMakeFiles/master.dir/scpi_spi.c.obj
                0x1000b910                scpi_spi_enable
 .text.spi_bytes
                0x1000b994      0x1bc src/CMakeFiles/master.dir/scpi_spi.c.obj
 .text.spi_word
                0x1000bb50      0x1ac src/CMakeFiles/master.dir/scpi_spi.c.obj
 .text.scpi_spi_set_databits
                0x1000bcfc       0x38 src/CMakeFiles/master.dir/scpi_spi.c.obj
                0x1000bcfc                scpi_spi_set_databits
 .text.scpi_spi_get_mode
                0x1000bd34        0xc src/CMakeFiles/master.dir/scpi_spi.c.obj
                0x1000bd34                scpi_spi_get_mode
 .text.scpi_spi_wri_read_data
                0x1000bd40      0x174 src/CMakeFiles/master.dir/scpi_spi.c.obj
                0x1000bd40                scpi_spi_wri_read_data
 .text.scpi_i2c_enable
                0x1000beb4       0x60 src/CMakeFiles/master.dir/scpi_i2c.c.obj
                0x1000beb4                scpi_i2c_enable
 .text.scpi_i2c_disable
                0x1000bf14       0x48 src/CMakeFiles/master.dir/scpi_i2c.c.obj
                0x1000bf14                scpi_i2c_disable
 .text.scpi_i2c_status
                0x1000bf5c        0xc src/CMakeFiles/master.dir/scpi_i2c.c.obj
                0x1000bf5c                scpi_i2c_status
 .text.scpi_i2c_set_address
                0x1000bf68       0x24 src/CMakeFiles/master.dir/scpi_i2c.c.obj
                0x1000bf68                scpi_i2c_set_address
 .text.scpi_i2c_get_address
                0x1000bf8c        0xc src/CMakeFiles/master.dir/scpi_i2c.c.obj
                0x1000bf8c                scpi_i2c_get_address
 .text.scpi_i2c_set_baudrate
                0x1000bf98       0x28 src/CMakeFiles/master.dir/scpi_i2c.c.obj
                0x1000bf98                scpi_i2c_set_baudrate
 .text.scpi_i2c_get_baudrate
                0x1000bfc0        0xc src/CMakeFiles/master.dir/scpi_i2c.c.obj
                0x1000bfc0                scpi_i2c_get_baudrate
 .text.scpi_i2c_set_databits
                0x1000bfcc       0x24 src/CMakeFiles/master.dir/scpi_i2c.c.obj
                0x1000bfcc                scpi_i2c_set_databits
 .text.scpi_i2c_get_databits
                0x1000bff0        0xc src/CMakeFiles/master.dir/scpi_i2c.c.obj
                0x1000bff0                scpi_i2c_get_databits
 .text.scpi_i2c_wri_read_data
                0x1000bffc      0x1a4 src/CMakeFiles/master.dir/scpi_i2c.c.obj
                0x1000bffc                scpi_i2c_wri_read_data
 .text.send_char
                0x1000c1a0       0x70 src/CMakeFiles/master.dir/scpi_uart.c.obj
 .text.receive_char_with_timeout
                0x1000c210       0x58 src/CMakeFiles/master.dir/scpi_uart.c.obj
 .text.clear_receive_fifo
                0x1000c268       0x44 src/CMakeFiles/master.dir/scpi_uart.c.obj
 .text.scpi_uart_enable
                0x1000c2ac       0x98 src/CMakeFiles/master.dir/scpi_uart.c.obj
                0x1000c2ac                scpi_uart_enable
 .text.scpi_uart_disable
                0x1000c344       0x70 src/CMakeFiles/master.dir/scpi_uart.c.obj
                0x1000c344                scpi_uart_disable
 .text.scpi_uart_status
                0x1000c3b4        0xc src/CMakeFiles/master.dir/scpi_uart.c.obj
                0x1000c3b4                scpi_uart_status
 .text.scpi_uart_set_baudrate
                0x1000c3c0       0x18 src/CMakeFiles/master.dir/scpi_uart.c.obj
                0x1000c3c0                scpi_uart_set_baudrate
 .text.scpi_uart_get_baudrate
                0x1000c3d8        0xc src/CMakeFiles/master.dir/scpi_uart.c.obj
                0x1000c3d8                scpi_uart_get_baudrate
 .text.scpi_uart_set_timeout
                0x1000c3e4        0xc src/CMakeFiles/master.dir/scpi_uart.c.obj
                0x1000c3e4                scpi_uart_set_timeout
 .text.scpi_uart_get_timeout
                0x1000c3f0        0xc src/CMakeFiles/master.dir/scpi_uart.c.obj
                0x1000c3f0                scpi_uart_get_timeout
 .text.scpi_uart_set_handshake
                0x1000c3fc       0x68 src/CMakeFiles/master.dir/scpi_uart.c.obj
                0x1000c3fc                scpi_uart_set_handshake
 .text.scpi_uart_get_handshake
                0x1000c464        0xc src/CMakeFiles/master.dir/scpi_uart.c.obj
                0x1000c464                scpi_uart_get_handshake
 .text.scpi_uart_set_protocol
                0x1000c470      0x108 src/CMakeFiles/master.dir/scpi_uart.c.obj
                0x1000c470                scpi_uart_set_protocol
 .text.scpi_uart_get_protocol
                0x1000c578       0x4c src/CMakeFiles/master.dir/scpi_uart.c.obj
                0x1000c578                scpi_uart_get_protocol
 .text.scpi_uart_write_data
                0x1000c5c4       0x6c src/CMakeFiles/master.dir/scpi_uart.c.obj
                0x1000c5c4                scpi_uart_write_data
 .text.scpi_uart_write_read_data
                0x1000c630      0x1c8 src/CMakeFiles/master.dir/scpi_uart.c.obj
                0x1000c630                scpi_uart_write_read_data
 .text.gpio_set_function
                0x1000c7f8       0x34 src/CMakeFiles/master.dir/home/pi/pico/pico-sdk/src/rp2_common/hardware_gpio/gpio.c.obj
                0x1000c7f8                gpio_set_function
 .text.gpio_set_pulls
                0x1000c82c       0x38 src/CMakeFiles/master.dir/home/pi/pico/pico-sdk/src/rp2_common/hardware_gpio/gpio.c.obj
                0x1000c82c                gpio_set_pulls
 .text.gpio_init
                0x1000c864       0x16 src/CMakeFiles/master.dir/home/pi/pico/pico-sdk/src/rp2_common/hardware_gpio/gpio.c.obj
                0x1000c864                gpio_init
 .text.gpio_init_mask
                0x1000c87a       0x1e src/CMakeFiles/master.dir/home/pi/pico/pico-sdk/src/rp2_common/hardware_gpio/gpio.c.obj
                0x1000c87a                gpio_init_mask
 .text.rp2040_chip_version
                0x1000c898       0x4c src/CMakeFiles/master.dir/home/pi/pico/pico-sdk/src/rp2040/pico_platform/platform.c.obj
                0x1000c898                rp2040_chip_version
 .text.panic    0x1000c8e4       0x30 src/CMakeFiles/master.dir/home/pi/pico/pico-sdk/src/rp2_common/pico_platform_panic/panic.c.obj
                0x1000c8e4                panic
 .text.hw_claim_lock
                0x1000c914       0x18 src/CMakeFiles/master.dir/home/pi/pico/pico-sdk/src/common/hardware_claim/claim.c.obj
                0x1000c914                hw_claim_lock
 .text.hw_claim_unlock
                0x1000c92c       0x14 src/CMakeFiles/master.dir/home/pi/pico/pico-sdk/src/common/hardware_claim/claim.c.obj
                0x1000c92c                hw_claim_unlock
 .text.hw_claim_or_assert
                0x1000c940       0x32 src/CMakeFiles/master.dir/home/pi/pico/pico-sdk/src/common/hardware_claim/claim.c.obj
                0x1000c940                hw_claim_or_assert
 .text.hw_claim_unused_from_range
                0x1000c972       0x50 src/CMakeFiles/master.dir/home/pi/pico/pico-sdk/src/common/hardware_claim/claim.c.obj
                0x1000c972                hw_claim_unused_from_range
 *fill*         0x1000c9c2        0x2 
 .text.next_striped_spin_lock_num
                0x1000c9c4       0x1c src/CMakeFiles/master.dir/home/pi/pico/pico-sdk/src/rp2_common/hardware_sync/sync.c.obj
                0x1000c9c4                next_striped_spin_lock_num
 .text.spin_lock_claim_unused
                0x1000c9e0       0x20 src/CMakeFiles/master.dir/home/pi/pico/pico-sdk/src/rp2_common/hardware_sync/sync.c.obj
                0x1000c9e0                spin_lock_claim_unused
 .text.spin_locks_reset
                0x1000ca00       0x20 src/CMakeFiles/master.dir/home/pi/pico/pico-sdk/src/rp2_common/hardware_sync_spin_lock/sync_spin_lock.c.obj
                0x1000ca00                spin_locks_reset
 .text.set_raw_irq_handler_and_unlock
                0x1000ca20       0x28 src/CMakeFiles/master.dir/home/pi/pico/pico-sdk/src/rp2_common/hardware_irq/irq.c.obj
 .text.nvic_ipr0
                0x1000ca48        0x8 src/CMakeFiles/master.dir/home/pi/pico/pico-sdk/src/rp2_common/hardware_irq/irq.c.obj
 .text.runtime_init_per_core_irq_priorities
                0x1000ca50       0x1c src/CMakeFiles/master.dir/home/pi/pico/pico-sdk/src/rp2_common/hardware_irq/irq.c.obj
                0x1000ca50                runtime_init_per_core_irq_priorities
 .text.make_j_16
                0x1000ca6c       0x4c src/CMakeFiles/master.dir/home/pi/pico/pico-sdk/src/rp2_common/hardware_irq/irq.c.obj
 .text.irq_is_enabled
                0x1000cab8       0x18 src/CMakeFiles/master.dir/home/pi/pico/pico-sdk/src/rp2_common/hardware_irq/irq.c.obj
                0x1000cab8                irq_is_enabled
 .text.irq_set_mask_n_enabled
                0x1000cad0       0x1c src/CMakeFiles/master.dir/home/pi/pico/pico-sdk/src/rp2_common/hardware_irq/irq.c.obj
                0x1000cad0                irq_set_mask_n_enabled
 .text.irq_set_enabled
                0x1000caec       0x14 src/CMakeFiles/master.dir/home/pi/pico/pico-sdk/src/rp2_common/hardware_irq/irq.c.obj
                0x1000caec                irq_set_enabled
 .text.irq_set_pending
                0x1000cb00       0x10 src/CMakeFiles/master.dir/home/pi/pico/pico-sdk/src/rp2_common/hardware_irq/irq.c.obj
                0x1000cb00                irq_set_pending
 .text.irq_get_vtable_handler
                0x1000cb10       0x10 src/CMakeFiles/master.dir/home/pi/pico/pico-sdk/src/rp2_common/hardware_irq/irq.c.obj
                0x1000cb10                irq_get_vtable_handler
 .text.irq_has_shared_handler
                0x1000cb20       0x24 src/CMakeFiles/master.dir/home/pi/pico/pico-sdk/src/rp2_common/hardware_irq/irq.c.obj
                0x1000cb20                irq_has_shared_handler
 .text.irq_set_exclusive_handler
                0x1000cb44       0x54 src/CMakeFiles/master.dir/home/pi/pico/pico-sdk/src/rp2_common/hardware_irq/irq.c.obj
                0x1000cb44                irq_set_exclusive_handler
 .text.irq_add_shared_handler
                0x1000cb98      0x234 src/CMakeFiles/master.dir/home/pi/pico/pico-sdk/src/rp2_common/hardware_irq/irq.c.obj
                0x1000cb98                irq_add_shared_handler
 .text.irq_add_tail_to_free_list
                0x1000cdcc       0xf4 src/CMakeFiles/master.dir/home/pi/pico/pico-sdk/src/rp2_common/hardware_irq/irq.c.obj
                0x1000cdcc                irq_add_tail_to_free_list
 .text.user_irq_claim_unused
                0x1000cec0       0x28 src/CMakeFiles/master.dir/home/pi/pico/pico-sdk/src/rp2_common/hardware_irq/irq.c.obj
                0x1000cec0                user_irq_claim_unused
 .text.lock_init
                0x1000cee8       0x10 src/CMakeFiles/master.dir/home/pi/pico/pico-sdk/src/common/pico_sync/lock_core.c.obj
                0x1000cee8                lock_init
 .text.mutex_init
                0x1000cef8       0x1a src/CMakeFiles/master.dir/home/pi/pico/pico-sdk/src/common/pico_sync/mutex.c.obj
                0x1000cef8                mutex_init
 .text.recursive_mutex_init
                0x1000cf12       0x1e src/CMakeFiles/master.dir/home/pi/pico/pico-sdk/src/common/pico_sync/mutex.c.obj
                0x1000cf12                recursive_mutex_init
 .text.runtime_init_mutex
                0x1000cf30       0x4c src/CMakeFiles/master.dir/home/pi/pico/pico-sdk/src/common/pico_sync/mutex.c.obj
                0x1000cf30                runtime_init_mutex
 .text.critical_section_init_with_lock_num
                0x1000cf7c       0x14 src/CMakeFiles/master.dir/home/pi/pico/pico-sdk/src/common/pico_sync/critical_section.c.obj
                0x1000cf7c                critical_section_init_with_lock_num
 .text.critical_section_init
                0x1000cf90       0x14 src/CMakeFiles/master.dir/home/pi/pico/pico-sdk/src/common/pico_sync/critical_section.c.obj
                0x1000cf90                critical_section_init
 .text.make_alarm_id
                0x1000cfa4        0x6 src/CMakeFiles/master.dir/home/pi/pico/pico-sdk/src/common/pico_time/time.c.obj
 *fill*         0x1000cfaa        0x2 
 .text.sleep_until_callback
                0x1000cfac       0x30 src/CMakeFiles/master.dir/home/pi/pico/pico-sdk/src/common/pico_time/time.c.obj
 .text.alarm_pool_irq_handler
                0x1000cfdc      0x2e8 src/CMakeFiles/master.dir/home/pi/pico/pico-sdk/src/common/pico_time/time.c.obj
 .text.alarm_pool_post_alloc_init
                0x1000d2c4       0x80 src/CMakeFiles/master.dir/home/pi/pico/pico-sdk/src/common/pico_time/time.c.obj
 .text.alarm_pool_get_default
                0x1000d344       0x2c src/CMakeFiles/master.dir/home/pi/pico/pico-sdk/src/common/pico_time/time.c.obj
                0x1000d344                alarm_pool_get_default
 .text.alarm_pool_add_alarm_at_force_in_context
                0x1000d370       0xa8 src/CMakeFiles/master.dir/home/pi/pico/pico-sdk/src/common/pico_time/time.c.obj
                0x1000d370                alarm_pool_add_alarm_at_force_in_context
 .text.alarm_pool_add_alarm_at
                0x1000d418       0x3c src/CMakeFiles/master.dir/home/pi/pico/pico-sdk/src/common/pico_time/time.c.obj
                0x1000d418                alarm_pool_add_alarm_at
 .text.alarm_pool_cancel_alarm
                0x1000d454       0x78 src/CMakeFiles/master.dir/home/pi/pico/pico-sdk/src/common/pico_time/time.c.obj
                0x1000d454                alarm_pool_cancel_alarm
 .text.alarm_pool_core_num
                0x1000d4cc        0x4 src/CMakeFiles/master.dir/home/pi/pico/pico-sdk/src/common/pico_time/time.c.obj
                0x1000d4cc                alarm_pool_core_num
 .text.sleep_until
                0x1000d4d0       0xc8 src/CMakeFiles/master.dir/home/pi/pico/pico-sdk/src/common/pico_time/time.c.obj
                0x1000d4d0                sleep_until
 .text.sleep_us
                0x1000d598       0x24 src/CMakeFiles/master.dir/home/pi/pico/pico-sdk/src/common/pico_time/time.c.obj
                0x1000d598                sleep_us
 .text.sleep_ms
                0x1000d5bc       0x14 src/CMakeFiles/master.dir/home/pi/pico/pico-sdk/src/common/pico_time/time.c.obj
                0x1000d5bc                sleep_ms
 .text.best_effort_wfe_or_timeout
                0x1000d5d0       0xd8 src/CMakeFiles/master.dir/home/pi/pico/pico-sdk/src/common/pico_time/time.c.obj
                0x1000d5d0                best_effort_wfe_or_timeout
 .text.alarm_pool_get_default_timer
                0x1000d6a8        0x8 src/CMakeFiles/master.dir/home/pi/pico/pico-sdk/src/common/pico_time/time.c.obj
                0x1000d6a8                alarm_pool_get_default_timer
 .text.runtime_init_default_alarm_pool
                0x1000d6b0       0x38 src/CMakeFiles/master.dir/home/pi/pico/pico-sdk/src/common/pico_time/time.c.obj
                0x1000d6b0                runtime_init_default_alarm_pool
 .text.check_single_timeout_us
                0x1000d6e8       0x2c src/CMakeFiles/master.dir/home/pi/pico/pico-sdk/src/common/pico_time/timeout_helper.c.obj
 .text.init_single_timeout_until
                0x1000d714        0xc src/CMakeFiles/master.dir/home/pi/pico/pico-sdk/src/common/pico_time/timeout_helper.c.obj
                0x1000d714                init_single_timeout_until
 .text.timer_hardware_alarm_claim
                0x1000d720       0x14 src/CMakeFiles/master.dir/home/pi/pico/pico-sdk/src/rp2_common/hardware_timer/timer.c.obj
                0x1000d720                timer_hardware_alarm_claim
 .text.timer_time_us_64
                0x1000d734       0x12 src/CMakeFiles/master.dir/home/pi/pico/pico-sdk/src/rp2_common/hardware_timer/timer.c.obj
                0x1000d734                timer_time_us_64
 .text.timer_busy_wait_until
                0x1000d746       0x18 src/CMakeFiles/master.dir/home/pi/pico/pico-sdk/src/rp2_common/hardware_timer/timer.c.obj
                0x1000d746                timer_busy_wait_until
 .text.timer_busy_wait_us
                0x1000d75e       0x2c src/CMakeFiles/master.dir/home/pi/pico/pico-sdk/src/rp2_common/hardware_timer/timer.c.obj
                0x1000d75e                timer_busy_wait_us
 *fill*         0x1000d78a        0x2 
 .text.time_us_64
                0x1000d78c       0x10 src/CMakeFiles/master.dir/home/pi/pico/pico-sdk/src/rp2_common/hardware_timer/timer.c.obj
                0x1000d78c                time_us_64
 .text.busy_wait_us
                0x1000d79c       0x14 src/CMakeFiles/master.dir/home/pi/pico/pico-sdk/src/rp2_common/hardware_timer/timer.c.obj
                0x1000d79c                busy_wait_us
 .text.busy_wait_until
                0x1000d7b0       0x14 src/CMakeFiles/master.dir/home/pi/pico/pico-sdk/src/rp2_common/hardware_timer/timer.c.obj
                0x1000d7b0                busy_wait_until
 .text.uart_disable_before_lcr_write
                0x1000d7c4       0x48 src/CMakeFiles/master.dir/home/pi/pico/pico-sdk/src/rp2_common/hardware_uart/uart.c.obj
 .text.uart_write_lcr_bits_masked
                0x1000d80c       0x20 src/CMakeFiles/master.dir/home/pi/pico/pico-sdk/src/rp2_common/hardware_uart/uart.c.obj
 .text.uart_deinit
                0x1000d82c       0x20 src/CMakeFiles/master.dir/home/pi/pico/pico-sdk/src/rp2_common/hardware_uart/uart.c.obj
                0x1000d82c                uart_deinit
 .text.uart_set_baudrate
                0x1000d84c       0x5c src/CMakeFiles/master.dir/home/pi/pico/pico-sdk/src/rp2_common/hardware_uart/uart.c.obj
                0x1000d84c                uart_set_baudrate
 .text.uart_set_format
                0x1000d8a8       0x2c src/CMakeFiles/master.dir/home/pi/pico/pico-sdk/src/rp2_common/hardware_uart/uart.c.obj
                0x1000d8a8                uart_set_format
 .text.uart_set_fifo_enabled
                0x1000d8d4       0x10 src/CMakeFiles/master.dir/home/pi/pico/pico-sdk/src/rp2_common/hardware_uart/uart.c.obj
                0x1000d8d4                uart_set_fifo_enabled
 .text.uart_set_translate_crlf
                0x1000d8e4       0x28 src/CMakeFiles/master.dir/home/pi/pico/pico-sdk/src/rp2_common/hardware_uart/uart.c.obj
                0x1000d8e4                uart_set_translate_crlf
 .text.uart_init
                0x1000d90c       0x74 src/CMakeFiles/master.dir/home/pi/pico/pico-sdk/src/rp2_common/hardware_uart/uart.c.obj
                0x1000d90c                uart_init
 .text.clock_configure_internal
                0x1000d980       0xc0 src/CMakeFiles/master.dir/home/pi/pico/pico-sdk/src/rp2_common/hardware_clocks/clocks.c.obj
 .text.clock_configure_int_divider
                0x1000da40       0x28 src/CMakeFiles/master.dir/home/pi/pico/pico-sdk/src/rp2_common/hardware_clocks/clocks.c.obj
                0x1000da40                clock_configure_int_divider
 .text.clock_configure_undivided
                0x1000da68       0x12 src/CMakeFiles/master.dir/home/pi/pico/pico-sdk/src/rp2_common/hardware_clocks/clocks.c.obj
                0x1000da68                clock_configure_undivided
 *fill*         0x1000da7a        0x2 
 .text.clock_get_hz
                0x1000da7c        0xc src/CMakeFiles/master.dir/home/pi/pico/pico-sdk/src/rp2_common/hardware_clocks/clocks.c.obj
                0x1000da7c                clock_get_hz
 .text.pll_init
                0x1000da88      0x120 src/CMakeFiles/master.dir/home/pi/pico/pico-sdk/src/rp2_common/hardware_pll/pll.c.obj
                0x1000da88                pll_init
 .text.watchdog_update
                0x1000dba8       0x14 src/CMakeFiles/master.dir/home/pi/pico/pico-sdk/src/rp2_common/hardware_watchdog/watchdog.c.obj
                0x1000dba8                watchdog_update
 .text._watchdog_enable
                0x1000dbbc       0x74 src/CMakeFiles/master.dir/home/pi/pico/pico-sdk/src/rp2_common/hardware_watchdog/watchdog.c.obj
                0x1000dbbc                _watchdog_enable
 .text.watchdog_enable
                0x1000dc30       0x18 src/CMakeFiles/master.dir/home/pi/pico/pico-sdk/src/rp2_common/hardware_watchdog/watchdog.c.obj
                0x1000dc30                watchdog_enable
 .text.watchdog_reboot
                0x1000dc48       0x44 src/CMakeFiles/master.dir/home/pi/pico/pico-sdk/src/rp2_common/hardware_watchdog/watchdog.c.obj
                0x1000dc48                watchdog_reboot
 .text.watchdog_caused_reboot
                0x1000dc8c       0x10 src/CMakeFiles/master.dir/home/pi/pico/pico-sdk/src/rp2_common/hardware_watchdog/watchdog.c.obj
                0x1000dc8c                watchdog_caused_reboot
 .text.tick_start
                0x1000dc9c       0x10 src/CMakeFiles/master.dir/home/pi/pico/pico-sdk/src/rp2_common/hardware_ticks/ticks.c.obj
                0x1000dc9c                tick_start
 .text.xosc_init
                0x1000dcac       0x28 src/CMakeFiles/master.dir/home/pi/pico/pico-sdk/src/rp2_common/hardware_xosc/xosc.c.obj
                0x1000dcac                xosc_init
 .text.runtime_run_initializers_from
                0x1000dcd4       0x18 src/CMakeFiles/master.dir/home/pi/pico/pico-sdk/src/rp2_common/pico_runtime/runtime.c.obj
 .text.first_per_core_initializer
                0x1000dcec        0x2 src/CMakeFiles/master.dir/home/pi/pico/pico-sdk/src/rp2_common/pico_runtime/runtime.c.obj
 *fill*         0x1000dcee        0x2 
 .text.runtime_run_initializers
                0x1000dcf0       0x10 src/CMakeFiles/master.dir/home/pi/pico/pico-sdk/src/rp2_common/pico_runtime/runtime.c.obj
                0x1000dcf0                runtime_run_initializers
 .text.runtime_init_early_resets
                0x1000dd00       0x2c src/CMakeFiles/master.dir/home/pi/pico/pico-sdk/src/rp2_common/pico_runtime_init/runtime_init.c.obj
                0x1000dd00                runtime_init_early_resets
 .text.runtime_init_usb_power_down
                0x1000dd2c       0x1c src/CMakeFiles/master.dir/home/pi/pico/pico-sdk/src/rp2_common/pico_runtime_init/runtime_init.c.obj
                0x1000dd2c                runtime_init_usb_power_down
 .text.runtime_init_post_clock_resets
                0x1000dd48       0x20 src/CMakeFiles/master.dir/home/pi/pico/pico-sdk/src/rp2_common/pico_runtime_init/runtime_init.c.obj
                0x1000dd48                runtime_init_post_clock_resets
 .text.runtime_init_rp2040_gpio_ie_disable
                0x1000dd68       0x14 src/CMakeFiles/master.dir/home/pi/pico/pico-sdk/src/rp2_common/pico_runtime_init/runtime_init.c.obj
                0x1000dd68                runtime_init_rp2040_gpio_ie_disable
 .text.runtime_init_spin_locks_reset
                0x1000dd7c        0x8 src/CMakeFiles/master.dir/home/pi/pico/pico-sdk/src/rp2_common/pico_runtime_init/runtime_init.c.obj
                0x1000dd7c                runtime_init_spin_locks_reset
 .text.runtime_init_install_ram_vector_table
                0x1000dd84       0x1c src/CMakeFiles/master.dir/home/pi/pico/pico-sdk/src/rp2_common/pico_runtime_init/runtime_init.c.obj
                0x1000dd84                runtime_init_install_ram_vector_table
 .text.start_all_ticks
                0x1000dda0       0x28 src/CMakeFiles/master.dir/home/pi/pico/pico-sdk/src/rp2_common/pico_runtime_init/runtime_init_clocks.c.obj
 .text.runtime_init_clocks
                0x1000ddc8       0xcc src/CMakeFiles/master.dir/home/pi/pico/pico-sdk/src/rp2_common/pico_runtime_init/runtime_init_clocks.c.obj
                0x1000ddc8                runtime_init_clocks
 .text          0x1000de94       0x10 src/CMakeFiles/master.dir/home/pi/pico/pico-sdk/src/rp2_common/pico_bit_ops/bit_ops_aeabi.S.obj
 .text.rom_func_lookup
                0x1000dea4       0x10 src/CMakeFiles/master.dir/home/pi/pico/pico-sdk/src/rp2_common/pico_bootrom/bootrom.c.obj
                0x1000dea4                rom_func_lookup
 .text.rom_data_lookup
                0x1000deb4       0x10 src/CMakeFiles/master.dir/home/pi/pico/pico-sdk/src/rp2_common/pico_bootrom/bootrom.c.obj
                0x1000deb4                rom_data_lookup
 .text.rom_funcs_lookup
                0x1000dec4       0x36 src/CMakeFiles/master.dir/home/pi/pico/pico-sdk/src/rp2_common/pico_bootrom/bootrom.c.obj
                0x1000dec4                rom_funcs_lookup
 *fill*         0x1000defa        0x2 
 .text.rom_reset_usb_boot
                0x1000defc       0x18 src/CMakeFiles/master.dir/home/pi/pico/pico-sdk/src/rp2_common/pico_bootrom/bootrom.c.obj
                0x1000defc                rom_reset_usb_boot
 .text.__wrap___aeabi_idiv
                0x1000df14       0x50 src/CMakeFiles/master.dir/home/pi/pico/pico-sdk/src/rp2_common/pico_divider/divider_hardware.S.obj
                0x1000df14                __wrap___aeabi_idivmod
                0x1000df14                divmod_s32s32
                0x1000df14                div_s32s32
                0x1000df14                __wrap___aeabi_idiv
                0x1000df1c                divmod_s32s32_unsafe
                0x1000df48                divmod_s32s32_savestate
 .text.__wrap___aeabi_uidiv
                0x1000df64       0x4c src/CMakeFiles/master.dir/home/pi/pico/pico-sdk/src/rp2_common/pico_divider/divider_hardware.S.obj
                0x1000df64                __wrap___aeabi_uidiv
                0x1000df64                __wrap___aeabi_uidivmod
                0x1000df64                div_u32u32
                0x1000df64                divmod_u32u32
                0x1000df6c                divmod_u32u32_unsafe
                0x1000df94                divmod_u32u32_savestate
 .text.__wrap___aeabi_ldiv
                0x1000dfb0      0x424 src/CMakeFiles/master.dir/home/pi/pico/pico-sdk/src/rp2_common/pico_divider/divider_hardware.S.obj
                0x1000dfb0                div_s64s64
                0x1000dfb0                divmod_s64s64
                0x1000dfb0                __wrap___aeabi_ldivmod
                0x1000dfe0                div_u64u64
                0x1000dfe0                divmod_u64u64
                0x1000dfe0                __wrap___aeabi_uldivmod
                0x1000dff0                divmod_u64u64_savestate
                0x1000e010                divmod_s64s64_unsafe
                0x1000e098                divmod_u64u64_unsafe
 .text.__wrap___aeabi_darithmetic
                0x1000e3d4       0x80 src/CMakeFiles/master.dir/home/pi/pico/pico-sdk/src/rp2_common/pico_double/double_aeabi_rp2040.S.obj
                0x1000e3d4                __wrap___aeabi_drsub
                0x1000e3da                __wrap___aeabi_dsub
                0x1000e3ec                __wrap___aeabi_dadd
                0x1000e3fe                __wrap___aeabi_ddiv
                0x1000e43a                __wrap___aeabi_dmul
 .text.__wrap___aeabi_cdcmple
                0x1000e454       0x6c src/CMakeFiles/master.dir/home/pi/pico/pico-sdk/src/rp2_common/pico_double/double_aeabi_rp2040.S.obj
                0x1000e454                __wrap___aeabi_cdrcmple
                0x1000e464                __wrap___aeabi_cdcmple
                0x1000e464                __wrap___aeabi_cdcmpeq
 .text.__wrap___aeabi_dcmpeq
                0x1000e4c0       0x10 src/CMakeFiles/master.dir/home/pi/pico/pico-sdk/src/rp2_common/pico_double/double_aeabi_rp2040.S.obj
                0x1000e4c0                __wrap___aeabi_dcmpeq
 .text.__wrap___aeabi_dcmplt
                0x1000e4d0        0xc src/CMakeFiles/master.dir/home/pi/pico/pico-sdk/src/rp2_common/pico_double/double_aeabi_rp2040.S.obj
                0x1000e4d0                __wrap___aeabi_dcmplt
 .text.__wrap___aeabi_dcmple
                0x1000e4dc       0x10 src/CMakeFiles/master.dir/home/pi/pico/pico-sdk/src/rp2_common/pico_double/double_aeabi_rp2040.S.obj
                0x1000e4dc                __wrap___aeabi_dcmple
 .text.__wrap___aeabi_dcmpge
                0x1000e4ec       0x10 src/CMakeFiles/master.dir/home/pi/pico/pico-sdk/src/rp2_common/pico_double/double_aeabi_rp2040.S.obj
                0x1000e4ec                __wrap___aeabi_dcmpge
 .text.__wrap___aeabi_dcmpgt
                0x1000e4fc        0xa src/CMakeFiles/master.dir/home/pi/pico/pico-sdk/src/rp2_common/pico_double/double_aeabi_rp2040.S.obj
                0x1000e4fc                __wrap___aeabi_dcmpgt
 .text.__wrap___aeabi_dcmpun
                0x1000e506       0x18 src/CMakeFiles/master.dir/home/pi/pico/pico-sdk/src/rp2_common/pico_double/double_aeabi_rp2040.S.obj
                0x1000e506                __wrap___aeabi_dcmpun
 *fill*         0x1000e51e        0x2 
 .text.__wrap___aeabi_i2d
                0x1000e520       0x38 src/CMakeFiles/master.dir/home/pi/pico/pico-sdk/src/rp2_common/pico_double/double_aeabi_rp2040.S.obj
                0x1000e520                __wrap___aeabi_ui2d
                0x1000e528                __wrap___aeabi_i2d
 .text.__wrap___aeabi_d2iz
                0x1000e558       0x48 src/CMakeFiles/master.dir/home/pi/pico/pico-sdk/src/rp2_common/pico_double/double_aeabi_rp2040.S.obj
                0x1000e558                __wrap___aeabi_d2iz
                0x1000e558                double2int_z
 .text.__wrap___aeabi_d2uiz
                0x1000e5a0       0x18 src/CMakeFiles/master.dir/home/pi/pico/pico-sdk/src/rp2_common/pico_double/double_aeabi_rp2040.S.obj
                0x1000e5a0                double2uint
                0x1000e5a0                __wrap___aeabi_d2uiz
 .text.__wrap___aeabi_l2d
                0x1000e5b8       0x18 src/CMakeFiles/master.dir/home/pi/pico/pico-sdk/src/rp2_common/pico_double/double_aeabi_rp2040.S.obj
                0x1000e5b8                __wrap___aeabi_l2d
 .text.__wrap___aeabi_ul2d
                0x1000e5d0       0x18 src/CMakeFiles/master.dir/home/pi/pico/pico-sdk/src/rp2_common/pico_double/double_aeabi_rp2040.S.obj
                0x1000e5d0                __wrap___aeabi_ul2d
 .text.__wrap___aeabi_d2lz
                0x1000e5e8       0x26 src/CMakeFiles/master.dir/home/pi/pico/pico-sdk/src/rp2_common/pico_double/double_aeabi_rp2040.S.obj
                0x1000e5e8                __wrap___aeabi_d2lz
                0x1000e5e8                double2int64_z
 *fill*         0x1000e60e        0x2 
 .text.double2int64
                0x1000e610       0x18 src/CMakeFiles/master.dir/home/pi/pico/pico-sdk/src/rp2_common/pico_double/double_aeabi_rp2040.S.obj
                0x1000e610                double2int64
 .text.double2ufix64
                0x1000e628       0x18 src/CMakeFiles/master.dir/home/pi/pico/pico-sdk/src/rp2_common/pico_double/double_aeabi_rp2040.S.obj
                0x1000e628                double2ufix64
 .text.__wrap___aeabi_d2f
                0x1000e640       0x18 src/CMakeFiles/master.dir/home/pi/pico/pico-sdk/src/rp2_common/pico_double/double_aeabi_rp2040.S.obj
                0x1000e640                __wrap___aeabi_d2f
 .text.__aeabi_double_init
                0x1000e658       0xc8 src/CMakeFiles/master.dir/home/pi/pico/pico-sdk/src/rp2_common/pico_double/double_init_rom_rp2040.c.obj
                0x1000e658                __aeabi_double_init
 .text.double_table_shim_on_use_helper
                0x1000e720       0x34 src/CMakeFiles/master.dir/home/pi/pico/pico-sdk/src/rp2_common/pico_double/double_v1_rom_shim_rp2040.S.obj
                0x1000e720                double_table_shim_on_use_helper
 .text.__wrap___aeabi_dsub
                0x1000e754       0x10 src/CMakeFiles/master.dir/home/pi/pico/pico-sdk/src/rp2_common/pico_double/double_v1_rom_shim_rp2040.S.obj
                0x1000e754                drsub_shim
                0x1000e75a                dsub_shim
 .text.dadd_shim
                0x1000e764      0x15c src/CMakeFiles/master.dir/home/pi/pico/pico-sdk/src/rp2_common/pico_double/double_v1_rom_shim_rp2040.S.obj
                0x1000e764                dadd_shim
 .text.dmul_shim
                0x1000e8c0      0x15c src/CMakeFiles/master.dir/home/pi/pico/pico-sdk/src/rp2_common/pico_double/double_v1_rom_shim_rp2040.S.obj
                0x1000e8c0                dmul_shim
 .text.ddiv_shim
                0x1000ea1c      0x1b0 src/CMakeFiles/master.dir/home/pi/pico/pico-sdk/src/rp2_common/pico_double/double_v1_rom_shim_rp2040.S.obj
                0x1000ea1c                ddiv_shim
 .text.double2uint_shim
                0x1000ebcc        0xe src/CMakeFiles/master.dir/home/pi/pico/pico-sdk/src/rp2_common/pico_double/double_v1_rom_shim_rp2040.S.obj
                0x1000ebcc                double2uint_shim
                0x1000ebce                double2ufix_shim
 .text.double2int64_shim
                0x1000ebda       0x1a src/CMakeFiles/master.dir/home/pi/pico/pico-sdk/src/rp2_common/pico_double/double_v1_rom_shim_rp2040.S.obj
                0x1000ebda                double2int64_shim
                0x1000ebdc                double2fix64_shim
 .text.double2uint64_shim
                0x1000ebf4       0x70 src/CMakeFiles/master.dir/home/pi/pico/pico-sdk/src/rp2_common/pico_double/double_v1_rom_shim_rp2040.S.obj
                0x1000ebf4                double2uint64_shim
                0x1000ebf6                double2ufix64_shim
                0x1000ec16                d2fix_a
 .text.double2float_shim
                0x1000ec64       0x5c src/CMakeFiles/master.dir/home/pi/pico/pico-sdk/src/rp2_common/pico_double/double_v1_rom_shim_rp2040.S.obj
                0x1000ec64                double2float_shim
 .text.x2double_shims
                0x1000ecc0       0x90 src/CMakeFiles/master.dir/home/pi/pico/pico-sdk/src/rp2_common/pico_double/double_v1_rom_shim_rp2040.S.obj
                0x1000ecc0                uint2double_shim
                0x1000ecc2                ufix2double_shim
                0x1000ecc8                int2double_shim
                0x1000ecca                fix2double_shim
                0x1000ecd0                uint642double_shim
                0x1000ecd2                ufix642double_shim
                0x1000ecd8                int642double_shim
                0x1000ecda                fix642double_shim
 .text.dunpacks
                0x1000ed50       0x3c src/CMakeFiles/master.dir/home/pi/pico/pico-sdk/src/rp2_common/pico_double/double_v1_rom_shim_rp2040.S.obj
                0x1000ed50                dunpacks
 .text.__aeabi_lmul
                0x1000ed8c       0x32 src/CMakeFiles/master.dir/home/pi/pico/pico-sdk/src/rp2_common/pico_int64_ops/pico_int64_ops_aeabi.S.obj
                0x1000ed8c                __wrap___aeabi_lmul
 *fill*         0x1000edbe        0x2 
 .text.__wrap___aeabi_farithmetic
                0x1000edc0       0x58 src/CMakeFiles/master.dir/home/pi/pico/pico-sdk/src/rp2_common/pico_float/float_aeabi_rp2040.S.obj
                0x1000edc0                __wrap___aeabi_frsub
                0x1000edc6                __wrap___aeabi_fsub
                0x1000edd0                __wrap___aeabi_fadd
                0x1000edda                __wrap___aeabi_fdiv
                0x1000ee06                __wrap___aeabi_fmul
 .text.__wrap___aeabi_cfcmple
                0x1000ee18       0x50 src/CMakeFiles/master.dir/home/pi/pico/pico-sdk/src/rp2_common/pico_float/float_aeabi_rp2040.S.obj
                0x1000ee18                __wrap___aeabi_cfrcmple
                0x1000ee24                __wrap___aeabi_cfcmpeq
                0x1000ee24                __wrap___aeabi_cfcmple
 .text.__wrap___aeabi_fcmplt
                0x1000ee68        0xc src/CMakeFiles/master.dir/home/pi/pico/pico-sdk/src/rp2_common/pico_float/float_aeabi_rp2040.S.obj
                0x1000ee68                __wrap___aeabi_fcmplt
 .text.__wrap___aeabi_fcmple
                0x1000ee74       0x10 src/CMakeFiles/master.dir/home/pi/pico/pico-sdk/src/rp2_common/pico_float/float_aeabi_rp2040.S.obj
                0x1000ee74                __wrap___aeabi_fcmple
 .text.__wrap___aeabi_fcmpgt
                0x1000ee84        0xa src/CMakeFiles/master.dir/home/pi/pico/pico-sdk/src/rp2_common/pico_float/float_aeabi_rp2040.S.obj
                0x1000ee84                __wrap___aeabi_fcmpgt
 .text.__wrap___aeabi_fcmpun
                0x1000ee8e       0x18 src/CMakeFiles/master.dir/home/pi/pico/pico-sdk/src/rp2_common/pico_float/float_aeabi_rp2040.S.obj
                0x1000ee8e                __wrap___aeabi_fcmpun
 .text.__wrap___aeabi_ui2f
                0x1000eea6        0xa src/CMakeFiles/master.dir/home/pi/pico/pico-sdk/src/rp2_common/pico_float/float_aeabi_rp2040.S.obj
                0x1000eea6                uint2float
                0x1000eea6                __wrap___aeabi_ui2f
 .text.__wrap___aeabi_i2f
                0x1000eeb0       0x44 src/CMakeFiles/master.dir/home/pi/pico/pico-sdk/src/rp2_common/pico_float/float_aeabi_rp2040.S.obj
                0x1000eeb0                int2float
                0x1000eeb0                __wrap___aeabi_i2f
 .text.__wrap___aeabi_f2uiz
                0x1000eef4       0x10 src/CMakeFiles/master.dir/home/pi/pico/pico-sdk/src/rp2_common/pico_float/float_aeabi_rp2040.S.obj
                0x1000eef4                float2uint_z
                0x1000eef4                __wrap___aeabi_f2uiz
 .text.__wrap___aeabi_f2d
                0x1000ef04       0x14 src/CMakeFiles/master.dir/home/pi/pico/pico-sdk/src/rp2_common/pico_float/float_aeabi_rp2040.S.obj
                0x1000ef04                __wrap___aeabi_f2d
 .text.__aeabi_float_init
                0x1000ef18       0xfc src/CMakeFiles/master.dir/home/pi/pico/pico-sdk/src/rp2_common/pico_float/float_init_rom_rp2040.c.obj
                0x1000ef18                __aeabi_float_init
 .text.float_table_shim_on_use_helper
                0x1000f014       0x34 src/CMakeFiles/master.dir/home/pi/pico/pico-sdk/src/rp2_common/pico_float/float_v1_rom_shim_rp2040.S.obj
                0x1000f014                float_table_shim_on_use_helper
 .text.float2double_shim
                0x1000f048       0x30 src/CMakeFiles/master.dir/home/pi/pico/pico-sdk/src/rp2_common/pico_float/float_v1_rom_shim_rp2040.S.obj
                0x1000f048                float2double_shim
 .text.__wrap_malloc
                0x1000f078       0x24 src/CMakeFiles/master.dir/home/pi/pico/pico-sdk/src/rp2_common/pico_malloc/malloc.c.obj
                0x1000f078                __wrap_malloc
 .text.__wrap_free
                0x1000f09c        0x8 src/CMakeFiles/master.dir/home/pi/pico/pico-sdk/src/rp2_common/pico_malloc/malloc.c.obj
                0x1000f09c                __wrap_free
 .text          0x1000f0a4       0x10 src/CMakeFiles/master.dir/home/pi/pico/pico-sdk/src/rp2_common/pico_mem_ops/mem_ops_aeabi.S.obj
                0x1000f0a4                __aeabi_mem_init
 .text.memset   0x1000f0b4        0xc src/CMakeFiles/master.dir/home/pi/pico/pico-sdk/src/rp2_common/pico_mem_ops/mem_ops_aeabi.S.obj
                0x1000f0b4                __wrap_memset
 .text.memcpy   0x1000f0c0        0xc src/CMakeFiles/master.dir/home/pi/pico/pico-sdk/src/rp2_common/pico_mem_ops/mem_ops_aeabi.S.obj
                0x1000f0c0                __wrap___aeabi_memcpy
                0x1000f0c0                __wrap_memcpy
 .text._out_buffer
                0x1000f0cc        0x8 src/CMakeFiles/master.dir/home/pi/pico/pico-sdk/src/rp2_common/pico_printf/printf.c.obj
 .text._out_null
                0x1000f0d4        0x2 src/CMakeFiles/master.dir/home/pi/pico/pico-sdk/src/rp2_common/pico_printf/printf.c.obj
 .text._out_fct
                0x1000f0d6        0xe src/CMakeFiles/master.dir/home/pi/pico/pico-sdk/src/rp2_common/pico_printf/printf.c.obj
 .text._atoi    0x1000f0e4       0x28 src/CMakeFiles/master.dir/home/pi/pico/pico-sdk/src/rp2_common/pico_printf/printf.c.obj
 .text._out_rev
                0x1000f10c       0x8c src/CMakeFiles/master.dir/home/pi/pico/pico-sdk/src/rp2_common/pico_printf/printf.c.obj
 .text._ntoa_format
                0x1000f198      0x10c src/CMakeFiles/master.dir/home/pi/pico/pico-sdk/src/rp2_common/pico_printf/printf.c.obj
 .text._ntoa_long
                0x1000f2a4       0xb0 src/CMakeFiles/master.dir/home/pi/pico/pico-sdk/src/rp2_common/pico_printf/printf.c.obj
 .text._ntoa_long_long
                0x1000f354       0xe6 src/CMakeFiles/master.dir/home/pi/pico/pico-sdk/src/rp2_common/pico_printf/printf.c.obj
 *fill*         0x1000f43a        0x2 
 .text._etoa    0x1000f43c      0x408 src/CMakeFiles/master.dir/home/pi/pico/pico-sdk/src/rp2_common/pico_printf/printf.c.obj
 .text._ftoa    0x1000f844      0x344 src/CMakeFiles/master.dir/home/pi/pico/pico-sdk/src/rp2_common/pico_printf/printf.c.obj
 .text._vsnprintf
                0x1000fb88      0x61c src/CMakeFiles/master.dir/home/pi/pico/pico-sdk/src/rp2_common/pico_printf/printf.c.obj
 .text.__wrap_sprintf
                0x100101a4       0x28 src/CMakeFiles/master.dir/home/pi/pico/pico-sdk/src/rp2_common/pico_printf/printf.c.obj
                0x100101a4                __wrap_sprintf
 .text.__wrap_snprintf
                0x100101cc       0x28 src/CMakeFiles/master.dir/home/pi/pico/pico-sdk/src/rp2_common/pico_printf/printf.c.obj
                0x100101cc                __wrap_snprintf
 .text.vfctprintf
                0x100101f4       0x20 src/CMakeFiles/master.dir/home/pi/pico/pico-sdk/src/rp2_common/pico_printf/printf.c.obj
                0x100101f4                vfctprintf
 .text._exit    0x10010214        0x4 src/CMakeFiles/master.dir/home/pi/pico/pico-sdk/src/rp2_common/pico_clib_interface/newlib_interface.c.obj
                0x10010214                _exit
 .text._sbrk    0x10010218       0x38 src/CMakeFiles/master.dir/home/pi/pico/pico-sdk/src/rp2_common/pico_clib_interface/newlib_interface.c.obj
                0x10010218                _sbrk
 .text._read    0x10010250       0x24 src/CMakeFiles/master.dir/home/pi/pico/pico-sdk/src/rp2_common/pico_clib_interface/newlib_interface.c.obj
                0x10010250                _read
 .text._write   0x10010274       0x22 src/CMakeFiles/master.dir/home/pi/pico/pico-sdk/src/rp2_common/pico_clib_interface/newlib_interface.c.obj
                0x10010274                _write
 .text._close   0x10010296        0x6 src/CMakeFiles/master.dir/home/pi/pico/pico-sdk/src/rp2_common/pico_clib_interface/newlib_interface.c.obj
                0x10010296                _close
 .text._lseek   0x1001029c        0x6 src/CMakeFiles/master.dir/home/pi/pico/pico-sdk/src/rp2_common/pico_clib_interface/newlib_interface.c.obj
                0x1001029c                _lseek
 .text._fstat   0x100102a2        0x6 src/CMakeFiles/master.dir/home/pi/pico/pico-sdk/src/rp2_common/pico_clib_interface/newlib_interface.c.obj
                0x100102a2                _fstat
 .text._isatty  0x100102a8        0xc src/CMakeFiles/master.dir/home/pi/pico/pico-sdk/src/rp2_common/pico_clib_interface/newlib_interface.c.obj
                0x100102a8                _isatty
 .text.exit     0x100102b4        0x6 src/CMakeFiles/master.dir/home/pi/pico/pico-sdk/src/rp2_common/pico_clib_interface/newlib_interface.c.obj
                0x100102b4                exit
 *fill*         0x100102ba        0x2 
 .text.__assert_func
                0x100102bc       0x3c src/CMakeFiles/master.dir/home/pi/pico/pico-sdk/src/rp2_common/pico_clib_interface/newlib_interface.c.obj
                0x100102bc                __assert_func
 .text.runtime_init
                0x100102f8       0x28 src/CMakeFiles/master.dir/home/pi/pico/pico-sdk/src/rp2_common/pico_clib_interface/newlib_interface.c.obj
                0x100102f8                runtime_init
 .text.stdio_out_chars_no_crlf
                0x10010320        0xe src/CMakeFiles/master.dir/home/pi/pico/pico-sdk/src/rp2_common/pico_stdio/stdio.c.obj
 *fill*         0x1001032e        0x2 
 .text.stdio_out_chars_crlf
                0x10010330       0x80 src/CMakeFiles/master.dir/home/pi/pico/pico-sdk/src/rp2_common/pico_stdio/stdio.c.obj
 .text.stdio_stack_buffer_flush
                0x100103b0       0x44 src/CMakeFiles/master.dir/home/pi/pico/pico-sdk/src/rp2_common/pico_stdio/stdio.c.obj
 .text.stdio_buffered_printer
                0x100103f4       0x20 src/CMakeFiles/master.dir/home/pi/pico/pico-sdk/src/rp2_common/pico_stdio/stdio.c.obj
 .text.stdout_serialize_begin
                0x10010414       0x30 src/CMakeFiles/master.dir/home/pi/pico/pico-sdk/src/rp2_common/pico_stdio/stdio.c.obj
                0x10010414                stdout_serialize_begin
 .text.stdout_serialize_end
                0x10010444       0x10 src/CMakeFiles/master.dir/home/pi/pico/pico-sdk/src/rp2_common/pico_stdio/stdio.c.obj
                0x10010444                stdout_serialize_end
 .text.stdio_put_string
                0x10010454       0x90 src/CMakeFiles/master.dir/home/pi/pico/pico-sdk/src/rp2_common/pico_stdio/stdio.c.obj
                0x10010454                stdio_put_string
 .text.stdio_get_until
                0x100104e4       0x80 src/CMakeFiles/master.dir/home/pi/pico/pico-sdk/src/rp2_common/pico_stdio/stdio.c.obj
                0x100104e4                stdio_get_until
 .text.stdio_set_driver_enabled
                0x10010564       0x2c src/CMakeFiles/master.dir/home/pi/pico/pico-sdk/src/rp2_common/pico_stdio/stdio.c.obj
                0x10010564                stdio_set_driver_enabled
 .text.stdio_flush
                0x10010590       0x20 src/CMakeFiles/master.dir/home/pi/pico/pico-sdk/src/rp2_common/pico_stdio/stdio.c.obj
                0x10010590                stdio_flush
 .text.stdio_init_all
                0x100105b0        0x8 src/CMakeFiles/master.dir/home/pi/pico/pico-sdk/src/rp2_common/pico_stdio/stdio.c.obj
                0x100105b0                stdio_init_all
 .text.__wrap_puts
                0x100105b8       0x1e src/CMakeFiles/master.dir/home/pi/pico/pico-sdk/src/rp2_common/pico_stdio/stdio.c.obj
                0x100105b8                __wrap_puts
                0x100105b8                stdio_puts
 *fill*         0x100105d6        0x2 
 .text.__wrap_vprintf
                0x100105d8       0x40 src/CMakeFiles/master.dir/home/pi/pico/pico-sdk/src/rp2_common/pico_stdio/stdio.c.obj
                0x100105d8                __wrap_vprintf
                0x100105d8                stdio_vprintf
 .text.__wrap_printf
                0x10010618       0x18 src/CMakeFiles/master.dir/home/pi/pico/pico-sdk/src/rp2_common/pico_stdio/stdio.c.obj
                0x10010618                stdio_printf
                0x10010618                __wrap_printf
 .text.resetd_init
                0x10010630        0x2 src/CMakeFiles/master.dir/home/pi/pico/pico-sdk/src/rp2_common/pico_stdio_usb/reset_interface.c.obj
 *fill*         0x10010632        0x2 
 .text.resetd_reset
                0x10010634        0xc src/CMakeFiles/master.dir/home/pi/pico/pico-sdk/src/rp2_common/pico_stdio_usb/reset_interface.c.obj
 .text.resetd_open
                0x10010640       0x34 src/CMakeFiles/master.dir/home/pi/pico/pico-sdk/src/rp2_common/pico_stdio_usb/reset_interface.c.obj
 .text.resetd_xfer_cb
                0x10010674        0x4 src/CMakeFiles/master.dir/home/pi/pico/pico-sdk/src/rp2_common/pico_stdio_usb/reset_interface.c.obj
 .text.resetd_control_xfer_cb
                0x10010678       0x5c src/CMakeFiles/master.dir/home/pi/pico/pico-sdk/src/rp2_common/pico_stdio_usb/reset_interface.c.obj
 .text.tud_descriptor_bos_cb
                0x100106d4        0x8 src/CMakeFiles/master.dir/home/pi/pico/pico-sdk/src/rp2_common/pico_stdio_usb/reset_interface.c.obj
                0x100106d4                tud_descriptor_bos_cb
 .text.tud_vendor_control_xfer_cb
                0x100106dc       0x38 src/CMakeFiles/master.dir/home/pi/pico/pico-sdk/src/rp2_common/pico_stdio_usb/reset_interface.c.obj
                0x100106dc                tud_vendor_control_xfer_cb
 .text.usbd_app_driver_get_cb
                0x10010714        0xc src/CMakeFiles/master.dir/home/pi/pico/pico-sdk/src/rp2_common/pico_stdio_usb/reset_interface.c.obj
                0x10010714                usbd_app_driver_get_cb
 .text.tud_cdc_line_coding_cb
                0x10010720       0x28 src/CMakeFiles/master.dir/home/pi/pico/pico-sdk/src/rp2_common/pico_stdio_usb/reset_interface.c.obj
                0x10010720                tud_cdc_line_coding_cb
 .text.stdio_usb_set_chars_available_callback
                0x10010748       0x14 src/CMakeFiles/master.dir/home/pi/pico/pico-sdk/src/rp2_common/pico_stdio_usb/stdio_usb.c.obj
                0x10010748                stdio_usb_set_chars_available_callback
 .text.stdio_usb_out_flush
                0x1001075c       0x4c src/CMakeFiles/master.dir/home/pi/pico/pico-sdk/src/rp2_common/pico_stdio_usb/stdio_usb.c.obj
 .text.timer_task
                0x100107a8       0x68 src/CMakeFiles/master.dir/home/pi/pico/pico-sdk/src/rp2_common/pico_stdio_usb/stdio_usb.c.obj
 .text.usb_irq  0x10010810       0x10 src/CMakeFiles/master.dir/home/pi/pico/pico-sdk/src/rp2_common/pico_stdio_usb/stdio_usb.c.obj
 .text.low_priority_worker_irq
                0x10010820       0xcc src/CMakeFiles/master.dir/home/pi/pico/pico-sdk/src/rp2_common/pico_stdio_usb/stdio_usb.c.obj
 .text.stdio_usb_init
                0x100108ec       0xf8 src/CMakeFiles/master.dir/home/pi/pico/pico-sdk/src/rp2_common/pico_stdio_usb/stdio_usb.c.obj
                0x100108ec                stdio_usb_init
 .text.stdio_usb_connected
                0x100109e4        0xa src/CMakeFiles/master.dir/home/pi/pico/pico-sdk/src/rp2_common/pico_stdio_usb/stdio_usb.c.obj
                0x100109e4                stdio_usb_connected
 *fill*         0x100109ee        0x2 
 .text.stdio_usb_in_chars
                0x100109f0       0x98 src/CMakeFiles/master.dir/home/pi/pico/pico-sdk/src/rp2_common/pico_stdio_usb/stdio_usb.c.obj
                0x100109f0                stdio_usb_in_chars
 .text.stdio_usb_out_chars
                0x10010a88       0xe8 src/CMakeFiles/master.dir/home/pi/pico/pico-sdk/src/rp2_common/pico_stdio_usb/stdio_usb.c.obj
 .text.tud_descriptor_device_cb
                0x10010b70        0x8 src/CMakeFiles/master.dir/home/pi/pico/pico-sdk/src/rp2_common/pico_stdio_usb/stdio_usb_descriptors.c.obj
                0x10010b70                tud_descriptor_device_cb
 .text.tud_descriptor_configuration_cb
                0x10010b78        0x8 src/CMakeFiles/master.dir/home/pi/pico/pico-sdk/src/rp2_common/pico_stdio_usb/stdio_usb_descriptors.c.obj
                0x10010b78                tud_descriptor_configuration_cb
 .text.tud_descriptor_string_cb
                0x10010b80       0x6c src/CMakeFiles/master.dir/home/pi/pico/pico-sdk/src/rp2_common/pico_stdio_usb/stdio_usb_descriptors.c.obj
                0x10010b80                tud_descriptor_string_cb
 .text._retrieve_unique_id_on_boot
                0x10010bec       0x10 src/CMakeFiles/master.dir/home/pi/pico/pico-sdk/src/rp2_common/pico_unique_id/unique_id.c.obj
 .text.pico_get_unique_board_id_string
                0x10010bfc       0x60 src/CMakeFiles/master.dir/home/pi/pico/pico-sdk/src/rp2_common/pico_unique_id/unique_id.c.obj
                0x10010bfc                pico_get_unique_board_id_string
 .text.flash_get_unique_id
                0x10010c5c       0x40 src/CMakeFiles/master.dir/home/pi/pico/pico-sdk/src/rp2_common/hardware_flash/flash.c.obj
                0x10010c5c                flash_get_unique_id
 .text._hw_endpoint_alloc
                0x10010c9c       0x70 src/CMakeFiles/master.dir/home/pi/pico/pico-sdk/lib/tinyusb/src/portable/raspberrypi/rp2040/dcd_rp2040.c.obj
 .text.hw_endpoint_init
                0x10010d0c       0xc4 src/CMakeFiles/master.dir/home/pi/pico/pico-sdk/lib/tinyusb/src/portable/raspberrypi/rp2040/dcd_rp2040.c.obj
 .text.hw_endpoint_xfer
                0x10010dd0       0x1c src/CMakeFiles/master.dir/home/pi/pico/pico-sdk/lib/tinyusb/src/portable/raspberrypi/rp2040/dcd_rp2040.c.obj
 .text.dcd_int_enable
                0x10010dec       0x2c src/CMakeFiles/master.dir/home/pi/pico/pico-sdk/lib/tinyusb/src/portable/raspberrypi/rp2040/dcd_rp2040.c.obj
                0x10010dec                dcd_int_enable
 .text.dcd_set_address
                0x10010e18       0x2c src/CMakeFiles/master.dir/home/pi/pico/pico-sdk/lib/tinyusb/src/portable/raspberrypi/rp2040/dcd_rp2040.c.obj
                0x10010e18                dcd_set_address
 .text.dcd_connect
                0x10010e44       0x10 src/CMakeFiles/master.dir/home/pi/pico/pico-sdk/lib/tinyusb/src/portable/raspberrypi/rp2040/dcd_rp2040.c.obj
                0x10010e44                dcd_connect
 .text.dcd_init
                0x10010e54       0x80 src/CMakeFiles/master.dir/home/pi/pico/pico-sdk/lib/tinyusb/src/portable/raspberrypi/rp2040/dcd_rp2040.c.obj
                0x10010e54                dcd_init
 .text.dcd_sof_enable
                0x10010ed4       0x1c src/CMakeFiles/master.dir/home/pi/pico/pico-sdk/lib/tinyusb/src/portable/raspberrypi/rp2040/dcd_rp2040.c.obj
                0x10010ed4                dcd_sof_enable
 .text.dcd_edpt0_status_complete
                0x10010ef0       0x1c src/CMakeFiles/master.dir/home/pi/pico/pico-sdk/lib/tinyusb/src/portable/raspberrypi/rp2040/dcd_rp2040.c.obj
                0x10010ef0                dcd_edpt0_status_complete
 .text.dcd_edpt_open
                0x10010f0c       0x40 src/CMakeFiles/master.dir/home/pi/pico/pico-sdk/lib/tinyusb/src/portable/raspberrypi/rp2040/dcd_rp2040.c.obj
                0x10010f0c                dcd_edpt_open
 .text.dcd_edpt_close_all
                0x10010f4c        0x8 src/CMakeFiles/master.dir/home/pi/pico/pico-sdk/lib/tinyusb/src/portable/raspberrypi/rp2040/dcd_rp2040.c.obj
                0x10010f4c                dcd_edpt_close_all
 .text.dcd_edpt_xfer
                0x10010f54       0x30 src/CMakeFiles/master.dir/home/pi/pico/pico-sdk/lib/tinyusb/src/portable/raspberrypi/rp2040/dcd_rp2040.c.obj
                0x10010f54                dcd_edpt_xfer
 .text.dcd_edpt_stall
                0x10010f84       0x38 src/CMakeFiles/master.dir/home/pi/pico/pico-sdk/lib/tinyusb/src/portable/raspberrypi/rp2040/dcd_rp2040.c.obj
                0x10010f84                dcd_edpt_stall
 .text.dcd_edpt_clear_stall
                0x10010fbc       0x2c src/CMakeFiles/master.dir/home/pi/pico/pico-sdk/lib/tinyusb/src/portable/raspberrypi/rp2040/dcd_rp2040.c.obj
                0x10010fbc                dcd_edpt_clear_stall
 .text.unaligned_memcpy
                0x10010fe8       0x14 src/CMakeFiles/master.dir/home/pi/pico/pico-sdk/lib/tinyusb/src/portable/raspberrypi/rp2040/rp2040_usb.c.obj
 .text.rp2040_usb_init
                0x10010ffc       0x44 src/CMakeFiles/master.dir/home/pi/pico/pico-sdk/lib/tinyusb/src/portable/raspberrypi/rp2040/rp2040_usb.c.obj
                0x10010ffc                rp2040_usb_init
 .text.hw_endpoint_xfer_start
                0x10011040       0x60 src/CMakeFiles/master.dir/home/pi/pico/pico-sdk/lib/tinyusb/src/portable/raspberrypi/rp2040/rp2040_usb.c.obj
                0x10011040                hw_endpoint_xfer_start
 .text.configuration_reset
                0x100110a0       0x84 src/CMakeFiles/master.dir/home/pi/pico/pico-sdk/lib/tinyusb/src/device/usbd.c.obj
 .text.usbd_reset
                0x10011124        0xc src/CMakeFiles/master.dir/home/pi/pico/pico-sdk/lib/tinyusb/src/device/usbd.c.obj
 .text.invoke_class_control
                0x10011130       0x1a src/CMakeFiles/master.dir/home/pi/pico/pico-sdk/lib/tinyusb/src/device/usbd.c.obj
 *fill*         0x1001114a        0x2 
 .text.process_set_config
                0x1001114c      0x194 src/CMakeFiles/master.dir/home/pi/pico/pico-sdk/lib/tinyusb/src/device/usbd.c.obj
 .text.tud_event_hook_cb
                0x100112e0        0x2 src/CMakeFiles/master.dir/home/pi/pico/pico-sdk/lib/tinyusb/src/device/usbd.c.obj
                0x100112e0                tud_event_hook_cb
 .text.tud_sof_cb
                0x100112e2        0x2 src/CMakeFiles/master.dir/home/pi/pico/pico-sdk/lib/tinyusb/src/device/usbd.c.obj
                0x100112e2                tud_sof_cb
 .text.tud_descriptor_device_qualifier_cb
                0x100112e4        0x4 src/CMakeFiles/master.dir/home/pi/pico/pico-sdk/lib/tinyusb/src/device/usbd.c.obj
                0x100112e4                tud_descriptor_device_qualifier_cb
 .text.tud_descriptor_other_speed_configuration_cb
                0x100112e8        0x4 src/CMakeFiles/master.dir/home/pi/pico/pico-sdk/lib/tinyusb/src/device/usbd.c.obj
                0x100112e8                tud_descriptor_other_speed_configuration_cb
 .text.process_get_descriptor
                0x100112ec       0xf0 src/CMakeFiles/master.dir/home/pi/pico/pico-sdk/lib/tinyusb/src/device/usbd.c.obj
 .text.tud_mount_cb
                0x100113dc        0x2 src/CMakeFiles/master.dir/home/pi/pico/pico-sdk/lib/tinyusb/src/device/usbd.c.obj
                0x100113dc                tud_mount_cb
 .text.tud_umount_cb
                0x100113de        0x2 src/CMakeFiles/master.dir/home/pi/pico/pico-sdk/lib/tinyusb/src/device/usbd.c.obj
                0x100113de                tud_umount_cb
 .text.tud_suspend_cb
                0x100113e0        0x2 src/CMakeFiles/master.dir/home/pi/pico/pico-sdk/lib/tinyusb/src/device/usbd.c.obj
                0x100113e0                tud_suspend_cb
 .text.tud_resume_cb
                0x100113e2        0x2 src/CMakeFiles/master.dir/home/pi/pico/pico-sdk/lib/tinyusb/src/device/usbd.c.obj
                0x100113e2                tud_resume_cb
 .text.tud_mounted
                0x100113e4       0x10 src/CMakeFiles/master.dir/home/pi/pico/pico-sdk/lib/tinyusb/src/device/usbd.c.obj
                0x100113e4                tud_mounted
 .text.tud_suspended
                0x100113f4       0x10 src/CMakeFiles/master.dir/home/pi/pico/pico-sdk/lib/tinyusb/src/device/usbd.c.obj
                0x100113f4                tud_suspended
 .text.tud_inited
                0x10011404       0x14 src/CMakeFiles/master.dir/home/pi/pico/pico-sdk/lib/tinyusb/src/device/usbd.c.obj
                0x10011404                tud_inited
 .text.tud_init
                0x10011418       0xdc src/CMakeFiles/master.dir/home/pi/pico/pico-sdk/lib/tinyusb/src/device/usbd.c.obj
                0x10011418                tud_init
 .text.usbd_edpt_open
                0x100114f4       0x60 src/CMakeFiles/master.dir/home/pi/pico/pico-sdk/lib/tinyusb/src/device/usbd.c.obj
                0x100114f4                usbd_edpt_open
 .text.usbd_open_edpt_pair
                0x10011554       0x8c src/CMakeFiles/master.dir/home/pi/pico/pico-sdk/lib/tinyusb/src/device/usbd.c.obj
                0x10011554                usbd_open_edpt_pair
 .text.usbd_edpt_claim
                0x100115e0       0x28 src/CMakeFiles/master.dir/home/pi/pico/pico-sdk/lib/tinyusb/src/device/usbd.c.obj
                0x100115e0                usbd_edpt_claim
 .text.usbd_edpt_release
                0x10011608       0x28 src/CMakeFiles/master.dir/home/pi/pico/pico-sdk/lib/tinyusb/src/device/usbd.c.obj
                0x10011608                usbd_edpt_release
 .text.usbd_edpt_xfer
                0x10011630       0x88 src/CMakeFiles/master.dir/home/pi/pico/pico-sdk/lib/tinyusb/src/device/usbd.c.obj
                0x10011630                usbd_edpt_xfer
 .text.usbd_edpt_stall
                0x100116b8       0x34 src/CMakeFiles/master.dir/home/pi/pico/pico-sdk/lib/tinyusb/src/device/usbd.c.obj
                0x100116b8                usbd_edpt_stall
 .text.usbd_edpt_clear_stall
                0x100116ec       0x34 src/CMakeFiles/master.dir/home/pi/pico/pico-sdk/lib/tinyusb/src/device/usbd.c.obj
                0x100116ec                usbd_edpt_clear_stall
 .text.usbd_edpt_stalled
                0x10011720       0x1c src/CMakeFiles/master.dir/home/pi/pico/pico-sdk/lib/tinyusb/src/device/usbd.c.obj
                0x10011720                usbd_edpt_stalled
 .text.process_control_request
                0x1001173c      0x398 src/CMakeFiles/master.dir/home/pi/pico/pico-sdk/lib/tinyusb/src/device/usbd.c.obj
 .text.tud_task_ext
                0x10011ad4      0x1d4 src/CMakeFiles/master.dir/home/pi/pico/pico-sdk/lib/tinyusb/src/device/usbd.c.obj
                0x10011ad4                tud_task_ext
 .text._data_stage_xact
                0x10011ca8       0x60 src/CMakeFiles/master.dir/home/pi/pico/pico-sdk/lib/tinyusb/src/device/usbd_control.c.obj
 .text.tud_control_status
                0x10011d08       0x38 src/CMakeFiles/master.dir/home/pi/pico/pico-sdk/lib/tinyusb/src/device/usbd_control.c.obj
                0x10011d08                tud_control_status
 .text.tud_control_xfer
                0x10011d40       0xa4 src/CMakeFiles/master.dir/home/pi/pico/pico-sdk/lib/tinyusb/src/device/usbd_control.c.obj
                0x10011d40                tud_control_xfer
 .text.usbd_control_reset
                0x10011de4       0x14 src/CMakeFiles/master.dir/home/pi/pico/pico-sdk/lib/tinyusb/src/device/usbd_control.c.obj
                0x10011de4                usbd_control_reset
 .text.usbd_control_set_complete_callback
                0x10011df8        0xc src/CMakeFiles/master.dir/home/pi/pico/pico-sdk/lib/tinyusb/src/device/usbd_control.c.obj
                0x10011df8                usbd_control_set_complete_callback
 .text.usbd_control_set_request
                0x10011e04       0x1c src/CMakeFiles/master.dir/home/pi/pico/pico-sdk/lib/tinyusb/src/device/usbd_control.c.obj
                0x10011e04                usbd_control_set_request
 .text.usbd_control_xfer_cb
                0x10011e20       0xf4 src/CMakeFiles/master.dir/home/pi/pico/pico-sdk/lib/tinyusb/src/device/usbd_control.c.obj
                0x10011e20                usbd_control_xfer_cb
 .text._prep_out_transaction
                0x10011f14       0x72 src/CMakeFiles/master.dir/home/pi/pico/pico-sdk/lib/tinyusb/src/class/cdc/cdc_device.c.obj
 *fill*         0x10011f86        0x2 
 .text.tud_cdc_n_connected
                0x10011f88       0x44 src/CMakeFiles/master.dir/home/pi/pico/pico-sdk/lib/tinyusb/src/class/cdc/cdc_device.c.obj
                0x10011f88                tud_cdc_n_connected
 .text.tud_cdc_n_available
                0x10011fcc       0x18 src/CMakeFiles/master.dir/home/pi/pico/pico-sdk/lib/tinyusb/src/class/cdc/cdc_device.c.obj
                0x10011fcc                tud_cdc_n_available
 .text.tud_cdc_n_read
                0x10011fe4       0x38 src/CMakeFiles/master.dir/home/pi/pico/pico-sdk/lib/tinyusb/src/class/cdc/cdc_device.c.obj
                0x10011fe4                tud_cdc_n_read
 .text.tud_cdc_n_write_flush
                0x1001201c       0xcc src/CMakeFiles/master.dir/home/pi/pico/pico-sdk/lib/tinyusb/src/class/cdc/cdc_device.c.obj
                0x1001201c                tud_cdc_n_write_flush
 .text.tud_cdc_n_write
                0x100120e8       0x48 src/CMakeFiles/master.dir/home/pi/pico/pico-sdk/lib/tinyusb/src/class/cdc/cdc_device.c.obj
                0x100120e8                tud_cdc_n_write
 .text.tud_cdc_n_write_available
                0x10012130       0x1c src/CMakeFiles/master.dir/home/pi/pico/pico-sdk/lib/tinyusb/src/class/cdc/cdc_device.c.obj
                0x10012130                tud_cdc_n_write_available
 .text.cdcd_init
                0x1001214c       0xbc src/CMakeFiles/master.dir/home/pi/pico/pico-sdk/lib/tinyusb/src/class/cdc/cdc_device.c.obj
                0x1001214c                cdcd_init
 .text.cdcd_deinit
                0x10012208       0x50 src/CMakeFiles/master.dir/home/pi/pico/pico-sdk/lib/tinyusb/src/class/cdc/cdc_device.c.obj
                0x10012208                cdcd_deinit
 .text.cdcd_reset
                0x10012258       0x78 src/CMakeFiles/master.dir/home/pi/pico/pico-sdk/lib/tinyusb/src/class/cdc/cdc_device.c.obj
                0x10012258                cdcd_reset
 .text.cdcd_open
                0x100122d0       0xf8 src/CMakeFiles/master.dir/home/pi/pico/pico-sdk/lib/tinyusb/src/class/cdc/cdc_device.c.obj
                0x100122d0                cdcd_open
 .text.cdcd_control_xfer_cb
                0x100123c8      0x138 src/CMakeFiles/master.dir/home/pi/pico/pico-sdk/lib/tinyusb/src/class/cdc/cdc_device.c.obj
                0x100123c8                cdcd_control_xfer_cb
 .text.cdcd_xfer_cb
                0x10012500      0x13c src/CMakeFiles/master.dir/home/pi/pico/pico-sdk/lib/tinyusb/src/class/cdc/cdc_device.c.obj
                0x10012500                cdcd_xfer_cb
 .text._prep_out_transaction
                0x1001263c       0x3a src/CMakeFiles/master.dir/home/pi/pico/pico-sdk/lib/tinyusb/src/class/vendor/vendor_device.c.obj
 *fill*         0x10012676        0x2 
 .text.tud_vendor_n_write_flush
                0x10012678       0xcc src/CMakeFiles/master.dir/home/pi/pico/pico-sdk/lib/tinyusb/src/class/vendor/vendor_device.c.obj
                0x10012678                tud_vendor_n_write_flush
 .text.vendord_init
                0x10012744       0xa0 src/CMakeFiles/master.dir/home/pi/pico/pico-sdk/lib/tinyusb/src/class/vendor/vendor_device.c.obj
                0x10012744                vendord_init
 .text.vendord_deinit
                0x100127e4       0x50 src/CMakeFiles/master.dir/home/pi/pico/pico-sdk/lib/tinyusb/src/class/vendor/vendor_device.c.obj
                0x100127e4                vendord_deinit
 .text.vendord_reset
                0x10012834       0x38 src/CMakeFiles/master.dir/home/pi/pico/pico-sdk/lib/tinyusb/src/class/vendor/vendor_device.c.obj
                0x10012834                vendord_reset
 .text.vendord_open
                0x1001286c       0xdc src/CMakeFiles/master.dir/home/pi/pico/pico-sdk/lib/tinyusb/src/class/vendor/vendor_device.c.obj
                0x1001286c                vendord_open
 .text.vendord_xfer_cb
                0x10012948       0xc8 src/CMakeFiles/master.dir/home/pi/pico/pico-sdk/lib/tinyusb/src/class/vendor/vendor_device.c.obj
                0x10012948                vendord_xfer_cb
 .text.tusb_init
                0x10012a10       0x24 src/CMakeFiles/master.dir/home/pi/pico/pico-sdk/lib/tinyusb/src/tusb.c.obj
                0x10012a10                tusb_init
 .text.tu_edpt_claim
                0x10012a34       0x4a src/CMakeFiles/master.dir/home/pi/pico/pico-sdk/lib/tinyusb/src/tusb.c.obj
                0x10012a34                tu_edpt_claim
 .text.tu_edpt_release
                0x10012a7e       0x3c src/CMakeFiles/master.dir/home/pi/pico/pico-sdk/lib/tinyusb/src/tusb.c.obj
                0x10012a7e                tu_edpt_release
 *fill*         0x10012aba        0x2 
 .text.tu_edpt_validate
                0x10012abc       0xa8 src/CMakeFiles/master.dir/home/pi/pico/pico-sdk/lib/tinyusb/src/tusb.c.obj
                0x10012abc                tu_edpt_validate
 .text.tu_edpt_bind_driver
                0x10012b64       0x26 src/CMakeFiles/master.dir/home/pi/pico/pico-sdk/lib/tinyusb/src/tusb.c.obj
                0x10012b64                tu_edpt_bind_driver
 .text.advance_index
                0x10012b8a       0x1a src/CMakeFiles/master.dir/home/pi/pico/pico-sdk/lib/tinyusb/src/common/tusb_fifo.c.obj
 .text._tu_fifo_peek
                0x10012ba4       0x56 src/CMakeFiles/master.dir/home/pi/pico/pico-sdk/lib/tinyusb/src/common/tusb_fifo.c.obj
 .text._ff_pull_n
                0x10012bfa       0x68 src/CMakeFiles/master.dir/home/pi/pico/pico-sdk/lib/tinyusb/src/common/tusb_fifo.c.obj
 .text._tu_fifo_peek_n
                0x10012c62       0x6a src/CMakeFiles/master.dir/home/pi/pico/pico-sdk/lib/tinyusb/src/common/tusb_fifo.c.obj
 .text._tu_fifo_read_n
                0x10012ccc       0x4e src/CMakeFiles/master.dir/home/pi/pico/pico-sdk/lib/tinyusb/src/common/tusb_fifo.c.obj
 .text._ff_push_n
                0x10012d1a       0x68 src/CMakeFiles/master.dir/home/pi/pico/pico-sdk/lib/tinyusb/src/common/tusb_fifo.c.obj
 .text._tu_fifo_write_n
                0x10012d82       0xf0 src/CMakeFiles/master.dir/home/pi/pico/pico-sdk/lib/tinyusb/src/common/tusb_fifo.c.obj
 .text.tu_fifo_config
                0x10012e72       0x7c src/CMakeFiles/master.dir/home/pi/pico/pico-sdk/lib/tinyusb/src/common/tusb_fifo.c.obj
                0x10012e72                tu_fifo_config
 .text.tu_fifo_count
                0x10012eee       0x2a src/CMakeFiles/master.dir/home/pi/pico/pico-sdk/lib/tinyusb/src/common/tusb_fifo.c.obj
                0x10012eee                tu_fifo_count
 .text.tu_fifo_empty
                0x10012f18        0xe src/CMakeFiles/master.dir/home/pi/pico/pico-sdk/lib/tinyusb/src/common/tusb_fifo.c.obj
                0x10012f18                tu_fifo_empty
 .text.tu_fifo_full
                0x10012f26       0x28 src/CMakeFiles/master.dir/home/pi/pico/pico-sdk/lib/tinyusb/src/common/tusb_fifo.c.obj
                0x10012f26                tu_fifo_full
 .text.tu_fifo_remaining
                0x10012f4e       0x2c src/CMakeFiles/master.dir/home/pi/pico/pico-sdk/lib/tinyusb/src/common/tusb_fifo.c.obj
                0x10012f4e                tu_fifo_remaining
 .text.tu_fifo_read
                0x10012f7a       0x42 src/CMakeFiles/master.dir/home/pi/pico/pico-sdk/lib/tinyusb/src/common/tusb_fifo.c.obj
                0x10012f7a                tu_fifo_read
 .text.tu_fifo_read_n
                0x10012fbc        0xa src/CMakeFiles/master.dir/home/pi/pico/pico-sdk/lib/tinyusb/src/common/tusb_fifo.c.obj
                0x10012fbc                tu_fifo_read_n
 .text.tu_fifo_write
                0x10012fc6       0x66 src/CMakeFiles/master.dir/home/pi/pico/pico-sdk/lib/tinyusb/src/common/tusb_fifo.c.obj
                0x10012fc6                tu_fifo_write
 .text.tu_fifo_write_n
                0x1001302c        0xa src/CMakeFiles/master.dir/home/pi/pico/pico-sdk/lib/tinyusb/src/common/tusb_fifo.c.obj
                0x1001302c                tu_fifo_write_n
 .text.tu_fifo_clear
                0x10013036       0x3e src/CMakeFiles/master.dir/home/pi/pico/pico-sdk/lib/tinyusb/src/common/tusb_fifo.c.obj
                0x10013036                tu_fifo_clear
 .text.tu_fifo_set_overwritable
                0x10013074       0x46 src/CMakeFiles/master.dir/home/pi/pico/pico-sdk/lib/tinyusb/src/common/tusb_fifo.c.obj
                0x10013074                tu_fifo_set_overwritable
 *fill*         0x100130ba        0x2 
 .text.adc_init
                0x100130bc       0x34 src/CMakeFiles/master.dir/home/pi/pico/pico-sdk/src/rp2_common/hardware_adc/adc.c.obj
                0x100130bc                adc_init
 .text.i2c_write_blocking_internal
                0x100130f0      0x150 src/CMakeFiles/master.dir/home/pi/pico/pico-sdk/src/rp2_common/hardware_i2c/i2c.c.obj
 .text.i2c_read_blocking_internal
                0x10013240       0xe8 src/CMakeFiles/master.dir/home/pi/pico/pico-sdk/src/rp2_common/hardware_i2c/i2c.c.obj
 .text.i2c_deinit
                0x10013328       0x20 src/CMakeFiles/master.dir/home/pi/pico/pico-sdk/src/rp2_common/hardware_i2c/i2c.c.obj
                0x10013328                i2c_deinit
 .text.i2c_set_baudrate
                0x10013348       0xf0 src/CMakeFiles/master.dir/home/pi/pico/pico-sdk/src/rp2_common/hardware_i2c/i2c.c.obj
                0x10013348                i2c_set_baudrate
 .text.i2c_init
                0x10013438       0x5c src/CMakeFiles/master.dir/home/pi/pico/pico-sdk/src/rp2_common/hardware_i2c/i2c.c.obj
                0x10013438                i2c_init
 .text.i2c_write_blocking
                0x10013494       0x18 src/CMakeFiles/master.dir/home/pi/pico/pico-sdk/src/rp2_common/hardware_i2c/i2c.c.obj
                0x10013494                i2c_write_blocking
 .text.i2c_write_blocking_until
                0x100134ac       0x32 src/CMakeFiles/master.dir/home/pi/pico/pico-sdk/src/rp2_common/hardware_i2c/i2c.c.obj
                0x100134ac                i2c_write_blocking_until
 .text.i2c_read_blocking
                0x100134de       0x18 src/CMakeFiles/master.dir/home/pi/pico/pico-sdk/src/rp2_common/hardware_i2c/i2c.c.obj
                0x100134de                i2c_read_blocking
 .text.i2c_read_blocking_until
                0x100134f6       0x32 src/CMakeFiles/master.dir/home/pi/pico/pico-sdk/src/rp2_common/hardware_i2c/i2c.c.obj
                0x100134f6                i2c_read_blocking_until
 .text.sys_i2c_rbyte
                0x10013528       0x40 src/CMakeFiles/master.dir/pico_lib2/src/sys/sys_i2c.c.obj
                0x10013528                sys_i2c_rbyte
 .text.sys_i2c_wbuf_rbuf
                0x10013568       0x9c src/CMakeFiles/master.dir/pico_lib2/src/sys/sys_i2c.c.obj
                0x10013568                sys_i2c_wbuf_rbuf
 .text.sys_i2c_rbuf
                0x10013604       0x48 src/CMakeFiles/master.dir/pico_lib2/src/sys/sys_i2c.c.obj
                0x10013604                sys_i2c_rbuf
 .text.sys_i2c_rbuf_reg
                0x1001364c       0x9c src/CMakeFiles/master.dir/pico_lib2/src/sys/sys_i2c.c.obj
                0x1001364c                sys_i2c_rbuf_reg
 .text.sys_i2c_wbuf
                0x100136e8       0x48 src/CMakeFiles/master.dir/pico_lib2/src/sys/sys_i2c.c.obj
                0x100136e8                sys_i2c_wbuf
 .text.sys_i2c_rbyte_eeprom
                0x10013730       0x98 src/CMakeFiles/master.dir/pico_lib2/src/sys/sys_i2c.c.obj
                0x10013730                sys_i2c_rbyte_eeprom
 .text.spi_deinit
                0x100137c8       0x38 src/CMakeFiles/master.dir/home/pi/pico/pico-sdk/src/rp2_common/hardware_spi/spi.c.obj
                0x100137c8                spi_deinit
 .text.spi_set_baudrate
                0x10013800       0xb4 src/CMakeFiles/master.dir/home/pi/pico/pico-sdk/src/rp2_common/hardware_spi/spi.c.obj
                0x10013800                spi_set_baudrate
 .text.spi_init
                0x100138b4       0x7c src/CMakeFiles/master.dir/home/pi/pico/pico-sdk/src/rp2_common/hardware_spi/spi.c.obj
                0x100138b4                spi_init
 .text.spi_get_baudrate
                0x10013930       0x1e src/CMakeFiles/master.dir/home/pi/pico/pico-sdk/src/rp2_common/hardware_spi/spi.c.obj
                0x10013930                spi_get_baudrate
 *fill*         0x1001394e        0x2 
 .text.ina219WriteRegister
                0x10013950       0x20 src/CMakeFiles/master.dir/pico_lib2/src/dev/dev_ina219/dev_ina219.c.obj
 .text.ina219Read16
                0x10013970       0x2c src/CMakeFiles/master.dir/pico_lib2/src/dev/dev_ina219/dev_ina219.c.obj
 .text.ina219SetCalibration_16V_500mA
                0x1001399c       0x38 src/CMakeFiles/master.dir/pico_lib2/src/dev/dev_ina219/dev_ina219.c.obj
                0x1001399c                ina219SetCalibration_16V_500mA
 .text.ina219Init
                0x100139d4       0x26 src/CMakeFiles/master.dir/pico_lib2/src/dev/dev_ina219/dev_ina219.c.obj
                0x100139d4                ina219Init
 .text.ina219GetShuntVoltage
                0x100139fa       0x18 src/CMakeFiles/master.dir/pico_lib2/src/dev/dev_ina219/dev_ina219.c.obj
                0x100139fa                ina219GetShuntVoltage
 .text.ina219GetBusVoltage
                0x10013a12       0x1a src/CMakeFiles/master.dir/pico_lib2/src/dev/dev_ina219/dev_ina219.c.obj
                0x10013a12                ina219GetBusVoltage
 .text.ina219GetPower_mW
                0x10013a2c       0x24 src/CMakeFiles/master.dir/pico_lib2/src/dev/dev_ina219/dev_ina219.c.obj
                0x10013a2c                ina219GetPower_mW
 .text.ina219GetCurrent_mA
                0x10013a50       0x3c src/CMakeFiles/master.dir/pico_lib2/src/dev/dev_ina219/dev_ina219.c.obj
                0x10013a50                ina219GetCurrent_mA
 .text.ina219CalibrateCurrent_mA
                0x10013a8c       0x4c src/CMakeFiles/master.dir/pico_lib2/src/dev/dev_ina219/dev_ina219.c.obj
                0x10013a8c                ina219CalibrateCurrent_mA
 .text.mcp4725_write
                0x10013ad8       0x40 src/CMakeFiles/master.dir/pico_lib2/src/dev/dev_mcp4725/dev_mcp4725.c.obj
 .text.dev_mcp4725_set
                0x10013b18       0x30 src/CMakeFiles/master.dir/pico_lib2/src/dev/dev_mcp4725/dev_mcp4725.c.obj
                0x10013b18                dev_mcp4725_set
 .text.dev_mcp4725_save
                0x10013b48       0x30 src/CMakeFiles/master.dir/pico_lib2/src/dev/dev_mcp4725/dev_mcp4725.c.obj
                0x10013b48                dev_mcp4725_save
 .text.dev_mcp4725_get
                0x10013b78       0x2c src/CMakeFiles/master.dir/pico_lib2/src/dev/dev_mcp4725/dev_mcp4725.c.obj
                0x10013b78                dev_mcp4725_get
 .text.at24cx_i2c_error_check
                0x10013ba4       0x1c src/CMakeFiles/master.dir/pico_lib2/src/dev/dev_24lc32/dev_24lc32.c.obj
 .text.at24cx_i2c_device_register
                0x10013bc0       0xa0 src/CMakeFiles/master.dir/pico_lib2/src/dev/dev_24lc32/dev_24lc32.c.obj
                0x10013bc0                at24cx_i2c_device_register
 .text.at24cx_i2c_byte_write
                0x10013c60       0x50 src/CMakeFiles/master.dir/pico_lib2/src/dev/dev_24lc32/dev_24lc32.c.obj
                0x10013c60                at24cx_i2c_byte_write
 .text.at24cx_i2c_page_write
                0x10013cb0       0x8c src/CMakeFiles/master.dir/pico_lib2/src/dev/dev_24lc32/dev_24lc32.c.obj
                0x10013cb0                at24cx_i2c_page_write
 .text.at24cx_i2c_byte_read
                0x10013d3c       0x54 src/CMakeFiles/master.dir/pico_lib2/src/dev/dev_24lc32/dev_24lc32.c.obj
                0x10013d3c                at24cx_i2c_byte_read
 .text.onewire_search_reset
                0x10013d90       0x30 src/CMakeFiles/master.dir/pico_lib2/src/dev/dev_ds2431/dev_ds2431.c.obj
 .text.calculate_crc8
                0x10013dc0       0x36 src/CMakeFiles/master.dir/pico_lib2/src/dev/dev_ds2431/dev_ds2431.c.obj
 .text.onewire_write_bit
                0x10013df6       0x48 src/CMakeFiles/master.dir/pico_lib2/src/dev/dev_ds2431/dev_ds2431.c.obj
 .text.onewire_write_byte
                0x10013e3e       0x20 src/CMakeFiles/master.dir/pico_lib2/src/dev/dev_ds2431/dev_ds2431.c.obj
 .text.onewire_read_bit
                0x10013e5e       0x3c src/CMakeFiles/master.dir/pico_lib2/src/dev/dev_ds2431/dev_ds2431.c.obj
 .text.onewire_read_byte
                0x10013e9a       0x1c src/CMakeFiles/master.dir/pico_lib2/src/dev/dev_ds2431/dev_ds2431.c.obj
 .text.onewire_reset
                0x10013eb6       0x42 src/CMakeFiles/master.dir/pico_lib2/src/dev/dev_ds2431/dev_ds2431.c.obj
 .text.onewire_search
                0x10013ef8      0x10c src/CMakeFiles/master.dir/pico_lib2/src/dev/dev_ds2431/dev_ds2431.c.obj
 .text.onewire_init
                0x10014004       0x18 src/CMakeFiles/master.dir/pico_lib2/src/dev/dev_ds2431/dev_ds2431.c.obj
 .text.onewire_read_id
                0x1001401c      0x144 src/CMakeFiles/master.dir/pico_lib2/src/dev/dev_ds2431/dev_ds2431.c.obj
 .text.onewire_select
                0x10014160       0x1c src/CMakeFiles/master.dir/pico_lib2/src/dev/dev_ds2431/dev_ds2431.c.obj
                0x10014160                onewire_select
 .text.write_eeprom_8bytes
                0x1001417c      0x19c src/CMakeFiles/master.dir/pico_lib2/src/dev/dev_ds2431/dev_ds2431.c.obj