Archive member included to satisfy reference by file (symbol)

scpi-parser/libscpi.a(fifo.o)
                              CMakeFiles/master.dir/master.c.obj (fifo_init)
scpi-parser/libscpi.a(ieee488.o)
                              CMakeFiles/master.dir/master.c.obj (SCPI_RegGet)
scpi-parser/libscpi.a(minimal.o)
                              CMakeFiles/master.dir/fts_scpi.c.obj (SCPI_SystemVersionQ)
scpi-parser/libscpi.a(parser.o)
                              CMakeFiles/master.dir/fts_scpi.c.obj (SCPI_Init)
scpi-parser/libscpi.a(units.o)
                              CMakeFiles/master.dir/fts_scpi.c.obj (scpi_units_def)
scpi-parser/libscpi.a(utils.o)
                              scpi-parser/libscpi.a(parser.o) (strnpbrk)
scpi-parser/libscpi.a(lexer.o)
                              scpi-parser/libscpi.a(parser.o) (scpiLex_IsEos)
scpi-parser/libscpi.a(expression.o)
                              CMakeFiles/master.dir/fts_scpi.c.obj (SCPI_ExprChannelListEntry)
/usr/lib/gcc/arm-none-eabi/8.3.1/../../../arm-none-eabi/lib/thumb/v6-m/nofp/libm.a(lib_a-s_frexp.o)
                              scpi-parser/libscpi.a(utils.o) (frexp)
/usr/lib/gcc/arm-none-eabi/8.3.1/../../../arm-none-eabi/lib/thumb/v6-m/nofp/libm.a(lib_a-s_modf.o)
                              scpi-parser/libscpi.a(utils.o) (modf)
/usr/lib/gcc/arm-none-eabi/8.3.1/thumb/v6-m/nofp/libgcc.a(_dvmd_tls.o)
                              CMakeFiles/master.dir/home/pi/pico/pico-sdk/src/rp2_common/pico_divider/divider_hardware.S.obj (__aeabi_idiv0)
/usr/lib/gcc/arm-none-eabi/8.3.1/../../../arm-none-eabi/lib/thumb/v6-m/nofp/libg.a(lib_a-atexit.o)
                              /usr/lib/gcc/arm-none-eabi/8.3.1/../../../arm-none-eabi/lib/thumb/v6-m/nofp/crt0.o (atexit)
/usr/lib/gcc/arm-none-eabi/8.3.1/../../../arm-none-eabi/lib/thumb/v6-m/nofp/libg.a(lib_a-calloc.o)
                              CMakeFiles/master.dir/home/pi/pico/pico-sdk/src/rp2_common/pico_malloc/malloc.c.obj (calloc)
/usr/lib/gcc/arm-none-eabi/8.3.1/../../../arm-none-eabi/lib/thumb/v6-m/nofp/libg.a(lib_a-callocr.o)
                              /usr/lib/gcc/arm-none-eabi/8.3.1/../../../arm-none-eabi/lib/thumb/v6-m/nofp/libg.a(lib_a-calloc.o) (_calloc_r)
/usr/lib/gcc/arm-none-eabi/8.3.1/../../../arm-none-eabi/lib/thumb/v6-m/nofp/libg.a(lib_a-ctype_.o)
                              CMakeFiles/master.dir/scpi_uart.c.obj (_ctype_)
/usr/lib/gcc/arm-none-eabi/8.3.1/../../../arm-none-eabi/lib/thumb/v6-m/nofp/libg.a(lib_a-errno.o)
                              CMakeFiles/master.dir/functadv.c.obj (__errno)
/usr/lib/gcc/arm-none-eabi/8.3.1/../../../arm-none-eabi/lib/thumb/v6-m/nofp/libg.a(lib_a-fini.o)
                              /usr/lib/gcc/arm-none-eabi/8.3.1/../../../arm-none-eabi/lib/thumb/v6-m/nofp/crt0.o (__libc_fini_array)
/usr/lib/gcc/arm-none-eabi/8.3.1/../../../arm-none-eabi/lib/thumb/v6-m/nofp/libg.a(lib_a-fprintf.o)
                              CMakeFiles/master.dir/master.c.obj (fprintf)
/usr/lib/gcc/arm-none-eabi/8.3.1/../../../arm-none-eabi/lib/thumb/v6-m/nofp/libg.a(lib_a-fputc.o)
                              CMakeFiles/master.dir/functadv.c.obj (fputc)
/usr/lib/gcc/arm-none-eabi/8.3.1/../../../arm-none-eabi/lib/thumb/v6-m/nofp/libg.a(lib_a-fwrite.o)
                              CMakeFiles/master.dir/master.c.obj (fwrite)
/usr/lib/gcc/arm-none-eabi/8.3.1/../../../arm-none-eabi/lib/thumb/v6-m/nofp/libg.a(lib_a-impure.o)
                              CMakeFiles/master.dir/master.c.obj (_impure_ptr)
/usr/lib/gcc/arm-none-eabi/8.3.1/../../../arm-none-eabi/lib/thumb/v6-m/nofp/libg.a(lib_a-init.o)
                              /usr/lib/gcc/arm-none-eabi/8.3.1/../../../arm-none-eabi/lib/thumb/v6-m/nofp/crt0.o (__libc_init_array)
/usr/lib/gcc/arm-none-eabi/8.3.1/../../../arm-none-eabi/lib/thumb/v6-m/nofp/libg.a(lib_a-lcltime_r.o)
                              CMakeFiles/master.dir/home/pi/pico/pico-sdk/src/common/pico_util/datetime.c.obj (localtime_r)
/usr/lib/gcc/arm-none-eabi/8.3.1/../../../arm-none-eabi/lib/thumb/v6-m/nofp/libg.a(lib_a-malloc.o)
                              CMakeFiles/master.dir/home/pi/pico/pico-sdk/src/rp2_common/pico_malloc/malloc.c.obj (malloc)
/usr/lib/gcc/arm-none-eabi/8.3.1/../../../arm-none-eabi/lib/thumb/v6-m/nofp/libg.a(lib_a-mallocr.o)
                              /usr/lib/gcc/arm-none-eabi/8.3.1/../../../arm-none-eabi/lib/thumb/v6-m/nofp/libg.a(lib_a-callocr.o) (_malloc_r)
/usr/lib/gcc/arm-none-eabi/8.3.1/../../../arm-none-eabi/lib/thumb/v6-m/nofp/libg.a(lib_a-memcmp.o)
                              CMakeFiles/master.dir/home/pi/pico/pico-sdk/src/rp2_common/pico_atomic/atomic.c.obj (memcmp)
/usr/lib/gcc/arm-none-eabi/8.3.1/../../../arm-none-eabi/lib/thumb/v6-m/nofp/libg.a(lib_a-memmove.o)
                              scpi-parser/libscpi.a(parser.o) (memmove)
/usr/lib/gcc/arm-none-eabi/8.3.1/../../../arm-none-eabi/lib/thumb/v6-m/nofp/libg.a(lib_a-mktime.o)
[...]
Memory Configuration

Name             Origin             Length             Attributes
FLASH            0x10000000         0x00200000         xr
RAM              0x20000000         0x00040000         xrw
SCRATCH_X        0x20040000         0x00001000         xrw
SCRATCH_Y        0x20041000         0x00001000         xrw
*default*        0x00000000         0xffffffff

Linker script and memory map

LOAD /usr/lib/gcc/arm-none-eabi/8.3.1/thumb/v6-m/nofp/crti.o
LOAD /usr/lib/gcc/arm-none-eabi/8.3.1/thumb/v6-m/nofp/crtbegin.o
LOAD /usr/lib/gcc/arm-none-eabi/8.3.1/../../../arm-none-eabi/lib/thumb/v6-m/nofp/crt0.o

.flash_begin    0x10000000        0x0
                0x10000000                __flash_binary_start = .

.boot2          0x10000000      0x100
                0x10000000                __boot2_start__ = .
 *(.boot2)
 .boot2         0x10000000      0x100 /tmp/ccUHFy8P.o
                0x10000100                __boot2_end__ = .
                0x00000001                ASSERT (((__boot2_end__ - __boot2_start__) == 0x100), ERROR: Pico second stage bootloader must be 256 bytes in size)

.text           0x10000100    0x25404
                0x10000100                __logical_binary_start = .
 *(.vectors)
 .vectors       0x10000100       0xd4 CMakeFiles/master.dir/home/pi/pico/pico-sdk/src/rp2_common/pico_crt0/crt0.S.obj
                0x10000100                __vectors
                0x10000100                __VECTOR_TABLE
                0x100001c0                isr_invalid
                0x100001c0                __default_isrs_start
                0x100001c2                isr_nmi
                0x100001c4                isr_hardfault
                0x100001c6                isr_svcall
                0x100001c8                isr_pendsv
                0x100001ca                isr_systick
                0x100001cc                isr_irq30
                0x100001cc                __unhandled_user_irq
                0x100001cc                isr_irq13
                0x100001cc                isr_irq27
                0x100001cc                isr_irq31
                0x100001cc                isr_irq5
                0x100001cc                isr_irq11
                0x100001cc                isr_irq23
                0x100001cc                isr_irq18
                0x100001cc                isr_irq28
                0x100001cc                isr_irq19
                0x100001cc                isr_irq0
                0x100001cc                isr_irq6
                0x100001cc                isr_irq22
                0x100001cc                isr_irq17
                0x100001cc                isr_irq14
                0x100001cc                isr_irq2
                0x100001cc                isr_irq10
                0x100001cc                isr_irq8
                0x100001cc                isr_irq24
                0x100001cc                isr_irq1
                0x100001cc                isr_irq7
                0x100001cc                isr_irq21
                0x100001cc                isr_irq20
                0x100001cc                isr_irq15
                0x100001cc                isr_irq25
                0x100001cc                isr_irq4
                0x100001cc                isr_irq16
                0x100001cc                isr_irq29
                0x100001cc                isr_irq26
                0x100001cc                __default_isrs_end
                0x100001cc                isr_irq3
                0x100001cc                isr_irq12
                0x100001cc                isr_irq9
                0x100001d2                unhandled_user_irq_num_in_r0
 *(.binary_info_header)
 .binary_info_header
                0x100001d4       0x14 CMakeFiles/master.dir/home/pi/pico/pico-sdk/src/rp2_common/pico_crt0/crt0.S.obj
                0x100001e8                __binary_info_header_end = .
 *(.embedded_block)
                0x100001e8                __embedded_block_end = .
 *(.reset)
 .reset         0x100001e8       0x9c CMakeFiles/master.dir/home/pi/pico/pico-sdk/src/rp2_common/pico_crt0/crt0.S.obj
                0x100001e8                _entry_point
 *(.init)
 .init          0x10000284        0x4 /usr/lib/gcc/arm-none-eabi/8.3.1/thumb/v6-m/nofp/crti.o
                0x10000284                _init
 *(EXCLUDE_FILE(*libm.a: *libc.a:*lib_a-mem*.o *libgcc.a:) .text*)
 .text          0x10000288       0x98 /usr/lib/gcc/arm-none-eabi/8.3.1/thumb/v6-m/nofp/crtbegin.o
 .text.SCPI_ErrorEmit
                0x10000320       0x22 CMakeFiles/master.dir/master.c.obj
 *fill*         0x10000342        0x2 
 .text.SCPI_ErrorAddInternal
                0x10000344       0x38 CMakeFiles/master.dir/master.c.obj
 .text.SCPI_ErrorInit
                0x1000037c        0xa CMakeFiles/master.dir/master.c.obj
                0x1000037c                SCPI_ErrorInit
 .text.SCPI_ErrorCount
                0x10000386       0x1c CMakeFiles/master.dir/master.c.obj
                0x10000386                SCPI_ErrorCount
 .text.SCPI_ErrorEmitEmpty
                0x100003a2       0x38 CMakeFiles/master.dir/master.c.obj
 .text.SCPI_ErrorClear
                0x100003da       0x12 CMakeFiles/master.dir/master.c.obj
                0x100003da                SCPI_ErrorClear
 .text.SCPI_ErrorPop
                0x100003ec       0x28 CMakeFiles/master.dir/master.c.obj
                0x100003ec                SCPI_ErrorPop
 .text.SCPI_ErrorPushEx
                0x10000414       0x94 CMakeFiles/master.dir/master.c.obj
                0x10000414                SCPI_ErrorPushEx
 .text.SCPI_ErrorPush
                0x100004a8        0xc CMakeFiles/master.dir/master.c.obj
                0x100004a8                SCPI_ErrorPush
 .text.SCPI_ErrorTranslate
                0x100004b4      0x4e4 CMakeFiles/master.dir/master.c.obj
                0x100004b4                SCPI_ErrorTranslate
 .text.enque    0x10000998       0x64 CMakeFiles/master.dir/master.c.obj
                0x10000998                enque
 .text.on_uart_rx
                0x100009fc      0x138 CMakeFiles/master.dir/master.c.obj
                0x100009fc                on_uart_rx
 .text.init_queue
                0x10000b34       0x28 CMakeFiles/master.dir/master.c.obj
                0x10000b34                init_queue
 .text.deque    0x10000b5c       0x74 CMakeFiles/master.dir/master.c.obj
                0x10000b5c                deque
 .text.init_main_com
                0x10000bd0       0x9c CMakeFiles/master.dir/master.c.obj
                0x10000bd0                init_main_com
 .text.Hardware_Default_Setting
                0x10000c6c      0x154 CMakeFiles/master.dir/master.c.obj
                0x10000c6c                Hardware_Default_Setting
 .text.main     0x10000dc0      0x1ac CMakeFiles/master.dir/master.c.obj
                0x10000dc0                main
 .text.output_buffer_clear
                0x10000f6c       0x14 CMakeFiles/master.dir/test.c.obj
 .text.removeCRLF
                0x10000f80       0x2e CMakeFiles/master.dir/test.c.obj
                0x10000f80                removeCRLF
 *fill*         0x10000fae        0x2 
 .text.init_buffer
                0x10000fb0       0x1c CMakeFiles/master.dir/test.c.obj
                0x10000fb0                init_buffer
 .text.add_message
                0x10000fcc       0x60 CMakeFiles/master.dir/test.c.obj
                0x10000fcc                add_message
 .text.print_messages
                0x1000102c      0x18c CMakeFiles/master.dir/test.c.obj
                0x1000102c                print_messages
 .text.test_cmd_result
                0x100011b8      0x15c CMakeFiles/master.dir/test.c.obj
                0x100011b8                test_cmd_result
 .text.test_cmd_out
                0x10001314       0x9c CMakeFiles/master.dir/test.c.obj
                0x10001314                test_cmd_out
 .text.test_cmd_substring
                0x100013b0       0x9c CMakeFiles/master.dir/test.c.obj
                0x100013b0                test_cmd_substring
 .text.test_selftest
                0x1000144c     0x23d0 CMakeFiles/master.dir/test.c.obj
                0x1000144c                test_selftest
 .text.test_inst_manual
                0x1000381c     0x2520 CMakeFiles/master.dir/test.c.obj
                0x1000381c                test_inst_manual
 .text.test_command
                0x10005d3c     0x17f8 CMakeFiles/master.dir/test.c.obj
                0x10005d3c                test_command
 .text.internal_test_sequence
                0x10007534      0x7ec CMakeFiles/master.dir/test.c.obj
                0x10007534                internal_test_sequence
 .text.setup_master
                0x10007d20       0x44 CMakeFiles/master.dir/i2c_com.c.obj
                0x10007d20                setup_master
 .text.send_master
                0x10007d64       0xb4 CMakeFiles/master.dir/i2c_com.c.obj
                0x10007d64                send_master
 .text.relay_execute
                0x10007e18      0x9b4 CMakeFiles/master.dir/i2c_com.c.obj
                0x10007e18                relay_execute
 .text.digital_execute
                0x100087cc      0x21c CMakeFiles/master.dir/i2c_com.c.obj
                0x100087cc                digital_execute
 .text.gpio_execute
                0x100089e8      0x27c CMakeFiles/master.dir/i2c_com.c.obj
                0x100089e8                gpio_execute
 .text.system_execute
                0x10008c64      0x140 CMakeFiles/master.dir/i2c_com.c.obj
                0x10008c64                system_execute
 .text.read_master_adc
                0x10008da4      0x138 CMakeFiles/master.dir/functadv.c.obj
                0x10008da4                read_master_adc
 .text.read_power
                0x10008edc      0x114 CMakeFiles/master.dir/functadv.c.obj
                0x10008edc                read_power
 .text.calibrate_power
                0x10008ff0       0x70 CMakeFiles/master.dir/functadv.c.obj
                0x10008ff0                calibrate_power
 .text.dac_set  0x10009060       0x9c CMakeFiles/master.dir/functadv.c.obj
                0x10009060                dac_set
 .text.eeprom_data_valid
                0x100090fc       0xb4 CMakeFiles/master.dir/functadv.c.obj
                0x100090fc                eeprom_data_valid
 .text.cfg_eeprom_rw
                0x100091b0      0x1b8 CMakeFiles/master.dir/functadv.c.obj
                0x100091b0                cfg_eeprom_rw
 .text.cfg_eeprom_read_full
                0x10009368       0xd0 CMakeFiles/master.dir/functadv.c.obj
                0x10009368                cfg_eeprom_read_full
 .text.cfg_eeprom_write_default
                0x10009438       0xf4 CMakeFiles/master.dir/functadv.c.obj
                0x10009438                cfg_eeprom_write_default
 .text.stringtonumber
                0x1000952c       0x7c CMakeFiles/master.dir/functadv.c.obj
                0x1000952c                stringtonumber
 .text.IOBoard_Selftest
                0x100095a8      0x59c CMakeFiles/master.dir/functadv.c.obj
                0x100095a8                IOBoard_Selftest
 .text.reserved_addr
                0x10009b44       0x16 CMakeFiles/master.dir/functadv.c.obj
                0x10009b44                reserved_addr
 *fill*         0x10009b5a        0x2 
 .text.scan_i2c_bus
                0x10009b5c       0xa0 CMakeFiles/master.dir/functadv.c.obj
                0x10009b5c                scan_i2c_bus
 .text.Boot_check
                0x10009bfc       0xa0 CMakeFiles/master.dir/functadv.c.obj
                0x10009bfc                Boot_check
 .text.SCPI_Flush
                0x10009c9c        0x4 CMakeFiles/master.dir/fts_scpi.c.obj
 .text.output_buffer_write
                0x10009ca0       0x2c CMakeFiles/master.dir/fts_scpi.c.obj
 .text.SCPI_write
                0x10009ccc       0xd4 CMakeFiles/master.dir/fts_scpi.c.obj
                0x10009ccc                SCPI_write
 .text.SCPI_Reset
                0x10009da0       0x2c CMakeFiles/master.dir/fts_scpi.c.obj
                0x10009da0                SCPI_Reset
 .text.SCPI_Control
                0x10009dcc       0x4c CMakeFiles/master.dir/fts_scpi.c.obj
 .text.Callback_sync_com_scpi
                0x10009e18      0x66c CMakeFiles/master.dir/fts_scpi.c.obj
 .text.Callback_com_scpi
                0x1000a484      0x598 CMakeFiles/master.dir/fts_scpi.c.obj
 .text.Callback_eeprom_scpi
                0x1000aa1c      0x2ec CMakeFiles/master.dir/fts_scpi.c.obj
 .text.Callback_analog_scpi
                0x1000ad08      0x160 CMakeFiles/master.dir/fts_scpi.c.obj
 .text.Callback_gpio_scpi
                0x1000ae68      0x11c CMakeFiles/master.dir/fts_scpi.c.obj
 .text.Callback_Digital_scpi
                0x1000af84      0x120 CMakeFiles/master.dir/fts_scpi.c.obj
 .text.Callback_Relay_all_scpi
                0x1000b0a4      0x1a4 CMakeFiles/master.dir/fts_scpi.c.obj
 .text.SCPI_CallbackTstQ
                0x1000b248       0x24 CMakeFiles/master.dir/fts_scpi.c.obj
 .text.SCPI_Beep
                0x1000b26c       0x16 CMakeFiles/master.dir/fts_scpi.c.obj
                0x1000b26c                SCPI_Beep
 *fill*         0x1000b282        0x2 
 .text.SCPI_Error
                0x1000b284       0x48 CMakeFiles/master.dir/fts_scpi.c.obj
                0x1000b284                SCPI_Error
 .text.Callback_system_scpi
                0x1000b2cc      0x358 CMakeFiles/master.dir/fts_scpi.c.obj
 .text.ErrorBeep
                0x1000b624       0x30 CMakeFiles/master.dir/fts_scpi.c.obj
                0x1000b624                ErrorBeep
 .text.RegBitHdwrErr
                0x1000b654       0xb0 CMakeFiles/master.dir/fts_scpi.c.obj
                0x1000b654                RegBitHdwrErr
 .text.Relay_Chanlst
                0x1000b704      0x13c CMakeFiles/master.dir/fts_scpi.c.obj
                0x1000b704                Relay_Chanlst
 .text.Callback_Relay_scpi
                0x1000b840      0x108 CMakeFiles/master.dir/fts_scpi.c.obj
 .text.init_scpi
                0x1000b948       0x60 CMakeFiles/master.dir/fts_scpi.c.obj
                0x1000b948                init_scpi
 .text.scpi_spi_disable
                0x1000b9a8       0x5c CMakeFiles/master.dir/scpi_spi.c.obj
                0x1000b9a8                scpi_spi_disable
 .text.scpi_spi_status
                0x1000ba04        0xc CMakeFiles/master.dir/scpi_spi.c.obj
                0x1000ba04                scpi_spi_status
 .text.scpi_spi_set_baudrate
                0x1000ba10       0x28 CMakeFiles/master.dir/scpi_spi.c.obj
                0x1000ba10                scpi_spi_set_baudrate
 .text.scpi_spi_get_baudrate
                0x1000ba38        0xc CMakeFiles/master.dir/scpi_spi.c.obj
                0x1000ba38                scpi_spi_get_baudrate
 .text.scpi_spi_set_chipselect
                0x1000ba44       0x80 CMakeFiles/master.dir/scpi_spi.c.obj
                0x1000ba44                scpi_spi_set_chipselect
 .text.scpi_spi_get_chipselect
                0x1000bac4        0xc CMakeFiles/master.dir/scpi_spi.c.obj
                0x1000bac4                scpi_spi_get_chipselect
 .text.scpi_spi_get_databits
                0x1000bad0        0xc CMakeFiles/master.dir/scpi_spi.c.obj
                0x1000bad0                scpi_spi_get_databits
 .text.scpi_spi_set_mode
                0x1000badc       0xf0 CMakeFiles/master.dir/scpi_spi.c.obj
                0x1000badc                scpi_spi_set_mode
 .text.scpi_spi_enable
                0x1000bbcc       0x84 CMakeFiles/master.dir/scpi_spi.c.obj
                0x1000bbcc                scpi_spi_enable
 .text.spi_bytes
                0x1000bc50      0x1bc CMakeFiles/master.dir/scpi_spi.c.obj
 .text.spi_word
                0x1000be0c      0x1ac CMakeFiles/master.dir/scpi_spi.c.obj
 .text.scpi_spi_set_databits
                0x1000bfb8       0x38 CMakeFiles/master.dir/scpi_spi.c.obj
                0x1000bfb8                scpi_spi_set_databits
 .text.scpi_spi_get_mode
                0x1000bff0        0xc CMakeFiles/master.dir/scpi_spi.c.obj
                0x1000bff0                scpi_spi_get_mode
 .text.scpi_spi_wri_read_data
                0x1000bffc      0x174 CMakeFiles/master.dir/scpi_spi.c.obj
                0x1000bffc                scpi_spi_wri_read_data
 .text.scpi_i2c_enable
                0x1000c170       0x60 CMakeFiles/master.dir/scpi_i2c.c.obj
                0x1000c170                scpi_i2c_enable
 .text.scpi_i2c_disable
                0x1000c1d0       0x48 CMakeFiles/master.dir/scpi_i2c.c.obj
                0x1000c1d0                scpi_i2c_disable
 .text.scpi_i2c_status
                0x1000c218        0xc CMakeFiles/master.dir/scpi_i2c.c.obj
                0x1000c218                scpi_i2c_status
 .text.scpi_i2c_set_address
                0x1000c224       0x24 CMakeFiles/master.dir/scpi_i2c.c.obj
                0x1000c224                scpi_i2c_set_address
 .text.scpi_i2c_get_address
                0x1000c248        0xc CMakeFiles/master.dir/scpi_i2c.c.obj
                0x1000c248                scpi_i2c_get_address
 .text.scpi_i2c_set_baudrate
                0x1000c254       0x28 CMakeFiles/master.dir/scpi_i2c.c.obj
                0x1000c254                scpi_i2c_set_baudrate
 .text.scpi_i2c_get_baudrate
                0x1000c27c        0xc CMakeFiles/master.dir/scpi_i2c.c.obj
                0x1000c27c                scpi_i2c_get_baudrate
 .text.scpi_i2c_set_databits
                0x1000c288       0x24 CMakeFiles/master.dir/scpi_i2c.c.obj
                0x1000c288                scpi_i2c_set_databits
 .text.scpi_i2c_get_databits
                0x1000c2ac        0xc CMakeFiles/master.dir/scpi_i2c.c.obj
                0x1000c2ac                scpi_i2c_get_databits
 .text.scpi_i2c_wri_read_data
                0x1000c2b8      0x1a4 CMakeFiles/master.dir/scpi_i2c.c.obj
                0x1000c2b8                scpi_i2c_wri_read_data
 .text.send_char
                0x1000c45c       0x70 CMakeFiles/master.dir/scpi_uart.c.obj
 .text.receive_char_with_timeout
                0x1000c4cc       0x58 CMakeFiles/master.dir/scpi_uart.c.obj
 .text.clear_receive_fifo
                0x1000c524       0x44 CMakeFiles/master.dir/scpi_uart.c.obj
 .text.scpi_uart_enable
                0x1000c568       0x98 CMakeFiles/master.dir/scpi_uart.c.obj
                0x1000c568                scpi_uart_enable
 .text.scpi_uart_disable
                0x1000c600       0x70 CMakeFiles/master.dir/scpi_uart.c.obj
                0x1000c600                scpi_uart_disable
 .text.scpi_uart_status
                0x1000c670        0xc CMakeFiles/master.dir/scpi_uart.c.obj
                0x1000c670                scpi_uart_status
 .text.scpi_uart_set_baudrate
                0x1000c67c       0x18 CMakeFiles/master.dir/scpi_uart.c.obj
                0x1000c67c                scpi_uart_set_baudrate
 .text.scpi_uart_get_baudrate
                0x1000c694        0xc CMakeFiles/master.dir/scpi_uart.c.obj
                0x1000c694                scpi_uart_get_baudrate
 .text.scpi_uart_set_timeout
                0x1000c6a0        0xc CMakeFiles/master.dir/scpi_uart.c.obj
                0x1000c6a0                scpi_uart_set_timeout
 .text.scpi_uart_get_timeout
                0x1000c6ac        0xc CMakeFiles/master.dir/scpi_uart.c.obj
                0x1000c6ac                scpi_uart_get_timeout
 .text.scpi_uart_set_handshake
                0x1000c6b8       0x68 CMakeFiles/master.dir/scpi_uart.c.obj
                0x1000c6b8                scpi_uart_set_handshake
 .text.scpi_uart_get_handshake
                0x1000c720        0xc CMakeFiles/master.dir/scpi_uart.c.obj
                0x1000c720                scpi_uart_get_handshake
 .text.scpi_uart_set_protocol
                0x1000c72c      0x108 CMakeFiles/master.dir/scpi_uart.c.obj
                0x1000c72c                scpi_uart_set_protocol
 .text.scpi_uart_get_protocol
                0x1000c834       0x4c CMakeFiles/master.dir/scpi_uart.c.obj
                0x1000c834                scpi_uart_get_protocol
 .text.scpi_uart_write_data
                0x1000c880       0x6c CMakeFiles/master.dir/scpi_uart.c.obj
                0x1000c880                scpi_uart_write_data
 .text.scpi_uart_write_read_data
                0x1000c8ec      0x1c8 CMakeFiles/master.dir/scpi_uart.c.obj
                0x1000c8ec                scpi_uart_write_read_data
 .text.gpio_set_function
                0x1000cab4       0x34 CMakeFiles/master.dir/home/pi/pico/pico-sdk/src/rp2_common/hardware_gpio/gpio.c.obj
                0x1000cab4                gpio_set_function
 .text.gpio_set_pulls
                0x1000cae8       0x38 CMakeFiles/master.dir/home/pi/pico/pico-sdk/src/rp2_common/hardware_gpio/gpio.c.obj
                0x1000cae8                gpio_set_pulls
 .text.gpio_init
                0x1000cb20       0x16 CMakeFiles/master.dir/home/pi/pico/pico-sdk/src/rp2_common/hardware_gpio/gpio.c.obj
                0x1000cb20                gpio_init
 .text.gpio_init_mask
                0x1000cb36       0x1e CMakeFiles/master.dir/home/pi/pico/pico-sdk/src/rp2_common/hardware_gpio/gpio.c.obj
                0x1000cb36                gpio_init_mask
 .text.rp2040_chip_version
                0x1000cb54       0x4c CMakeFiles/master.dir/home/pi/pico/pico-sdk/src/rp2040/pico_platform/platform.c.obj
                0x1000cb54                rp2040_chip_version
 .text.panic    0x1000cba0       0x30 CMakeFiles/master.dir/home/pi/pico/pico-sdk/src/rp2_common/pico_platform_panic/panic.c.obj
                0x1000cba0                panic
 .text.hw_claim_lock
                0x1000cbd0       0x18 CMakeFiles/master.dir/home/pi/pico/pico-sdk/src/common/hardware_claim/claim.c.obj
                0x1000cbd0                hw_claim_lock
 .text.hw_claim_unlock
                0x1000cbe8       0x14 CMakeFiles/master.dir/home/pi/pico/pico-sdk/src/common/hardware_claim/claim.c.obj
                0x1000cbe8                hw_claim_unlock
 .text.hw_claim_or_assert
                0x1000cbfc       0x32 CMakeFiles/master.dir/home/pi/pico/pico-sdk/src/common/hardware_claim/claim.c.obj
                0x1000cbfc                hw_claim_or_assert
 .text.hw_claim_unused_from_range
                0x1000cc2e       0x50 CMakeFiles/master.dir/home/pi/pico/pico-sdk/src/common/hardware_claim/claim.c.obj
                0x1000cc2e                hw_claim_unused_from_range
 *fill*         0x1000cc7e        0x2 
 .text.next_striped_spin_lock_num
                0x1000cc80       0x1c CMakeFiles/master.dir/home/pi/pico/pico-sdk/src/rp2_common/hardware_sync/sync.c.obj
                0x1000cc80                next_striped_spin_lock_num
 .text.spin_lock_claim_unused
                0x1000cc9c       0x20 CMakeFiles/master.dir/home/pi/pico/pico-sdk/src/rp2_common/hardware_sync/sync.c.obj
                0x1000cc9c                spin_lock_claim_unused
 .text.spin_locks_reset
                0x1000ccbc       0x20 CMakeFiles/master.dir/home/pi/pico/pico-sdk/src/rp2_common/hardware_sync_spin_lock/sync_spin_lock.c.obj
                0x1000ccbc                spin_locks_reset
 .text.set_raw_irq_handler_and_unlock
                0x1000ccdc       0x28 CMakeFiles/master.dir/home/pi/pico/pico-sdk/src/rp2_common/hardware_irq/irq.c.obj
 .text.nvic_ipr0
                0x1000cd04        0x8 CMakeFiles/master.dir/home/pi/pico/pico-sdk/src/rp2_common/hardware_irq/irq.c.obj
 .text.runtime_init_per_core_irq_priorities
                0x1000cd0c       0x1c CMakeFiles/master.dir/home/pi/pico/pico-sdk/src/rp2_common/hardware_irq/irq.c.obj
                0x1000cd0c                runtime_init_per_core_irq_priorities
 .text.make_j_16
                0x1000cd28       0x4c CMakeFiles/master.dir/home/pi/pico/pico-sdk/src/rp2_common/hardware_irq/irq.c.obj
 .text.irq_is_enabled
                0x1000cd74       0x18 CMakeFiles/master.dir/home/pi/pico/pico-sdk/src/rp2_common/hardware_irq/irq.c.obj
                0x1000cd74                irq_is_enabled
 .text.irq_set_mask_n_enabled
                0x1000cd8c       0x1c CMakeFiles/master.dir/home/pi/pico/pico-sdk/src/rp2_common/hardware_irq/irq.c.obj
                0x1000cd8c                irq_set_mask_n_enabled
 .text.irq_set_enabled
                0x1000cda8       0x14 CMakeFiles/master.dir/home/pi/pico/pico-sdk/src/rp2_common/hardware_irq/irq.c.obj
                0x1000cda8                irq_set_enabled
 .text.irq_set_pending
                0x1000cdbc       0x10 CMakeFiles/master.dir/home/pi/pico/pico-sdk/src/rp2_common/hardware_irq/irq.c.obj
                0x1000cdbc                irq_set_pending
 .text.irq_get_vtable_handler
                0x1000cdcc       0x10 CMakeFiles/master.dir/home/pi/pico/pico-sdk/src/rp2_common/hardware_irq/irq.c.obj
                0x1000cdcc                irq_get_vtable_handler
 .text.irq_has_shared_handler
                0x1000cddc       0x24 CMakeFiles/master.dir/home/pi/pico/pico-sdk/src/rp2_common/hardware_irq/irq.c.obj
                0x1000cddc                irq_has_shared_handler
 .text.irq_set_exclusive_handler
                0x1000ce00       0x54 CMakeFiles/master.dir/home/pi/pico/pico-sdk/src/rp2_common/hardware_irq/irq.c.obj
                0x1000ce00                irq_set_exclusive_handler
 .text.irq_add_shared_handler
                0x1000ce54      0x234 CMakeFiles/master.dir/home/pi/pico/pico-sdk/src/rp2_common/hardware_irq/irq.c.obj
                0x1000ce54                irq_add_shared_handler
 .text.irq_add_tail_to_free_list
                0x1000d088       0xf4 CMakeFiles/master.dir/home/pi/pico/pico-sdk/src/rp2_common/hardware_irq/irq.c.obj
                0x1000d088                irq_add_tail_to_free_list
 .text.user_irq_claim_unused
                0x1000d17c       0x28 CMakeFiles/master.dir/home/pi/pico/pico-sdk/src/rp2_common/hardware_irq/irq.c.obj
                0x1000d17c                user_irq_claim_unused
 .text.lock_init
                0x1000d1a4       0x10 CMakeFiles/master.dir/home/pi/pico/pico-sdk/src/common/pico_sync/lock_core.c.obj
                0x1000d1a4                lock_init
 .text.mutex_init
                0x1000d1b4       0x1a CMakeFiles/master.dir/home/pi/pico/pico-sdk/src/common/pico_sync/mutex.c.obj
                0x1000d1b4                mutex_init
 .text.recursive_mutex_init
                0x1000d1ce       0x1e CMakeFiles/master.dir/home/pi/pico/pico-sdk/src/common/pico_sync/mutex.c.obj
                0x1000d1ce                recursive_mutex_init
 .text.runtime_init_mutex
                0x1000d1ec       0x4c CMakeFiles/master.dir/home/pi/pico/pico-sdk/src/common/pico_sync/mutex.c.obj
                0x1000d1ec                runtime_init_mutex
 .text.critical_section_init_with_lock_num
                0x1000d238       0x14 CMakeFiles/master.dir/home/pi/pico/pico-sdk/src/common/pico_sync/critical_section.c.obj
                0x1000d238                critical_section_init_with_lock_num
 .text.critical_section_init
                0x1000d24c       0x14 CMakeFiles/master.dir/home/pi/pico/pico-sdk/src/common/pico_sync/critical_section.c.obj
                0x1000d24c                critical_section_init
 .text.make_alarm_id
                0x1000d260        0x6 CMakeFiles/master.dir/home/pi/pico/pico-sdk/src/common/pico_time/time.c.obj
 *fill*         0x1000d266        0x2 
 .text.sleep_until_callback
                0x1000d268       0x30 CMakeFiles/master.dir/home/pi/pico/pico-sdk/src/common/pico_time/time.c.obj
 .text.alarm_pool_irq_handler
                0x1000d298      0x2e8 CMakeFiles/master.dir/home/pi/pico/pico-sdk/src/common/pico_time/time.c.obj
 .text.alarm_pool_post_alloc_init
                0x1000d580       0x80 CMakeFiles/master.dir/home/pi/pico/pico-sdk/src/common/pico_time/time.c.obj
 .text.alarm_pool_get_default
                0x1000d600       0x2c CMakeFiles/master.dir/home/pi/pico/pico-sdk/src/common/pico_time/time.c.obj
                0x1000d600                alarm_pool_get_default
 .text.alarm_pool_add_alarm_at_force_in_context
                0x1000d62c       0xa8 CMakeFiles/master.dir/home/pi/pico/pico-sdk/src/common/pico_time/time.c.obj
                0x1000d62c                alarm_pool_add_alarm_at_force_in_context
 .text.alarm_pool_add_alarm_at
                0x1000d6d4       0x3c CMakeFiles/master.dir/home/pi/pico/pico-sdk/src/common/pico_time/time.c.obj
                0x1000d6d4                alarm_pool_add_alarm_at
 .text.alarm_pool_cancel_alarm
                0x1000d710       0x78 CMakeFiles/master.dir/home/pi/pico/pico-sdk/src/common/pico_time/time.c.obj
                0x1000d710                alarm_pool_cancel_alarm
 .text.alarm_pool_core_num
                0x1000d788        0x4 CMakeFiles/master.dir/home/pi/pico/pico-sdk/src/common/pico_time/time.c.obj
                0x1000d788                alarm_pool_core_num
 .text.sleep_until
                0x1000d78c       0xc8 CMakeFiles/master.dir/home/pi/pico/pico-sdk/src/common/pico_time/time.c.obj
                0x1000d78c                sleep_until
 .text.sleep_us
                0x1000d854       0x24 CMakeFiles/master.dir/home/pi/pico/pico-sdk/src/common/pico_time/time.c.obj
                0x1000d854                sleep_us
 .text.sleep_ms
                0x1000d878       0x14 CMakeFiles/master.dir/home/pi/pico/pico-sdk/src/common/pico_time/time.c.obj
                0x1000d878                sleep_ms
 .text.best_effort_wfe_or_timeout
                0x1000d88c       0xd8 CMakeFiles/master.dir/home/pi/pico/pico-sdk/src/common/pico_time/time.c.obj
                0x1000d88c                best_effort_wfe_or_timeout
 .text.alarm_pool_get_default_timer
                0x1000d964        0x8 CMakeFiles/master.dir/home/pi/pico/pico-sdk/src/common/pico_time/time.c.obj
                0x1000d964                alarm_pool_get_default_timer
 .text.runtime_init_default_alarm_pool
                0x1000d96c       0x38 CMakeFiles/master.dir/home/pi/pico/pico-sdk/src/common/pico_time/time.c.obj
                0x1000d96c                runtime_init_default_alarm_pool
 .text.check_single_timeout_us
                0x1000d9a4       0x2c CMakeFiles/master.dir/home/pi/pico/pico-sdk/src/common/pico_time/timeout_helper.c.obj
 .text.init_single_timeout_until
                0x1000d9d0        0xc CMakeFiles/master.dir/home/pi/pico/pico-sdk/src/common/pico_time/timeout_helper.c.obj
                0x1000d9d0                init_single_timeout_until
 .text.timer_hardware_alarm_claim
                0x1000d9dc       0x14 CMakeFiles/master.dir/home/pi/pico/pico-sdk/src/rp2_common/hardware_timer/timer.c.obj
                0x1000d9dc                timer_hardware_alarm_claim
 .text.timer_time_us_64
                0x1000d9f0       0x12 CMakeFiles/master.dir/home/pi/pico/pico-sdk/src/rp2_common/hardware_timer/timer.c.obj
                0x1000d9f0                timer_time_us_64
 .text.timer_busy_wait_until
                0x1000da02       0x18 CMakeFiles/master.dir/home/pi/pico/pico-sdk/src/rp2_common/hardware_timer/timer.c.obj
                0x1000da02                timer_busy_wait_until
 .text.timer_busy_wait_us
                0x1000da1a       0x2c CMakeFiles/master.dir/home/pi/pico/pico-sdk/src/rp2_common/hardware_timer/timer.c.obj
                0x1000da1a                timer_busy_wait_us
 *fill*         0x1000da46        0x2 
 .text.time_us_64
                0x1000da48       0x10 CMakeFiles/master.dir/home/pi/pico/pico-sdk/src/rp2_common/hardware_timer/timer.c.obj
                0x1000da48                time_us_64
 .text.busy_wait_us
                0x1000da58       0x14 CMakeFiles/master.dir/home/pi/pico/pico-sdk/src/rp2_common/hardware_timer/timer.c.obj
                0x1000da58                busy_wait_us
 .text.busy_wait_until
                0x1000da6c       0x14 CMakeFiles/master.dir/home/pi/pico/pico-sdk/src/rp2_common/hardware_timer/timer.c.obj
                0x1000da6c                busy_wait_until
 .text.uart_disable_before_lcr_write
                0x1000da80       0x48 CMakeFiles/master.dir/home/pi/pico/pico-sdk/src/rp2_common/hardware_uart/uart.c.obj
 .text.uart_write_lcr_bits_masked
                0x1000dac8       0x20 CMakeFiles/master.dir/home/pi/pico/pico-sdk/src/rp2_common/hardware_uart/uart.c.obj
 .text.uart_deinit
                0x1000dae8       0x20 CMakeFiles/master.dir/home/pi/pico/pico-sdk/src/rp2_common/hardware_uart/uart.c.obj
                0x1000dae8                uart_deinit
 .text.uart_set_baudrate
                0x1000db08       0x5c CMakeFiles/master.dir/home/pi/pico/pico-sdk/src/rp2_common/hardware_uart/uart.c.obj
                0x1000db08                uart_set_baudrate
 .text.uart_set_format
                0x1000db64       0x2c CMakeFiles/master.dir/home/pi/pico/pico-sdk/src/rp2_common/hardware_uart/uart.c.obj
                0x1000db64                uart_set_format
 .text.uart_set_fifo_enabled
                0x1000db90       0x10 CMakeFiles/master.dir/home/pi/pico/pico-sdk/src/rp2_common/hardware_uart/uart.c.obj
                0x1000db90                uart_set_fifo_enabled
 .text.uart_set_translate_crlf
                0x1000dba0       0x28 CMakeFiles/master.dir/home/pi/pico/pico-sdk/src/rp2_common/hardware_uart/uart.c.obj
                0x1000dba0                uart_set_translate_crlf
 .text.uart_init
                0x1000dbc8       0x74 CMakeFiles/master.dir/home/pi/pico/pico-sdk/src/rp2_common/hardware_uart/uart.c.obj
                0x1000dbc8                uart_init
 .text.clock_configure_internal
                0x1000dc3c       0xc0 CMakeFiles/master.dir/home/pi/pico/pico-sdk/src/rp2_common/hardware_clocks/clocks.c.obj
 .text.clock_configure_int_divider
                0x1000dcfc       0x28 CMakeFiles/master.dir/home/pi/pico/pico-sdk/src/rp2_common/hardware_clocks/clocks.c.obj
                0x1000dcfc                clock_configure_int_divider
 .text.clock_configure_undivided
                0x1000dd24       0x12 CMakeFiles/master.dir/home/pi/pico/pico-sdk/src/rp2_common/hardware_clocks/clocks.c.obj
                0x1000dd24                clock_configure_undivided
 *fill*         0x1000dd36        0x2 
 .text.clock_get_hz
                0x1000dd38        0xc CMakeFiles/master.dir/home/pi/pico/pico-sdk/src/rp2_common/hardware_clocks/clocks.c.obj
                0x1000dd38                clock_get_hz
 .text.pll_init
                0x1000dd44      0x120 CMakeFiles/master.dir/home/pi/pico/pico-sdk/src/rp2_common/hardware_pll/pll.c.obj
                0x1000dd44                pll_init
 .text.watchdog_update
                0x1000de64       0x14 CMakeFiles/master.dir/home/pi/pico/pico-sdk/src/rp2_common/hardware_watchdog/watchdog.c.obj
                0x1000de64                watchdog_update
 .text._watchdog_enable
                0x1000de78       0x74 CMakeFiles/master.dir/home/pi/pico/pico-sdk/src/rp2_common/hardware_watchdog/watchdog.c.obj
                0x1000de78                _watchdog_enable
 .text.watchdog_enable
                0x1000deec       0x18 CMakeFiles/master.dir/home/pi/pico/pico-sdk/src/rp2_common/hardware_watchdog/watchdog.c.obj
                0x1000deec                watchdog_enable
 .text.watchdog_reboot
                0x1000df04       0x44 CMakeFiles/master.dir/home/pi/pico/pico-sdk/src/rp2_common/hardware_watchdog/watchdog.c.obj
                0x1000df04                watchdog_reboot
 .text.watchdog_caused_reboot
                0x1000df48       0x10 CMakeFiles/master.dir/home/pi/pico/pico-sdk/src/rp2_common/hardware_watchdog/watchdog.c.obj
                0x1000df48                watchdog_caused_reboot
 .text.tick_start
                0x1000df58       0x10 CMakeFiles/master.dir/home/pi/pico/pico-sdk/src/rp2_common/hardware_ticks/ticks.c.obj
                0x1000df58                tick_start
 .text.xosc_init
                0x1000df68       0x28 CMakeFiles/master.dir/home/pi/pico/pico-sdk/src/rp2_common/hardware_xosc/xosc.c.obj
                0x1000df68                xosc_init
 .text.runtime_run_initializers_from
                0x1000df90       0x18 CMakeFiles/master.dir/home/pi/pico/pico-sdk/src/rp2_common/pico_runtime/runtime.c.obj
 .text.first_per_core_initializer
                0x1000dfa8        0x2 CMakeFiles/master.dir/home/pi/pico/pico-sdk/src/rp2_common/pico_runtime/runtime.c.obj
 *fill*         0x1000dfaa        0x2 
 .text.runtime_run_initializers
                0x1000dfac       0x10 CMakeFiles/master.dir/home/pi/pico/pico-sdk/src/rp2_common/pico_runtime/runtime.c.obj
                0x1000dfac                runtime_run_initializers
 .text.runtime_init_early_resets
                0x1000dfbc       0x2c CMakeFiles/master.dir/home/pi/pico/pico-sdk/src/rp2_common/pico_runtime_init/runtime_init.c.obj
                0x1000dfbc                runtime_init_early_resets
 .text.runtime_init_usb_power_down
                0x1000dfe8       0x1c CMakeFiles/master.dir/home/pi/pico/pico-sdk/src/rp2_common/pico_runtime_init/runtime_init.c.obj
                0x1000dfe8                runtime_init_usb_power_down
 .text.runtime_init_post_clock_resets
                0x1000e004       0x20 CMakeFiles/master.dir/home/pi/pico/pico-sdk/src/rp2_common/pico_runtime_init/runtime_init.c.obj
                0x1000e004                runtime_init_post_clock_resets
 .text.runtime_init_rp2040_gpio_ie_disable
                0x1000e024       0x14 CMakeFiles/master.dir/home/pi/pico/pico-sdk/src/rp2_common/pico_runtime_init/runtime_init.c.obj
                0x1000e024                runtime_init_rp2040_gpio_ie_disable
 .text.runtime_init_spin_locks_reset
                0x1000e038        0x8 CMakeFiles/master.dir/home/pi/pico/pico-sdk/src/rp2_common/pico_runtime_init/runtime_init.c.obj
                0x1000e038                runtime_init_spin_locks_reset
 .text.runtime_init_install_ram_vector_table
                0x1000e040       0x1c CMakeFiles/master.dir/home/pi/pico/pico-sdk/src/rp2_common/pico_runtime_init/runtime_init.c.obj
                0x1000e040                runtime_init_install_ram_vector_table
 .text.start_all_ticks
                0x1000e05c       0x28 CMakeFiles/master.dir/home/pi/pico/pico-sdk/src/rp2_common/pico_runtime_init/runtime_init_clocks.c.obj
 .text.runtime_init_clocks
                0x1000e084       0xcc CMakeFiles/master.dir/home/pi/pico/pico-sdk/src/rp2_common/pico_runtime_init/runtime_init_clocks.c.obj
                0x1000e084                runtime_init_clocks
 .text          0x1000e150       0x10 CMakeFiles/master.dir/home/pi/pico/pico-sdk/src/rp2_common/pico_bit_ops/bit_ops_aeabi.S.obj
 .text.rom_func_lookup
                0x1000e160       0x10 CMakeFiles/master.dir/home/pi/pico/pico-sdk/src/rp2_common/pico_bootrom/bootrom.c.obj
                0x1000e160                rom_func_lookup
 .text.rom_data_lookup
                0x1000e170       0x10 CMakeFiles/master.dir/home/pi/pico/pico-sdk/src/rp2_common/pico_bootrom/bootrom.c.obj
                0x1000e170                rom_data_lookup
 .text.rom_funcs_lookup
                0x1000e180       0x36 CMakeFiles/master.dir/home/pi/pico/pico-sdk/src/rp2_common/pico_bootrom/bootrom.c.obj
                0x1000e180                rom_funcs_lookup
 *fill*         0x1000e1b6        0x2 
 .text.rom_reset_usb_boot
                0x1000e1b8       0x18 CMakeFiles/master.dir/home/pi/pico/pico-sdk/src/rp2_common/pico_bootrom/bootrom.c.obj
                0x1000e1b8                rom_reset_usb_boot
 .text.__wrap___aeabi_idiv
                0x1000e1d0       0x50 CMakeFiles/master.dir/home/pi/pico/pico-sdk/src/rp2_common/pico_divider/divider_hardware.S.obj
                0x1000e1d0                __wrap___aeabi_idivmod
                0x1000e1d0                divmod_s32s32
                0x1000e1d0                div_s32s32
                0x1000e1d0                __wrap___aeabi_idiv
                0x1000e1d8                divmod_s32s32_unsafe
                0x1000e204                divmod_s32s32_savestate
 .text.__wrap___aeabi_uidiv
                0x1000e220       0x4c CMakeFiles/master.dir/home/pi/pico/pico-sdk/src/rp2_common/pico_divider/divider_hardware.S.obj
                0x1000e220                __wrap___aeabi_uidiv
                0x1000e220                __wrap___aeabi_uidivmod
                0x1000e220                div_u32u32
                0x1000e220                divmod_u32u32
                0x1000e228                divmod_u32u32_unsafe
                0x1000e250                divmod_u32u32_savestate
 .text.__wrap___aeabi_ldiv
                0x1000e26c      0x424 CMakeFiles/master.dir/home/pi/pico/pico-sdk/src/rp2_common/pico_divider/divider_hardware.S.obj
                0x1000e26c                div_s64s64
                0x1000e26c                divmod_s64s64
                0x1000e26c                __wrap___aeabi_ldivmod
                0x1000e29c                div_u64u64
                0x1000e29c                divmod_u64u64
                0x1000e29c                __wrap___aeabi_uldivmod
                0x1000e2ac                divmod_u64u64_savestate
                0x1000e2cc                divmod_s64s64_unsafe
                0x1000e354                divmod_u64u64_unsafe
 .text.__wrap___aeabi_darithmetic
                0x1000e690       0x80 CMakeFiles/master.dir/home/pi/pico/pico-sdk/src/rp2_common/pico_double/double_aeabi_rp2040.S.obj
                0x1000e690                __wrap___aeabi_drsub
                0x1000e696                __wrap___aeabi_dsub
                0x1000e6a8                __wrap___aeabi_dadd
                0x1000e6ba                __wrap___aeabi_ddiv
                0x1000e6f6                __wrap___aeabi_dmul
 .text.__wrap___aeabi_cdcmple
                0x1000e710       0x6c CMakeFiles/master.dir/home/pi/pico/pico-sdk/src/rp2_common/pico_double/double_aeabi_rp2040.S.obj
                0x1000e710                __wrap___aeabi_cdrcmple
                0x1000e720                __wrap___aeabi_cdcmple
                0x1000e720                __wrap___aeabi_cdcmpeq
 .text.__wrap___aeabi_dcmpeq
                0x1000e77c       0x10 CMakeFiles/master.dir/home/pi/pico/pico-sdk/src/rp2_common/pico_double/double_aeabi_rp2040.S.obj
                0x1000e77c                __wrap___aeabi_dcmpeq
 .text.__wrap___aeabi_dcmplt
                0x1000e78c        0xc CMakeFiles/master.dir/home/pi/pico/pico-sdk/src/rp2_common/pico_double/double_aeabi_rp2040.S.obj
                0x1000e78c                __wrap___aeabi_dcmplt
 .text.__wrap___aeabi_dcmple
                0x1000e798       0x10 CMakeFiles/master.dir/home/pi/pico/pico-sdk/src/rp2_common/pico_double/double_aeabi_rp2040.S.obj
                0x1000e798                __wrap___aeabi_dcmple
 .text.__wrap___aeabi_dcmpge
                0x1000e7a8       0x10 CMakeFiles/master.dir/home/pi/pico/pico-sdk/src/rp2_common/pico_double/double_aeabi_rp2040.S.obj
                0x1000e7a8                __wrap___aeabi_dcmpge
 .text.__wrap___aeabi_dcmpgt
                0x1000e7b8        0xa CMakeFiles/master.dir/home/pi/pico/pico-sdk/src/rp2_common/pico_double/double_aeabi_rp2040.S.obj
                0x1000e7b8                __wrap___aeabi_dcmpgt
 .text.__wrap___aeabi_dcmpun
                0x1000e7c2       0x18 CMakeFiles/master.dir/home/pi/pico/pico-sdk/src/rp2_common/pico_double/double_aeabi_rp2040.S.obj
                0x1000e7c2                __wrap___aeabi_dcmpun
 *fill*         0x1000e7da        0x2 
 .text.__wrap___aeabi_i2d
                0x1000e7dc       0x38 CMakeFiles/master.dir/home/pi/pico/pico-sdk/src/rp2_common/pico_double/double_aeabi_rp2040.S.obj
                0x1000e7dc                __wrap___aeabi_ui2d
                0x1000e7e4                __wrap___aeabi_i2d
 .text.__wrap___aeabi_d2iz
                0x1000e814       0x48 CMakeFiles/master.dir/home/pi/pico/pico-sdk/src/rp2_common/pico_double/double_aeabi_rp2040.S.obj
                0x1000e814                __wrap___aeabi_d2iz
                0x1000e814                double2int_z
 .text.__wrap___aeabi_d2uiz
                0x1000e85c       0x18 CMakeFiles/master.dir/home/pi/pico/pico-sdk/src/rp2_common/pico_double/double_aeabi_rp2040.S.obj
                0x1000e85c                double2uint
                0x1000e85c                __wrap___aeabi_d2uiz
 .text.__wrap___aeabi_l2d
                0x1000e874       0x18 CMakeFiles/master.dir/home/pi/pico/pico-sdk/src/rp2_common/pico_double/double_aeabi_rp2040.S.obj
                0x1000e874                __wrap___aeabi_l2d
 .text.__wrap___aeabi_ul2d
                0x1000e88c       0x18 CMakeFiles/master.dir/home/pi/pico/pico-sdk/src/rp2_common/pico_double/double_aeabi_rp2040.S.obj
                0x1000e88c                __wrap___aeabi_ul2d
 .text.__wrap___aeabi_d2lz
                0x1000e8a4       0x26 CMakeFiles/master.dir/home/pi/pico/pico-sdk/src/rp2_common/pico_double/double_aeabi_rp2040.S.obj
                0x1000e8a4                __wrap___aeabi_d2lz
                0x1000e8a4                double2int64_z
 *fill*         0x1000e8ca        0x2 
 .text.double2int64
                0x1000e8cc       0x18 CMakeFiles/master.dir/home/pi/pico/pico-sdk/src/rp2_common/pico_double/double_aeabi_rp2040.S.obj
                0x1000e8cc                double2int64
 .text.double2ufix64
                0x1000e8e4       0x18 CMakeFiles/master.dir/home/pi/pico/pico-sdk/src/rp2_common/pico_double/double_aeabi_rp2040.S.obj
                0x1000e8e4                double2ufix64
 .text.__wrap___aeabi_d2f
                0x1000e8fc       0x18 CMakeFiles/master.dir/home/pi/pico/pico-sdk/src/rp2_common/pico_double/double_aeabi_rp2040.S.obj
                0x1000e8fc                __wrap___aeabi_d2f
 .text.__aeabi_double_init
                0x1000e914       0xc8 CMakeFiles/master.dir/home/pi/pico/pico-sdk/src/rp2_common/pico_double/double_init_rom_rp2040.c.obj
                0x1000e914                __aeabi_double_init
 .text.double_table_shim_on_use_helper
                0x1000e9dc       0x34 CMakeFiles/master.dir/home/pi/pico/pico-sdk/src/rp2_common/pico_double/double_v1_rom_shim_rp2040.S.obj
                0x1000e9dc                double_table_shim_on_use_helper
 .text.__wrap___aeabi_dsub
                0x1000ea10       0x10 CMakeFiles/master.dir/home/pi/pico/pico-sdk/src/rp2_common/pico_double/double_v1_rom_shim_rp2040.S.obj
                0x1000ea10                drsub_shim
                0x1000ea16                dsub_shim
 .text.dadd_shim
                0x1000ea20      0x15c CMakeFiles/master.dir/home/pi/pico/pico-sdk/src/rp2_common/pico_double/double_v1_rom_shim_rp2040.S.obj
                0x1000ea20                dadd_shim
 .text.dmul_shim
                0x1000eb7c      0x15c CMakeFiles/master.dir/home/pi/pico/pico-sdk/src/rp2_common/pico_double/double_v1_rom_shim_rp2040.S.obj
                0x1000eb7c                dmul_shim
 .text.ddiv_shim
                0x1000ecd8      0x1b0 CMakeFiles/master.dir/home/pi/pico/pico-sdk/src/rp2_common/pico_double/double_v1_rom_shim_rp2040.S.obj
                0x1000ecd8                ddiv_shim
 .text.double2uint_shim
                0x1000ee88        0xe CMakeFiles/master.dir/home/pi/pico/pico-sdk/src/rp2_common/pico_double/double_v1_rom_shim_rp2040.S.obj
                0x1000ee88                double2uint_shim
                0x1000ee8a                double2ufix_shim
 .text.double2int64_shim
                0x1000ee96       0x1a CMakeFiles/master.dir/home/pi/pico/pico-sdk/src/rp2_common/pico_double/double_v1_rom_shim_rp2040.S.obj
                0x1000ee96                double2int64_shim
                0x1000ee98                double2fix64_shim
 .text.double2uint64_shim
                0x1000eeb0       0x70 CMakeFiles/master.dir/home/pi/pico/pico-sdk/src/rp2_common/pico_double/double_v1_rom_shim_rp2040.S.obj
                0x1000eeb0                double2uint64_shim
                0x1000eeb2                double2ufix64_shim
                0x1000eed2                d2fix_a
 .text.double2float_shim
                0x1000ef20       0x5c CMakeFiles/master.dir/home/pi/pico/pico-sdk/src/rp2_common/pico_double/double_v1_rom_shim_rp2040.S.obj
                0x1000ef20                double2float_shim
 .text.x2double_shims
                0x1000ef7c       0x90 CMakeFiles/master.dir/home/pi/pico/pico-sdk/src/rp2_common/pico_double/double_v1_rom_shim_rp2040.S.obj
                0x1000ef7c                uint2double_shim
                0x1000ef7e                ufix2double_shim
                0x1000ef84                int2double_shim
                0x1000ef86                fix2double_shim
                0x1000ef8c                uint642double_shim
                0x1000ef8e                ufix642double_shim
                0x1000ef94                int642double_shim
                0x1000ef96                fix642double_shim
 .text.dunpacks
                0x1000f00c       0x3c CMakeFiles/master.dir/home/pi/pico/pico-sdk/src/rp2_common/pico_double/double_v1_rom_shim_rp2040.S.obj
                0x1000f00c                dunpacks
 .text.__aeabi_lmul
                0x1000f048       0x32 CMakeFiles/master.dir/home/pi/pico/pico-sdk/src/rp2_common/pico_int64_ops/pico_int64_ops_aeabi.S.obj
                0x1000f048                __wrap___aeabi_lmul
 *fill*         0x1000f07a        0x2 
 .text.__wrap___aeabi_farithmetic
                0x1000f07c       0x58 CMakeFiles/master.dir/home/pi/pico/pico-sdk/src/rp2_common/pico_float/float_aeabi_rp2040.S.obj
                0x1000f07c                __wrap___aeabi_frsub
                0x1000f082                __wrap___aeabi_fsub
                0x1000f08c                __wrap___aeabi_fadd
                0x1000f096                __wrap___aeabi_fdiv
                0x1000f0c2                __wrap___aeabi_fmul
 .text.__wrap___aeabi_cfcmple
                0x1000f0d4       0x50 CMakeFiles/master.dir/home/pi/pico/pico-sdk/src/rp2_common/pico_float/float_aeabi_rp2040.S.obj
                0x1000f0d4                __wrap___aeabi_cfrcmple
                0x1000f0e0                __wrap___aeabi_cfcmpeq
                0x1000f0e0                __wrap___aeabi_cfcmple
 .text.__wrap___aeabi_fcmplt
                0x1000f124        0xc CMakeFiles/master.dir/home/pi/pico/pico-sdk/src/rp2_common/pico_float/float_aeabi_rp2040.S.obj
                0x1000f124                __wrap___aeabi_fcmplt
 .text.__wrap___aeabi_fcmple
                0x1000f130       0x10 CMakeFiles/master.dir/home/pi/pico/pico-sdk/src/rp2_common/pico_float/float_aeabi_rp2040.S.obj
                0x1000f130                __wrap___aeabi_fcmple
 .text.__wrap___aeabi_fcmpgt
                0x1000f140        0xa CMakeFiles/master.dir/home/pi/pico/pico-sdk/src/rp2_common/pico_float/float_aeabi_rp2040.S.obj
                0x1000f140                __wrap___aeabi_fcmpgt
 .text.__wrap___aeabi_fcmpun
                0x1000f14a       0x18 CMakeFiles/master.dir/home/pi/pico/pico-sdk/src/rp2_common/pico_float/float_aeabi_rp2040.S.obj
                0x1000f14a                __wrap___aeabi_fcmpun
 .text.__wrap___aeabi_ui2f
                0x1000f162        0xa CMakeFiles/master.dir/home/pi/pico/pico-sdk/src/rp2_common/pico_float/float_aeabi_rp2040.S.obj
                0x1000f162                uint2float
                0x1000f162                __wrap___aeabi_ui2f
 .text.__wrap___aeabi_i2f
                0x1000f16c       0x44 CMakeFiles/master.dir/home/pi/pico/pico-sdk/src/rp2_common/pico_float/float_aeabi_rp2040.S.obj
                0x1000f16c                int2float
                0x1000f16c                __wrap___aeabi_i2f
 .text.__wrap___aeabi_f2uiz
                0x1000f1b0       0x10 CMakeFiles/master.dir/home/pi/pico/pico-sdk/src/rp2_common/pico_float/float_aeabi_rp2040.S.obj
                0x1000f1b0                float2uint_z
                0x1000f1b0                __wrap___aeabi_f2uiz
 .text.__wrap___aeabi_f2d
                0x1000f1c0       0x14 CMakeFiles/master.dir/home/pi/pico/pico-sdk/src/rp2_common/pico_float/float_aeabi_rp2040.S.obj
                0x1000f1c0                __wrap___aeabi_f2d
 .text.__aeabi_float_init
                0x1000f1d4       0xfc CMakeFiles/master.dir/home/pi/pico/pico-sdk/src/rp2_common/pico_float/float_init_rom_rp2040.c.obj
                0x1000f1d4                __aeabi_float_init
 .text.float_table_shim_on_use_helper
                0x1000f2d0       0x34 CMakeFiles/master.dir/home/pi/pico/pico-sdk/src/rp2_common/pico_float/float_v1_rom_shim_rp2040.S.obj
                0x1000f2d0                float_table_shim_on_use_helper
 .text.float2double_shim
                0x1000f304       0x30 CMakeFiles/master.dir/home/pi/pico/pico-sdk/src/rp2_common/pico_float/float_v1_rom_shim_rp2040.S.obj
                0x1000f304                float2double_shim
 .text.__wrap_malloc
                0x1000f334       0x24 CMakeFiles/master.dir/home/pi/pico/pico-sdk/src/rp2_common/pico_malloc/malloc.c.obj
                0x1000f334                __wrap_malloc
 .text.__wrap_free
                0x1000f358        0x8 CMakeFiles/master.dir/home/pi/pico/pico-sdk/src/rp2_common/pico_malloc/malloc.c.obj
                0x1000f358                __wrap_free
 .text          0x1000f360       0x10 CMakeFiles/master.dir/home/pi/pico/pico-sdk/src/rp2_common/pico_mem_ops/mem_ops_aeabi.S.obj
                0x1000f360                __aeabi_mem_init
 .text.memset   0x1000f370        0xc CMakeFiles/master.dir/home/pi/pico/pico-sdk/src/rp2_common/pico_mem_ops/mem_ops_aeabi.S.obj
                0x1000f370                __wrap_memset
 .text.memcpy   0x1000f37c        0xc CMakeFiles/master.dir/home/pi/pico/pico-sdk/src/rp2_common/pico_mem_ops/mem_ops_aeabi.S.obj
                0x1000f37c                __wrap___aeabi_memcpy
                0x1000f37c                __wrap_memcpy
 .text._out_buffer
                0x1000f388        0x8 CMakeFiles/master.dir/home/pi/pico/pico-sdk/src/rp2_common/pico_printf/printf.c.obj
 .text._out_null
                0x1000f390        0x2 CMakeFiles/master.dir/home/pi/pico/pico-sdk/src/rp2_common/pico_printf/printf.c.obj
 .text._out_fct
                0x1000f392        0xe CMakeFiles/master.dir/home/pi/pico/pico-sdk/src/rp2_common/pico_printf/printf.c.obj
 .text._atoi    0x1000f3a0       0x28 CMakeFiles/master.dir/home/pi/pico/pico-sdk/src/rp2_common/pico_printf/printf.c.obj
 .text._out_rev
                0x1000f3c8       0x8c CMakeFiles/master.dir/home/pi/pico/pico-sdk/src/rp2_common/pico_printf/printf.c.obj
 .text._ntoa_format
                0x1000f454      0x10c CMakeFiles/master.dir/home/pi/pico/pico-sdk/src/rp2_common/pico_printf/printf.c.obj
 .text._ntoa_long
                0x1000f560       0xb0 CMakeFiles/master.dir/home/pi/pico/pico-sdk/src/rp2_common/pico_printf/printf.c.obj
 .text._ntoa_long_long
                0x1000f610       0xe6 CMakeFiles/master.dir/home/pi/pico/pico-sdk/src/rp2_common/pico_printf/printf.c.obj
 *fill*         0x1000f6f6        0x2 
 .text._etoa    0x1000f6f8      0x408 CMakeFiles/master.dir/home/pi/pico/pico-sdk/src/rp2_common/pico_printf/printf.c.obj
 .text._ftoa    0x1000fb00      0x344 CMakeFiles/master.dir/home/pi/pico/pico-sdk/src/rp2_common/pico_printf/printf.c.obj
 .text._vsnprintf
                0x1000fe44      0x61c CMakeFiles/master.dir/home/pi/pico/pico-sdk/src/rp2_common/pico_printf/printf.c.obj
 .text.__wrap_sprintf
                0x10010460       0x28 CMakeFiles/master.dir/home/pi/pico/pico-sdk/src/rp2_common/pico_printf/printf.c.obj
                0x10010460                __wrap_sprintf
 .text.__wrap_snprintf
                0x10010488       0x28 CMakeFiles/master.dir/home/pi/pico/pico-sdk/src/rp2_common/pico_printf/printf.c.obj
                0x10010488                __wrap_snprintf
 .text.vfctprintf
                0x100104b0       0x20 CMakeFiles/master.dir/home/pi/pico/pico-sdk/src/rp2_common/pico_printf/printf.c.obj
                0x100104b0                vfctprintf
 .text._exit    0x100104d0        0x4 CMakeFiles/master.dir/home/pi/pico/pico-sdk/src/rp2_common/pico_clib_interface/newlib_interface.c.obj
                0x100104d0                _exit
 .text._sbrk    0x100104d4       0x38 CMakeFiles/master.dir/home/pi/pico/pico-sdk/src/rp2_common/pico_clib_interface/newlib_interface.c.obj
                0x100104d4                _sbrk
 .text._read    0x1001050c       0x24 CMakeFiles/master.dir/home/pi/pico/pico-sdk/src/rp2_common/pico_clib_interface/newlib_interface.c.obj
                0x1001050c                _read
 .text._write   0x10010530       0x22 CMakeFiles/master.dir/home/pi/pico/pico-sdk/src/rp2_common/pico_clib_interface/newlib_interface.c.obj
                0x10010530                _write
 .text._close   0x10010552        0x6 CMakeFiles/master.dir/home/pi/pico/pico-sdk/src/rp2_common/pico_clib_interface/newlib_interface.c.obj
                0x10010552                _close
 .text._lseek   0x10010558        0x6 CMakeFiles/master.dir/home/pi/pico/pico-sdk/src/rp2_common/pico_clib_interface/newlib_interface.c.obj
                0x10010558                _lseek
 .text._fstat   0x1001055e        0x6 CMakeFiles/master.dir/home/pi/pico/pico-sdk/src/rp2_common/pico_clib_interface/newlib_interface.c.obj
                0x1001055e                _fstat
 .text._isatty  0x10010564        0xc CMakeFiles/master.dir/home/pi/pico/pico-sdk/src/rp2_common/pico_clib_interface/newlib_interface.c.obj
                0x10010564                _isatty
 .text.exit     0x10010570        0x6 CMakeFiles/master.dir/home/pi/pico/pico-sdk/src/rp2_common/pico_clib_interface/newlib_interface.c.obj
                0x10010570                exit
 *fill*         0x10010576        0x2 
 .text.__assert_func
                0x10010578       0x3c CMakeFiles/master.dir/home/pi/pico/pico-sdk/src/rp2_common/pico_clib_interface/newlib_interface.c.obj
                0x10010578                __assert_func
 .text.runtime_init
                0x100105b4       0x28 CMakeFiles/master.dir/home/pi/pico/pico-sdk/src/rp2_common/pico_clib_interface/newlib_interface.c.obj
                0x100105b4                runtime_init
 .text.stdio_out_chars_no_crlf
                0x100105dc        0xe CMakeFiles/master.dir/home/pi/pico/pico-sdk/src/rp2_common/pico_stdio/stdio.c.obj
 *fill*         0x100105ea        0x2 
 .text.stdio_out_chars_crlf
                0x100105ec       0x80 CMakeFiles/master.dir/home/pi/pico/pico-sdk/src/rp2_common/pico_stdio/stdio.c.obj
 .text.stdio_stack_buffer_flush
                0x1001066c       0x44 CMakeFiles/master.dir/home/pi/pico/pico-sdk/src/rp2_common/pico_stdio/stdio.c.obj
 .text.stdio_buffered_printer
                0x100106b0       0x20 CMakeFiles/master.dir/home/pi/pico/pico-sdk/src/rp2_common/pico_stdio/stdio.c.obj
 .text.stdout_serialize_begin
                0x100106d0       0x30 CMakeFiles/master.dir/home/pi/pico/pico-sdk/src/rp2_common/pico_stdio/stdio.c.obj
                0x100106d0                stdout_serialize_begin
 .text.stdout_serialize_end
                0x10010700       0x10 CMakeFiles/master.dir/home/pi/pico/pico-sdk/src/rp2_common/pico_stdio/stdio.c.obj
                0x10010700                stdout_serialize_end
 .text.stdio_put_string
                0x10010710       0x90 CMakeFiles/master.dir/home/pi/pico/pico-sdk/src/rp2_common/pico_stdio/stdio.c.obj
                0x10010710                stdio_put_string
 .text.stdio_get_until
                0x100107a0       0x80 CMakeFiles/master.dir/home/pi/pico/pico-sdk/src/rp2_common/pico_stdio/stdio.c.obj
                0x100107a0                stdio_get_until
 .text.stdio_set_driver_enabled
                0x10010820       0x2c CMakeFiles/master.dir/home/pi/pico/pico-sdk/src/rp2_common/pico_stdio/stdio.c.obj
                0x10010820                stdio_set_driver_enabled
 .text.stdio_flush
                0x1001084c       0x20 CMakeFiles/master.dir/home/pi/pico/pico-sdk/src/rp2_common/pico_stdio/stdio.c.obj
                0x1001084c                stdio_flush
 .text.stdio_init_all
                0x1001086c        0x8 CMakeFiles/master.dir/home/pi/pico/pico-sdk/src/rp2_common/pico_stdio/stdio.c.obj
                0x1001086c                stdio_init_all
 .text.__wrap_puts
                0x10010874       0x1e CMakeFiles/master.dir/home/pi/pico/pico-sdk/src/rp2_common/pico_stdio/stdio.c.obj
                0x10010874                __wrap_puts
                0x10010874                stdio_puts
 *fill*         0x10010892        0x2 
 .text.__wrap_vprintf
                0x10010894       0x40 CMakeFiles/master.dir/home/pi/pico/pico-sdk/src/rp2_common/pico_stdio/stdio.c.obj
                0x10010894                __wrap_vprintf
                0x10010894                stdio_vprintf
 .text.__wrap_printf
                0x100108d4       0x18 CMakeFiles/master.dir/home/pi/pico/pico-sdk/src/rp2_common/pico_stdio/stdio.c.obj
                0x100108d4                stdio_printf
                0x100108d4                __wrap_printf
 .text.resetd_init
                0x100108ec        0x2 CMakeFiles/master.dir/home/pi/pico/pico-sdk/src/rp2_common/pico_stdio_usb/reset_interface.c.obj
 *fill*         0x100108ee        0x2 
 .text.resetd_reset
                0x100108f0        0xc CMakeFiles/master.dir/home/pi/pico/pico-sdk/src/rp2_common/pico_stdio_usb/reset_interface.c.obj
 .text.resetd_open
                0x100108fc       0x34 CMakeFiles/master.dir/home/pi/pico/pico-sdk/src/rp2_common/pico_stdio_usb/reset_interface.c.obj
 .text.resetd_xfer_cb
                0x10010930        0x4 CMakeFiles/master.dir/home/pi/pico/pico-sdk/src/rp2_common/pico_stdio_usb/reset_interface.c.obj
 .text.resetd_control_xfer_cb
                0x10010934       0x5c CMakeFiles/master.dir/home/pi/pico/pico-sdk/src/rp2_common/pico_stdio_usb/reset_interface.c.obj
 .text.tud_descriptor_bos_cb
                0x10010990        0x8 CMakeFiles/master.dir/home/pi/pico/pico-sdk/src/rp2_common/pico_stdio_usb/reset_interface.c.obj
                0x10010990                tud_descriptor_bos_cb
 .text.tud_vendor_control_xfer_cb
                0x10010998       0x38 CMakeFiles/master.dir/home/pi/pico/pico-sdk/src/rp2_common/pico_stdio_usb/reset_interface.c.obj
                0x10010998                tud_vendor_control_xfer_cb
 .text.usbd_app_driver_get_cb
                0x100109d0        0xc CMakeFiles/master.dir/home/pi/pico/pico-sdk/src/rp2_common/pico_stdio_usb/reset_interface.c.obj
                0x100109d0                usbd_app_driver_get_cb
 .text.tud_cdc_line_coding_cb
                0x100109dc       0x28 CMakeFiles/master.dir/home/pi/pico/pico-sdk/src/rp2_common/pico_stdio_usb/reset_interface.c.obj
                0x100109dc                tud_cdc_line_coding_cb
 .text.stdio_usb_set_chars_available_callback
                0x10010a04       0x14 CMakeFiles/master.dir/home/pi/pico/pico-sdk/src/rp2_common/pico_stdio_usb/stdio_usb.c.obj
                0x10010a04                stdio_usb_set_chars_available_callback
 .text.stdio_usb_out_flush
                0x10010a18       0x4c CMakeFiles/master.dir/home/pi/pico/pico-sdk/src/rp2_common/pico_stdio_usb/stdio_usb.c.obj
 .text.timer_task
                0x10010a64       0x68 CMakeFiles/master.dir/home/pi/pico/pico-sdk/src/rp2_common/pico_stdio_usb/stdio_usb.c.obj
 .text.usb_irq  0x10010acc       0x10 CMakeFiles/master.dir/home/pi/pico/pico-sdk/src/rp2_common/pico_stdio_usb/stdio_usb.c.obj
 .text.low_priority_worker_irq
                0x10010adc       0xcc CMakeFiles/master.dir/home/pi/pico/pico-sdk/src/rp2_common/pico_stdio_usb/stdio_usb.c.obj
 .text.stdio_usb_init
                0x10010ba8       0xf8 CMakeFiles/master.dir/home/pi/pico/pico-sdk/src/rp2_common/pico_stdio_usb/stdio_usb.c.obj
                0x10010ba8                stdio_usb_init
 .text.stdio_usb_connected
                0x10010ca0        0xa CMakeFiles/master.dir/home/pi/pico/pico-sdk/src/rp2_common/pico_stdio_usb/stdio_usb.c.obj
                0x10010ca0                stdio_usb_connected
 *fill*         0x10010caa        0x2 
 .text.stdio_usb_in_chars
                0x10010cac       0x98 CMakeFiles/master.dir/home/pi/pico/pico-sdk/src/rp2_common/pico_stdio_usb/stdio_usb.c.obj
                0x10010cac                stdio_usb_in_chars
 .text.stdio_usb_out_chars
                0x10010d44       0xe8 CMakeFiles/master.dir/home/pi/pico/pico-sdk/src/rp2_common/pico_stdio_usb/stdio_usb.c.obj
 .text.tud_descriptor_device_cb
                0x10010e2c        0x8 CMakeFiles/master.dir/home/pi/pico/pico-sdk/src/rp2_common/pico_stdio_usb/stdio_usb_descriptors.c.obj
                0x10010e2c                tud_descriptor_device_cb
 .text.tud_descriptor_configuration_cb
                0x10010e34        0x8 CMakeFiles/master.dir/home/pi/pico/pico-sdk/src/rp2_common/pico_stdio_usb/stdio_usb_descriptors.c.obj
                0x10010e34                tud_descriptor_configuration_cb
 .text.tud_descriptor_string_cb
                0x10010e3c       0x6c CMakeFiles/master.dir/home/pi/pico/pico-sdk/src/rp2_common/pico_stdio_usb/stdio_usb_descriptors.c.obj
                0x10010e3c                tud_descriptor_string_cb
 .text._retrieve_unique_id_on_boot
                0x10010ea8       0x10 CMakeFiles/master.dir/home/pi/pico/pico-sdk/src/rp2_common/pico_unique_id/unique_id.c.obj
 .text.pico_get_unique_board_id_string
                0x10010eb8       0x60 CMakeFiles/master.dir/home/pi/pico/pico-sdk/src/rp2_common/pico_unique_id/unique_id.c.obj
                0x10010eb8                pico_get_unique_board_id_string
 .text.flash_get_unique_id
                0x10010f18       0x40 CMakeFiles/master.dir/home/pi/pico/pico-sdk/src/rp2_common/hardware_flash/flash.c.obj
                0x10010f18                flash_get_unique_id
 .text._hw_endpoint_alloc
                0x10010f58       0x70 CMakeFiles/master.dir/home/pi/pico/pico-sdk/lib/tinyusb/src/portable/raspberrypi/rp2040/dcd_rp2040.c.obj
 .text.hw_endpoint_init
                0x10010fc8       0xc4 CMakeFiles/master.dir/home/pi/pico/pico-sdk/lib/tinyusb/src/portable/raspberrypi/rp2040/dcd_rp2040.c.obj
 .text.hw_endpoint_xfer
                0x1001108c       0x1c CMakeFiles/master.dir/home/pi/pico/pico-sdk/lib/tinyusb/src/portable/raspberrypi/rp2040/dcd_rp2040.c.obj
 .text.dcd_int_enable
                0x100110a8       0x2c CMakeFiles/master.dir/home/pi/pico/pico-sdk/lib/tinyusb/src/portable/raspberrypi/rp2040/dcd_rp2040.c.obj
                0x100110a8                dcd_int_enable
 .text.dcd_set_address
                0x100110d4       0x2c CMakeFiles/master.dir/home/pi/pico/pico-sdk/lib/tinyusb/src/portable/raspberrypi/rp2040/dcd_rp2040.c.obj
                0x100110d4                dcd_set_address
 .text.dcd_connect
                0x10011100       0x10 CMakeFiles/master.dir/home/pi/pico/pico-sdk/lib/tinyusb/src/portable/raspberrypi/rp2040/dcd_rp2040.c.obj
                0x10011100                dcd_connect
 .text.dcd_init
                0x10011110       0x80 CMakeFiles/master.dir/home/pi/pico/pico-sdk/lib/tinyusb/src/portable/raspberrypi/rp2040/dcd_rp2040.c.obj
                0x10011110                dcd_init
 .text.dcd_sof_enable
                0x10011190       0x1c CMakeFiles/master.dir/home/pi/pico/pico-sdk/lib/tinyusb/src/portable/raspberrypi/rp2040/dcd_rp2040.c.obj
                0x10011190                dcd_sof_enable
 .text.dcd_edpt0_status_complete
                0x100111ac       0x1c CMakeFiles/master.dir/home/pi/pico/pico-sdk/lib/tinyusb/src/portable/raspberrypi/rp2040/dcd_rp2040.c.obj
                0x100111ac                dcd_edpt0_status_complete
 .text.dcd_edpt_open
                0x100111c8       0x40 CMakeFiles/master.dir/home/pi/pico/pico-sdk/lib/tinyusb/src/portable/raspberrypi/rp2040/dcd_rp2040.c.obj
                0x100111c8                dcd_edpt_open
 .text.dcd_edpt_close_all
                0x10011208        0x8 CMakeFiles/master.dir/home/pi/pico/pico-sdk/lib/tinyusb/src/portable/raspberrypi/rp2040/dcd_rp2040.c.obj
                0x10011208                dcd_edpt_close_all
 .text.dcd_edpt_xfer
                0x10011210       0x30 CMakeFiles/master.dir/home/pi/pico/pico-sdk/lib/tinyusb/src/portable/raspberrypi/rp2040/dcd_rp2040.c.obj
                0x10011210                dcd_edpt_xfer
 .text.dcd_edpt_stall
                0x10011240       0x38 CMakeFiles/master.dir/home/pi/pico/pico-sdk/lib/tinyusb/src/portable/raspberrypi/rp2040/dcd_rp2040.c.obj
                0x10011240                dcd_edpt_stall
 .text.dcd_edpt_clear_stall
                0x10011278       0x2c CMakeFiles/master.dir/home/pi/pico/pico-sdk/lib/tinyusb/src/portable/raspberrypi/rp2040/dcd_rp2040.c.obj
                0x10011278                dcd_edpt_clear_stall
 .text.unaligned_memcpy
                0x100112a4       0x14 CMakeFiles/master.dir/home/pi/pico/pico-sdk/lib/tinyusb/src/portable/raspberrypi/rp2040/rp2040_usb.c.obj
 .text.rp2040_usb_init
                0x100112b8       0x44 CMakeFiles/master.dir/home/pi/pico/pico-sdk/lib/tinyusb/src/portable/raspberrypi/rp2040/rp2040_usb.c.obj
                0x100112b8                rp2040_usb_init
 .text.hw_endpoint_xfer_start
                0x100112fc       0x60 CMakeFiles/master.dir/home/pi/pico/pico-sdk/lib/tinyusb/src/portable/raspberrypi/rp2040/rp2040_usb.c.obj
                0x100112fc                hw_endpoint_xfer_start
 .text.configuration_reset
                0x1001135c       0x84 CMakeFiles/master.dir/home/pi/pico/pico-sdk/lib/tinyusb/src/device/usbd.c.obj
 .text.usbd_reset
                0x100113e0        0xc CMakeFiles/master.dir/home/pi/pico/pico-sdk/lib/tinyusb/src/device/usbd.c.obj
 .text.invoke_class_control
                0x100113ec       0x1a CMakeFiles/master.dir/home/pi/pico/pico-sdk/lib/tinyusb/src/device/usbd.c.obj
 *fill*         0x10011406        0x2 
 .text.process_set_config
                0x10011408      0x194 CMakeFiles/master.dir/home/pi/pico/pico-sdk/lib/tinyusb/src/device/usbd.c.obj
 .text.tud_event_hook_cb
                0x1001159c        0x2 CMakeFiles/master.dir/home/pi/pico/pico-sdk/lib/tinyusb/src/device/usbd.c.obj
                0x1001159c                tud_event_hook_cb
 .text.tud_sof_cb
                0x1001159e        0x2 CMakeFiles/master.dir/home/pi/pico/pico-sdk/lib/tinyusb/src/device/usbd.c.obj
                0x1001159e                tud_sof_cb
 .text.tud_descriptor_device_qualifier_cb
                0x100115a0        0x4 CMakeFiles/master.dir/home/pi/pico/pico-sdk/lib/tinyusb/src/device/usbd.c.obj
                0x100115a0                tud_descriptor_device_qualifier_cb
 .text.tud_descriptor_other_speed_configuration_cb
                0x100115a4        0x4 CMakeFiles/master.dir/home/pi/pico/pico-sdk/lib/tinyusb/src/device/usbd.c.obj
                0x100115a4                tud_descriptor_other_speed_configuration_cb
 .text.process_get_descriptor
                0x100115a8       0xf0 CMakeFiles/master.dir/home/pi/pico/pico-sdk/lib/tinyusb/src/device/usbd.c.obj
 .text.tud_mount_cb
                0x10011698        0x2 CMakeFiles/master.dir/home/pi/pico/pico-sdk/lib/tinyusb/src/device/usbd.c.obj
                0x10011698                tud_mount_cb
 .text.tud_umount_cb
                0x1001169a        0x2 CMakeFiles/master.dir/home/pi/pico/pico-sdk/lib/tinyusb/src/device/usbd.c.obj
                0x1001169a                tud_umount_cb
 .text.tud_suspend_cb
                0x1001169c        0x2 CMakeFiles/master.dir/home/pi/pico/pico-sdk/lib/tinyusb/src/device/usbd.c.obj
                0x1001169c                tud_suspend_cb
 .text.tud_resume_cb
                0x1001169e        0x2 CMakeFiles/master.dir/home/pi/pico/pico-sdk/lib/tinyusb/src/device/usbd.c.obj
                0x1001169e                tud_resume_cb
 .text.tud_mounted
                0x100116a0       0x10 CMakeFiles/master.dir/home/pi/pico/pico-sdk/lib/tinyusb/src/device/usbd.c.obj
                0x100116a0                tud_mounted
 .text.tud_suspended
                0x100116b0       0x10 CMakeFiles/master.dir/home/pi/pico/pico-sdk/lib/tinyusb/src/device/usbd.c.obj
                0x100116b0                tud_suspended
 .text.tud_inited
                0x100116c0       0x14 CMakeFiles/master.dir/home/pi/pico/pico-sdk/lib/tinyusb/src/device/usbd.c.obj
                0x100116c0                tud_inited
 .text.tud_init
                0x100116d4       0xdc CMakeFiles/master.dir/home/pi/pico/pico-sdk/lib/tinyusb/src/device/usbd.c.obj
                0x100116d4                tud_init
 .text.usbd_edpt_open
                0x100117b0       0x60 CMakeFiles/master.dir/home/pi/pico/pico-sdk/lib/tinyusb/src/device/usbd.c.obj
                0x100117b0                usbd_edpt_open
 .text.usbd_open_edpt_pair
                0x10011810       0x8c CMakeFiles/master.dir/home/pi/pico/pico-sdk/lib/tinyusb/src/device/usbd.c.obj
                0x10011810                usbd_open_edpt_pair
 .text.usbd_edpt_claim
                0x1001189c       0x28 CMakeFiles/master.dir/home/pi/pico/pico-sdk/lib/tinyusb/src/device/usbd.c.obj
                0x1001189c                usbd_edpt_claim
 .text.usbd_edpt_release
                0x100118c4       0x28 CMakeFiles/master.dir/home/pi/pico/pico-sdk/lib/tinyusb/src/device/usbd.c.obj
                0x100118c4                usbd_edpt_release
 .text.usbd_edpt_xfer
                0x100118ec       0x88 CMakeFiles/master.dir/home/pi/pico/pico-sdk/lib/tinyusb/src/device/usbd.c.obj
                0x100118ec                usbd_edpt_xfer
 .text.usbd_edpt_stall
                0x10011974       0x34 CMakeFiles/master.dir/home/pi/pico/pico-sdk/lib/tinyusb/src/device/usbd.c.obj
                0x10011974                usbd_edpt_stall
 .text.usbd_edpt_clear_stall
                0x100119a8       0x34 CMakeFiles/master.dir/home/pi/pico/pico-sdk/lib/tinyusb/src/device/usbd.c.obj
                0x100119a8                usbd_edpt_clear_stall
 .text.usbd_edpt_stalled
                0x100119dc       0x1c CMakeFiles/master.dir/home/pi/pico/pico-sdk/lib/tinyusb/src/device/usbd.c.obj
                0x100119dc                usbd_edpt_stalled
 .text.process_control_request
                0x100119f8      0x398 CMakeFiles/master.dir/home/pi/pico/pico-sdk/lib/tinyusb/src/device/usbd.c.obj
 .text.tud_task_ext
                0x10011d90      0x1d4 CMakeFiles/master.dir/home/pi/pico/pico-sdk/lib/tinyusb/src/device/usbd.c.obj
                0x10011d90                tud_task_ext
 .text._data_stage_xact
                0x10011f64       0x60 CMakeFiles/master.dir/home/pi/pico/pico-sdk/lib/tinyusb/src/device/usbd_control.c.obj
 .text.tud_control_status
                0x10011fc4       0x38 CMakeFiles/master.dir/home/pi/pico/pico-sdk/lib/tinyusb/src/device/usbd_control.c.obj
                0x10011fc4                tud_control_status
 .text.tud_control_xfer
                0x10011ffc       0xa4 CMakeFiles/master.dir/home/pi/pico/pico-sdk/lib/tinyusb/src/device/usbd_control.c.obj
                0x10011ffc                tud_control_xfer
 .text.usbd_control_reset
                0x100120a0       0x14 CMakeFiles/master.dir/home/pi/pico/pico-sdk/lib/tinyusb/src/device/usbd_control.c.obj
                0x100120a0                usbd_control_reset
 .text.usbd_control_set_complete_callback
                0x100120b4        0xc CMakeFiles/master.dir/home/pi/pico/pico-sdk/lib/tinyusb/src/device/usbd_control.c.obj
                0x100120b4                usbd_control_set_complete_callback
 .text.usbd_control_set_request
                0x100120c0       0x1c CMakeFiles/master.dir/home/pi/pico/pico-sdk/lib/tinyusb/src/device/usbd_control.c.obj
                0x100120c0                usbd_control_set_request
 .text.usbd_control_xfer_cb
                0x100120dc       0xf4 CMakeFiles/master.dir/home/pi/pico/pico-sdk/lib/tinyusb/src/device/usbd_control.c.obj
                0x100120dc                usbd_control_xfer_cb
 .text._prep_out_transaction
                0x100121d0       0x72 CMakeFiles/master.dir/home/pi/pico/pico-sdk/lib/tinyusb/src/class/cdc/cdc_device.c.obj
 *fill*         0x10012242        0x2 
 .text.tud_cdc_n_connected
                0x10012244       0x44 CMakeFiles/master.dir/home/pi/pico/pico-sdk/lib/tinyusb/src/class/cdc/cdc_device.c.obj
                0x10012244                tud_cdc_n_connected
 .text.tud_cdc_n_available
                0x10012288       0x18 CMakeFiles/master.dir/home/pi/pico/pico-sdk/lib/tinyusb/src/class/cdc/cdc_device.c.obj
                0x10012288                tud_cdc_n_available
 .text.tud_cdc_n_read
                0x100122a0       0x38 CMakeFiles/master.dir/home/pi/pico/pico-sdk/lib/tinyusb/src/class/cdc/cdc_device.c.obj
                0x100122a0                tud_cdc_n_read
 .text.tud_cdc_n_write_flush
                0x100122d8       0xcc CMakeFiles/master.dir/home/pi/pico/pico-sdk/lib/tinyusb/src/class/cdc/cdc_device.c.obj
                0x100122d8                tud_cdc_n_write_flush
 .text.tud_cdc_n_write
                0x100123a4       0x48 CMakeFiles/master.dir/home/pi/pico/pico-sdk/lib/tinyusb/src/class/cdc/cdc_device.c.obj
                0x100123a4                tud_cdc_n_write
 .text.tud_cdc_n_write_available
                0x100123ec       0x1c CMakeFiles/master.dir/home/pi/pico/pico-sdk/lib/tinyusb/src/class/cdc/cdc_device.c.obj
                0x100123ec                tud_cdc_n_write_available
 .text.cdcd_init
                0x10012408       0xbc CMakeFiles/master.dir/home/pi/pico/pico-sdk/lib/tinyusb/src/class/cdc/cdc_device.c.obj
                0x10012408                cdcd_init
 .text.cdcd_deinit
                0x100124c4       0x50 CMakeFiles/master.dir/home/pi/pico/pico-sdk/lib/tinyusb/src/class/cdc/cdc_device.c.obj
                0x100124c4                cdcd_deinit
 .text.cdcd_reset
                0x10012514       0x78 CMakeFiles/master.dir/home/pi/pico/pico-sdk/lib/tinyusb/src/class/cdc/cdc_device.c.obj
                0x10012514                cdcd_reset
 .text.cdcd_open
                0x1001258c       0xf8 CMakeFiles/master.dir/home/pi/pico/pico-sdk/lib/tinyusb/src/class/cdc/cdc_device.c.obj
                0x1001258c                cdcd_open
 .text.cdcd_control_xfer_cb
                0x10012684      0x138 CMakeFiles/master.dir/home/pi/pico/pico-sdk/lib/tinyusb/src/class/cdc/cdc_device.c.obj
                0x10012684                cdcd_control_xfer_cb
 .text.cdcd_xfer_cb
                0x100127bc      0x13c CMakeFiles/master.dir/home/pi/pico/pico-sdk/lib/tinyusb/src/class/cdc/cdc_device.c.obj
                0x100127bc                cdcd_xfer_cb
 .text._prep_out_transaction
                0x100128f8       0x3a CMakeFiles/master.dir/home/pi/pico/pico-sdk/lib/tinyusb/src/class/vendor/vendor_device.c.obj
 *fill*         0x10012932        0x2 
 .text.tud_vendor_n_write_flush
                0x10012934       0xcc CMakeFiles/master.dir/home/pi/pico/pico-sdk/lib/tinyusb/src/class/vendor/vendor_device.c.obj
                0x10012934                tud_vendor_n_write_flush
 .text.vendord_init
                0x10012a00       0xa0 CMakeFiles/master.dir/home/pi/pico/pico-sdk/lib/tinyusb/src/class/vendor/vendor_device.c.obj
                0x10012a00                vendord_init
 .text.vendord_deinit
                0x10012aa0       0x50 CMakeFiles/master.dir/home/pi/pico/pico-sdk/lib/tinyusb/src/class/vendor/vendor_device.c.obj
                0x10012aa0                vendord_deinit
 .text.vendord_reset
                0x10012af0       0x38 CMakeFiles/master.dir/home/pi/pico/pico-sdk/lib/tinyusb/src/class/vendor/vendor_device.c.obj
                0x10012af0                vendord_reset
 .text.vendord_open
                0x10012b28       0xdc CMakeFiles/master.dir/home/pi/pico/pico-sdk/lib/tinyusb/src/class/vendor/vendor_device.c.obj
                0x10012b28                vendord_open
 .text.vendord_xfer_cb
                0x10012c04       0xc8 CMakeFiles/master.dir/home/pi/pico/pico-sdk/lib/tinyusb/src/class/vendor/vendor_device.c.obj
                0x10012c04                vendord_xfer_cb
 .text.tusb_init
                0x10012ccc       0x24 CMakeFiles/master.dir/home/pi/pico/pico-sdk/lib/tinyusb/src/tusb.c.obj
                0x10012ccc                tusb_init
 .text.tu_edpt_claim
                0x10012cf0       0x4a CMakeFiles/master.dir/home/pi/pico/pico-sdk/lib/tinyusb/src/tusb.c.obj
                0x10012cf0                tu_edpt_claim
 .text.tu_edpt_release
                0x10012d3a       0x3c CMakeFiles/master.dir/home/pi/pico/pico-sdk/lib/tinyusb/src/tusb.c.obj
                0x10012d3a                tu_edpt_release
 *fill*         0x10012d76        0x2 
 .text.tu_edpt_validate
                0x10012d78       0xa8 CMakeFiles/master.dir/home/pi/pico/pico-sdk/lib/tinyusb/src/tusb.c.obj
                0x10012d78                tu_edpt_validate
 .text.tu_edpt_bind_driver
                0x10012e20       0x26 CMakeFiles/master.dir/home/pi/pico/pico-sdk/lib/tinyusb/src/tusb.c.obj
                0x10012e20                tu_edpt_bind_driver
 .text.advance_index
                0x10012e46       0x1a CMakeFiles/master.dir/home/pi/pico/pico-sdk/lib/tinyusb/src/common/tusb_fifo.c.obj
 .text._tu_fifo_peek
                0x10012e60       0x56 CMakeFiles/master.dir/home/pi/pico/pico-sdk/lib/tinyusb/src/common/tusb_fifo.c.obj
 .text._ff_pull_n
                0x10012eb6       0x68 CMakeFiles/master.dir/home/pi/pico/pico-sdk/lib/tinyusb/src/common/tusb_fifo.c.obj
 .text._tu_fifo_peek_n
                0x10012f1e       0x6a CMakeFiles/master.dir/home/pi/pico/pico-sdk/lib/tinyusb/src/common/tusb_fifo.c.obj
 .text._tu_fifo_read_n
                0x10012f88       0x4e CMakeFiles/master.dir/home/pi/pico/pico-sdk/lib/tinyusb/src/common/tusb_fifo.c.obj
 .text._ff_push_n
                0x10012fd6       0x68 CMakeFiles/master.dir/home/pi/pico/pico-sdk/lib/tinyusb/src/common/tusb_fifo.c.obj
 .text._tu_fifo_write_n
                0x1001303e       0xf0 CMakeFiles/master.dir/home/pi/pico/pico-sdk/lib/tinyusb/src/common/tusb_fifo.c.obj
 .text.tu_fifo_config
                0x1001312e       0x7c CMakeFiles/master.dir/home/pi/pico/pico-sdk/lib/tinyusb/src/common/tusb_fifo.c.obj
                0x1001312e                tu_fifo_config
 .text.tu_fifo_count
                0x100131aa       0x2a CMakeFiles/master.dir/home/pi/pico/pico-sdk/lib/tinyusb/src/common/tusb_fifo.c.obj
                0x100131aa                tu_fifo_count
 .text.tu_fifo_empty
                0x100131d4        0xe CMakeFiles/master.dir/home/pi/pico/pico-sdk/lib/tinyusb/src/common/tusb_fifo.c.obj
                0x100131d4                tu_fifo_empty
 .text.tu_fifo_full
                0x100131e2       0x28 CMakeFiles/master.dir/home/pi/pico/pico-sdk/lib/tinyusb/src/common/tusb_fifo.c.obj
                0x100131e2                tu_fifo_full
 .text.tu_fifo_remaining
                0x1001320a       0x2c CMakeFiles/master.dir/home/pi/pico/pico-sdk/lib/tinyusb/src/common/tusb_fifo.c.obj
                0x1001320a                tu_fifo_remaining
 .text.tu_fifo_read
                0x10013236       0x42 CMakeFiles/master.dir/home/pi/pico/pico-sdk/lib/tinyusb/src/common/tusb_fifo.c.obj
                0x10013236                tu_fifo_read
 .text.tu_fifo_read_n
                0x10013278        0xa CMakeFiles/master.dir/home/pi/pico/pico-sdk/lib/tinyusb/src/common/tusb_fifo.c.obj
                0x10013278                tu_fifo_read_n
 .text.tu_fifo_write
                0x10013282       0x66 CMakeFiles/master.dir/home/pi/pico/pico-sdk/lib/tinyusb/src/common/tusb_fifo.c.obj
                0x10013282                tu_fifo_write
 .text.tu_fifo_write_n
                0x100132e8        0xa CMakeFiles/master.dir/home/pi/pico/pico-sdk/lib/tinyusb/src/common/tusb_fifo.c.obj
                0x100132e8                tu_fifo_write_n
 .text.tu_fifo_clear
                0x100132f2       0x3e CMakeFiles/master.dir/home/pi/pico/pico-sdk/lib/tinyusb/src/common/tusb_fifo.c.obj
                0x100132f2                tu_fifo_clear
 .text.tu_fifo_set_overwritable
                0x10013330       0x46 CMakeFiles/master.dir/home/pi/pico/pico-sdk/lib/tinyusb/src/common/tusb_fifo.c.obj
                0x10013330                tu_fifo_set_overwritable
 *fill*         0x10013376        0x2 
 .text.adc_init
                0x10013378       0x34 CMakeFiles/master.dir/home/pi/pico/pico-sdk/src/rp2_common/hardware_adc/adc.c.obj
                0x10013378                adc_init
 .text.i2c_write_blocking_internal
                0x100133ac      0x150 CMakeFiles/master.dir/home/pi/pico/pico-sdk/src/rp2_common/hardware_i2c/i2c.c.obj
 .text.i2c_read_blocking_internal
                0x100134fc       0xe8 CMakeFiles/master.dir/home/pi/pico/pico-sdk/src/rp2_common/hardware_i2c/i2c.c.obj
 .text.i2c_deinit
                0x100135e4       0x20 CMakeFiles/master.dir/home/pi/pico/pico-sdk/src/rp2_common/hardware_i2c/i2c.c.obj
                0x100135e4                i2c_deinit
 .text.i2c_set_baudrate
                0x10013604       0xf0 CMakeFiles/master.dir/home/pi/pico/pico-sdk/src/rp2_common/hardware_i2c/i2c.c.obj
                0x10013604                i2c_set_baudrate
 .text.i2c_init
                0x100136f4       0x5c CMakeFiles/master.dir/home/pi/pico/pico-sdk/src/rp2_common/hardware_i2c/i2c.c.obj
                0x100136f4                i2c_init
 .text.i2c_write_blocking
                0x10013750       0x18 CMakeFiles/master.dir/home/pi/pico/pico-sdk/src/rp2_common/hardware_i2c/i2c.c.obj
                0x10013750                i2c_write_blocking
 .text.i2c_write_blocking_until
                0x10013768       0x32 CMakeFiles/master.dir/home/pi/pico/pico-sdk/src/rp2_common/hardware_i2c/i2c.c.obj
                0x10013768                i2c_write_blocking_until
 .text.i2c_read_blocking
                0x1001379a       0x18 CMakeFiles/master.dir/home/pi/pico/pico-sdk/src/rp2_common/hardware_i2c/i2c.c.obj
                0x1001379a                i2c_read_blocking
 .text.i2c_read_blocking_until
                0x100137b2       0x32 CMakeFiles/master.dir/home/pi/pico/pico-sdk/src/rp2_common/hardware_i2c/i2c.c.obj
                0x100137b2                i2c_read_blocking_until
 .text.sys_i2c_rbyte
                0x100137e4       0x40 CMakeFiles/master.dir/pico_lib2/src/sys/sys_i2c.c.obj
                0x100137e4                sys_i2c_rbyte
 .text.sys_i2c_wbuf_rbuf
                0x10013824       0x9c CMakeFiles/master.dir/pico_lib2/src/sys/sys_i2c.c.obj
                0x10013824                sys_i2c_wbuf_rbuf
 .text.sys_i2c_rbuf
                0x100138c0       0x48 CMakeFiles/master.dir/pico_lib2/src/sys/sys_i2c.c.obj
                0x100138c0                sys_i2c_rbuf
 .text.sys_i2c_rbuf_reg
                0x10013908       0x9c CMakeFiles/master.dir/pico_lib2/src/sys/sys_i2c.c.obj
                0x10013908                sys_i2c_rbuf_reg
 .text.sys_i2c_wbuf
                0x100139a4       0x48 CMakeFiles/master.dir/pico_lib2/src/sys/sys_i2c.c.obj
                0x100139a4                sys_i2c_wbuf
 .text.sys_i2c_rbyte_eeprom
                0x100139ec       0x98 CMakeFiles/master.dir/pico_lib2/src/sys/sys_i2c.c.obj
                0x100139ec                sys_i2c_rbyte_eeprom
 .text.spi_deinit
                0x10013a84       0x38 CMakeFiles/master.dir/home/pi/pico/pico-sdk/src/rp2_common/hardware_spi/spi.c.obj
                0x10013a84                spi_deinit
 .text.spi_set_baudrate
                0x10013abc       0xb4 CMakeFiles/master.dir/home/pi/pico/pico-sdk/src/rp2_common/hardware_spi/spi.c.obj
                0x10013abc                spi_set_baudrate
 .text.spi_init
                0x10013b70       0x7c CMakeFiles/master.dir/home/pi/pico/pico-sdk/src/rp2_common/hardware_spi/spi.c.obj
                0x10013b70                spi_init
 .text.spi_get_baudrate
                0x10013bec       0x1e CMakeFiles/master.dir/home/pi/pico/pico-sdk/src/rp2_common/hardware_spi/spi.c.obj
                0x10013bec                spi_get_baudrate
 *fill*         0x10013c0a        0x2 
 .text.ina219WriteRegister
                0x10013c0c       0x20 CMakeFiles/master.dir/pico_lib2/src/dev/dev_ina219/dev_ina219.c.obj
 .text.ina219Read16
                0x10013c2c       0x2c CMakeFiles/master.dir/pico_lib2/src/dev/dev_ina219/dev_ina219.c.obj
 .text.ina219SetCalibration_16V_500mA
                0x10013c58       0x38 CMakeFiles/master.dir/pico_lib2/src/dev/dev_ina219/dev_ina219.c.obj
                0x10013c58                ina219SetCalibration_16V_500mA
 .text.ina219Init
                0x10013c90       0x26 CMakeFiles/master.dir/pico_lib2/src/dev/dev_ina219/dev_ina219.c.obj
                0x10013c90                ina219Init
 .text.ina219GetShuntVoltage
                0x10013cb6       0x18 CMakeFiles/master.dir/pico_lib2/src/dev/dev_ina219/dev_ina219.c.obj
                0x10013cb6                ina219GetShuntVoltage
 .text.ina219GetBusVoltage
                0x10013cce       0x1a CMakeFiles/master.dir/pico_lib2/src/dev/dev_ina219/dev_ina219.c.obj
                0x10013cce                ina219GetBusVoltage
 .text.ina219GetPower_mW
                0x10013ce8       0x24 CMakeFiles/master.dir/pico_lib2/src/dev/dev_ina219/dev_ina219.c.obj
                0x10013ce8                ina219GetPower_mW
 .text.ina219GetCurrent_mA
                0x10013d0c       0x3c CMakeFiles/master.dir/pico_lib2/src/dev/dev_ina219/dev_ina219.c.obj
                0x10013d0c                ina219GetCurrent_mA
 .text.ina219CalibrateCurrent_mA
                0x10013d48       0x4c CMakeFiles/master.dir/pico_lib2/src/dev/dev_ina219/dev_ina219.c.obj
                0x10013d48                ina219CalibrateCurrent_mA
 .text.mcp4725_write
                0x10013d94       0x40 CMakeFiles/master.dir/pico_lib2/src/dev/dev_mcp4725/dev_mcp4725.c.obj
 .text.dev_mcp4725_set
                0x10013dd4       0x30 CMakeFiles/master.dir/pico_lib2/src/dev/dev_mcp4725/dev_mcp4725.c.obj
                0x10013dd4                dev_mcp4725_set
 .text.dev_mcp4725_save
                0x10013e04       0x30 CMakeFiles/master.dir/pico_lib2/src/dev/dev_mcp4725/dev_mcp4725.c.obj
                0x10013e04                dev_mcp4725_save
 .text.dev_mcp4725_get
                0x10013e34       0x2c CMakeFiles/master.dir/pico_lib2/src/dev/dev_mcp4725/dev_mcp4725.c.obj
                0x10013e34                dev_mcp4725_get
 .text.at24cx_i2c_error_check
                0x10013e60       0x1c CMakeFiles/master.dir/pico_lib2/src/dev/dev_24lc32/dev_24lc32.c.obj
 .text.at24cx_i2c_device_register
                0x10013e7c       0xa0 CMakeFiles/master.dir/pico_lib2/src/dev/dev_24lc32/dev_24lc32.c.obj
                0x10013e7c                at24cx_i2c_device_register
 .text.at24cx_i2c_byte_write
                0x10013f1c       0x50 CMakeFiles/master.dir/pico_lib2/src/dev/dev_24lc32/dev_24lc32.c.obj
                0x10013f1c                at24cx_i2c_byte_write
 .text.at24cx_i2c_page_write
                0x10013f6c       0x8c CMakeFiles/master.dir/pico_lib2/src/dev/dev_24lc32/dev_24lc32.c.obj
                0x10013f6c                at24cx_i2c_page_write
 .text.at24cx_i2c_byte_read
                0x10013ff8       0x54 CMakeFiles/master.dir/pico_lib2/src/dev/dev_24lc32/dev_24lc32.c.obj
                0x10013ff8                at24cx_i2c_byte_read
 .text.onewire_search_reset
                0x1001404c       0x30 CMakeFiles/master.dir/pico_lib2/src/dev/dev_ds2431/dev_ds2431.c.obj
 .text.calculate_crc8
                0x1001407c       0x36 CMakeFiles/master.dir/pico_lib2/src/dev/dev_ds2431/dev_ds2431.c.obj
 .text.onewire_write_bit
                0x100140b2       0x48 CMakeFiles/master.dir/pico_lib2/src/dev/dev_ds2431/dev_ds2431.c.obj
 .text.onewire_write_byte
                0x100140fa       0x20 CMakeFiles/master.dir/pico_lib2/src/dev/dev_ds2431/dev_ds2431.c.obj
 .text.onewire_read_bit
                0x1001411a       0x3c CMakeFiles/master.dir/pico_lib2/src/dev/dev_ds2431/dev_ds2431.c.obj
 .text.onewire_read_byte
                0x10014156       0x1c CMakeFiles/master.dir/pico_lib2/src/dev/dev_ds2431/dev_ds2431.c.obj
 .text.onewire_reset
                0x10014172       0x42 CMakeFiles/master.dir/pico_lib2/src/dev/dev_ds2431/dev_ds2431.c.obj
 .text.onewire_search
                0x100141b4      0x10c CMakeFiles/master.dir/pico_lib2/src/dev/dev_ds2431/dev_ds2431.c.obj
 .text.onewire_init
                0x100142c0       0x18 CMakeFiles/master.dir/pico_lib2/src/dev/dev_ds2431/dev_ds2431.c.obj
 .text.onewire_read_id
                0x100142d8      0x144 CMakeFiles/master.dir/pico_lib2/src/dev/dev_ds2431/dev_ds2431.c.obj
 .text.onewire_select
                0x1001441c       0x1c CMakeFiles/master.dir/pico_lib2/src/dev/dev_ds2431/dev_ds2431.c.obj
                0x1001441c                onewire_select
 .text.write_eeprom_8bytes
                0x10014438      0x19c CMakeFiles/master.dir/pico_lib2/src/dev/dev_ds2431/dev_ds2431.c.obj
 .text.read_eeprom
                0x100145d4       0x94 CMakeFiles/master.dir/pico_lib2/src/dev/dev_ds2431/dev_ds2431.c.obj
 .text.onewire_write_info
                0x10014668       0xfc CMakeFiles/master.dir/pico_lib2/src/dev/dev_ds2431/dev_ds2431.c.obj
                0x10014668                onewire_write_info
 .text.onewire_read_info
                0x10014764      0x160 CMakeFiles/master.dir/pico_lib2/src/dev/dev_ds2431/dev_ds2431.c.obj
                0x10014764                onewire_read_info
 .text.onewire_check_devices
                0x100148c4      0x27c CMakeFiles/master.dir/pico_lib2/src/dev/dev_ds2431/dev_ds2431.c.obj
                0x100148c4                onewire_check_devices
 .text          0x10014b40      0x20e scpi-parser/libscpi.a(fifo.o)
                0x10014b40                fifo_init
                0x10014b76                fifo_clear
                0x10014b98                fifo_is_empty
                0x10014bb4                fifo_is_full
                0x10014bd8                fifo_add
                0x10014c4a                fifo_remove
                0x10014cb8                fifo_remove_last
                0x10014d30                fifo_count
 *fill*         0x10014d4e        0x2 
 .text          0x10014d50      0x640 scpi-parser/libscpi.a(ieee488.o)
                0x10014e48                SCPI_RegGet
                0x10014ece                SCPI_RegSet
                0x10015068                SCPI_RegSetBits
                0x100150ae                SCPI_RegClearBits
                0x100150fc                SCPI_EventClear
                0x10015118                SCPI_CoreCls
                0x10015152                SCPI_CoreEse
                0x1001518a                SCPI_CoreEseQ
                0x100151b4                SCPI_CoreEsrQ
                0x100151ea                SCPI_CoreIdnQ
                0x10015260                SCPI_CoreOpc
                0x1001527e                SCPI_CoreOpcQ