Archive member included to satisfy reference by file (symbol)

firmware/src/scpi-parser/libscpi.a(fifo.o)
                              firmware/src/CMakeFiles/INTERCONNECTIO_MASTER.dir/master.c.o (fifo_init)
firmware/src/scpi-parser/libscpi.a(ieee488.o)
                              firmware/src/CMakeFiles/INTERCONNECTIO_MASTER.dir/master.c.o (SCPI_RegGet)
firmware/src/scpi-parser/libscpi.a(minimal.o)
                              firmware/src/CMakeFiles/INTERCONNECTIO_MASTER.dir/fts_scpi.c.o (SCPI_SystemVersionQ)
firmware/src/scpi-parser/libscpi.a(parser.o)
                              firmware/src/CMakeFiles/INTERCONNECTIO_MASTER.dir/fts_scpi.c.o (SCPI_Init)
firmware/src/scpi-parser/libscpi.a(units.o)
                              firmware/src/CMakeFiles/INTERCONNECTIO_MASTER.dir/fts_scpi.c.o (scpi_units_def)
firmware/src/scpi-parser/libscpi.a(utils.o)
                              firmware/src/scpi-parser/libscpi.a(parser.o) (strnpbrk)
firmware/src/scpi-parser/libscpi.a(lexer.o)
                              firmware/src/scpi-parser/libscpi.a(parser.o) (scpiLex_IsEos)
firmware/src/scpi-parser/libscpi.a(expression.o)
                              firmware/src/CMakeFiles/INTERCONNECTIO_MASTER.dir/fts_scpi.c.o (SCPI_ExprChannelListEntry)
/home/pi/.pico-sdk/toolchain/13_3_Rel1/bin/../lib/gcc/arm-none-eabi/13.3.1/../../../../arm-none-eabi/lib/thumb/v6-m/nofp/libm.a(libm_a-s_frexp.o)
                              firmware/src/scpi-parser/libscpi.a(utils.o) (frexp)
/home/pi/.pico-sdk/toolchain/13_3_Rel1/bin/../lib/gcc/arm-none-eabi/13.3.1/../../../../arm-none-eabi/lib/thumb/v6-m/nofp/libm.a(libm_a-s_modf.o)
                              firmware/src/scpi-parser/libscpi.a(utils.o) (modf)
/home/pi/.pico-sdk/toolchain/13_3_Rel1/bin/../lib/gcc/arm-none-eabi/13.3.1/../../../../arm-none-eabi/lib/thumb/v6-m/nofp/libm.a(libm_a-s_fpclassify.o)
                              /home/pi/.pico-sdk/toolchain/13_3_Rel1/bin/../lib/gcc/arm-none-eabi/13.3.1/../../../../arm-none-eabi/lib/thumb/v6-m/nofp/libm.a(libm_a-s_modf.o) (__fpclassifyd)
/home/pi/.pico-sdk/toolchain/13_3_Rel1/bin/../lib/gcc/arm-none-eabi/13.3.1/thumb/v6-m/nofp/libgcc.a(_dvmd_tls.o)
                              firmware/src/CMakeFiles/INTERCONNECTIO_MASTER.dir/home/pi/.pico-sdk/sdk/2.1.0/src/rp2_common/pico_divider/divider_hardware.S.o (__aeabi_idiv0)
/home/pi/.pico-sdk/toolchain/13_3_Rel1/bin/../lib/gcc/arm-none-eabi/13.3.1/../../../../arm-none-eabi/lib/thumb/v6-m/nofp/libg.a(libc_a-calloc.o)
                              firmware/src/CMakeFiles/INTERCONNECTIO_MASTER.dir/home/pi/.pico-sdk/sdk/2.1.0/src/rp2_common/pico_malloc/malloc.c.o (calloc)
/home/pi/.pico-sdk/toolchain/13_3_Rel1/bin/../lib/gcc/arm-none-eabi/13.3.1/../../../../arm-none-eabi/lib/thumb/v6-m/nofp/libg.a(libc_a-callocr.o)
                              /home/pi/.pico-sdk/toolchain/13_3_Rel1/bin/../lib/gcc/arm-none-eabi/13.3.1/../../../../arm-none-eabi/lib/thumb/v6-m/nofp/libg.a(libc_a-calloc.o) (_calloc_r)
/home/pi/.pico-sdk/toolchain/13_3_Rel1/bin/../lib/gcc/arm-none-eabi/13.3.1/../../../../arm-none-eabi/lib/thumb/v6-m/nofp/libg.a(libc_a-malloc.o)
                              firmware/src/CMakeFiles/INTERCONNECTIO_MASTER.dir/home/pi/.pico-sdk/sdk/2.1.0/src/rp2_common/pico_malloc/malloc.c.o (malloc)
/home/pi/.pico-sdk/toolchain/13_3_Rel1/bin/../lib/gcc/arm-none-eabi/13.3.1/../../../../arm-none-eabi/lib/thumb/v6-m/nofp/libg.a(libc_a-mallocr.o)
                              /home/pi/.pico-sdk/toolchain/13_3_Rel1/bin/../lib/gcc/arm-none-eabi/13.3.1/../../../../arm-none-eabi/lib/thumb/v6-m/nofp/libg.a(libc_a-callocr.o) (_malloc_r)
/home/pi/.pico-sdk/toolchain/13_3_Rel1/bin/../lib/gcc/arm-none-eabi/13.3.1/../../../../arm-none-eabi/lib/thumb/v6-m/nofp/libg.a(libc_a-mlock.o)
                              /home/pi/.pico-sdk/toolchain/13_3_Rel1/bin/../lib/gcc/arm-none-eabi/13.3.1/../../../../arm-none-eabi/lib/thumb/v6-m/nofp/libg.a(libc_a-mallocr.o) (__malloc_lock)
/home/pi/.pico-sdk/toolchain/13_3_Rel1/bin/../lib/gcc/arm-none-eabi/13.3.1/../../../../arm-none-eabi/lib/thumb/v6-m/nofp/libg.a(libc_a-realloc.o)
                              firmware/src/CMakeFiles/INTERCONNECTIO_MASTER.dir/home/pi/.pico-sdk/sdk/2.1.0/src/rp2_common/pico_malloc/malloc.c.o (realloc)
/home/pi/.pico-sdk/toolchain/13_3_Rel1/bin/../lib/gcc/arm-none-eabi/13.3.1/../../../../arm-none-eabi/lib/thumb/v6-m/nofp/libg.a(libc_a-reallocr.o)
                              /home/pi/.pico-sdk/toolchain/13_3_Rel1/bin/../lib/gcc/arm-none-eabi/13.3.1/../../../../arm-none-eabi/lib/thumb/v6-m/nofp/libg.a(libc_a-realloc.o) (_realloc_r)
/home/pi/.pico-sdk/toolchain/13_3_Rel1/bin/../lib/gcc/arm-none-eabi/13.3.1/../../../../arm-none-eabi/lib/thumb/v6-m/nofp/libg.a(libc_a-strtod.o)
                              firmware/src/scpi-parser/libscpi.a(utils.o) (strtod)
/home/pi/.pico-sdk/toolchain/13_3_Rel1/bin/../lib/gcc/arm-none-eabi/13.3.1/../../../../arm-none-eabi/lib/thumb/v6-m/nofp/libg.a(libc_a-strtol.o)
[...]
Memory Configuration

Name             Origin             Length             Attributes
FLASH            0x10000000         0x00200000         xr
RAM              0x20000000         0x00040000         xrw
SCRATCH_X        0x20040000         0x00001000         xrw
SCRATCH_Y        0x20041000         0x00001000         xrw
*default*        0x00000000         0xffffffff

Linker script and memory map

LOAD /home/pi/.pico-sdk/toolchain/13_3_Rel1/bin/../lib/gcc/arm-none-eabi/13.3.1/thumb/v6-m/nofp/crti.o
LOAD /home/pi/.pico-sdk/toolchain/13_3_Rel1/bin/../lib/gcc/arm-none-eabi/13.3.1/thumb/v6-m/nofp/crtbegin.o
LOAD /home/pi/.pico-sdk/toolchain/13_3_Rel1/bin/../lib/gcc/arm-none-eabi/13.3.1/../../../../arm-none-eabi/lib/thumb/v6-m/nofp/crt0.o

.flash_begin    0x10000000        0x0
                0x10000000                        __flash_binary_start = .

.boot2          0x10000000      0x100
                0x10000000                        __boot2_start__ = .
 *(.boot2)
 .boot2         0x10000000      0x100 pico-sdk/src/rp2040/boot_stage2/CMakeFiles/bs2_default_library.dir/./bs2_default_padded_checksummed.S.o
                0x10000100                        __boot2_end__ = .
                0x00000001                        ASSERT (((__boot2_end__ - __boot2_start__) == 0x100), ERROR: Pico second stage bootloader must be 256 bytes in size)

.text           0x10000100    0x25bd4
                0x10000100                        __logical_binary_start = .
 *(.vectors)
 .vectors       0x10000100       0xd4 firmware/src/CMakeFiles/INTERCONNECTIO_MASTER.dir/home/pi/.pico-sdk/sdk/2.1.0/src/rp2_common/pico_crt0/crt0.S.o
                0x10000100                __vectors
                0x10000100                __VECTOR_TABLE
                0x100001c0                isr_invalid
                0x100001c0                __default_isrs_start
                0x100001c2                isr_nmi
                0x100001c4                isr_hardfault
                0x100001c6                isr_svcall
                0x100001c8                isr_pendsv
                0x100001ca                isr_systick
                0x100001cc                isr_irq30
                0x100001cc                __unhandled_user_irq
                0x100001cc                isr_irq13
                0x100001cc                isr_irq27
                0x100001cc                isr_irq31
                0x100001cc                isr_irq5
                0x100001cc                isr_irq11
                0x100001cc                isr_irq23
                0x100001cc                isr_irq18
                0x100001cc                isr_irq28
                0x100001cc                isr_irq19
                0x100001cc                isr_irq0
                0x100001cc                isr_irq6
                0x100001cc                isr_irq22
                0x100001cc                isr_irq17
                0x100001cc                isr_irq14
                0x100001cc                isr_irq2
                0x100001cc                isr_irq10
                0x100001cc                isr_irq8
                0x100001cc                isr_irq24
                0x100001cc                isr_irq1
                0x100001cc                isr_irq7
                0x100001cc                isr_irq21
                0x100001cc                isr_irq20
                0x100001cc                isr_irq15
                0x100001cc                isr_irq25
                0x100001cc                isr_irq4
                0x100001cc                isr_irq16
                0x100001cc                isr_irq29
                0x100001cc                isr_irq26
                0x100001cc                __default_isrs_end
                0x100001cc                isr_irq3
                0x100001cc                isr_irq12
                0x100001cc                isr_irq9
                0x100001d2                unhandled_user_irq_num_in_r0
 *(.binary_info_header)
 .binary_info_header
                0x100001d4       0x14 firmware/src/CMakeFiles/INTERCONNECTIO_MASTER.dir/home/pi/.pico-sdk/sdk/2.1.0/src/rp2_common/pico_crt0/crt0.S.o
                0x100001e8                        __binary_info_header_end = .
 *(.embedded_block)
                0x100001e8                        __embedded_block_end = .
 *(.reset)
 .reset         0x100001e8       0x9c firmware/src/CMakeFiles/INTERCONNECTIO_MASTER.dir/home/pi/.pico-sdk/sdk/2.1.0/src/rp2_common/pico_crt0/crt0.S.o
                0x100001e8                _entry_point
 *(.init)
 .init          0x10000284        0x4 /home/pi/.pico-sdk/toolchain/13_3_Rel1/bin/../lib/gcc/arm-none-eabi/13.3.1/thumb/v6-m/nofp/crti.o
                0x10000284                _init
 *(EXCLUDE_FILE(*libm.a: *libc.a:*lib_a-mem*.o *libgcc.a:) .text*)
 .text.register_tm_clones
                0x10000288       0x28 /home/pi/.pico-sdk/toolchain/13_3_Rel1/bin/../lib/gcc/arm-none-eabi/13.3.1/thumb/v6-m/nofp/crtbegin.o
 .text.frame_dummy
                0x100002b0       0x24 /home/pi/.pico-sdk/toolchain/13_3_Rel1/bin/../lib/gcc/arm-none-eabi/13.3.1/thumb/v6-m/nofp/crtbegin.o
 .text.on_uart_rx
                0x100002d4      0x1b4 firmware/src/CMakeFiles/INTERCONNECTIO_MASTER.dir/master.c.o
                0x100002d4                on_uart_rx
 .text.SCPI_ErrorInit
                0x10000488        0xc firmware/src/CMakeFiles/INTERCONNECTIO_MASTER.dir/master.c.o
                0x10000488                SCPI_ErrorInit
 .text.SCPI_ErrorClear
                0x10000494       0x58 firmware/src/CMakeFiles/INTERCONNECTIO_MASTER.dir/master.c.o
                0x10000494                SCPI_ErrorClear
 .text.SCPI_ErrorPop
                0x100004ec       0x68 firmware/src/CMakeFiles/INTERCONNECTIO_MASTER.dir/master.c.o
                0x100004ec                SCPI_ErrorPop
 .text.SCPI_ErrorCount
                0x10000554       0x1c firmware/src/CMakeFiles/INTERCONNECTIO_MASTER.dir/master.c.o
                0x10000554                SCPI_ErrorCount
 .text.SCPI_ErrorPushEx
                0x10000570      0x144 firmware/src/CMakeFiles/INTERCONNECTIO_MASTER.dir/master.c.o
                0x10000570                SCPI_ErrorPushEx
 .text.SCPI_ErrorPush
                0x100006b4        0xc firmware/src/CMakeFiles/INTERCONNECTIO_MASTER.dir/master.c.o
                0x100006b4                SCPI_ErrorPush
 .text.SCPI_ErrorTranslate
                0x100006c0       0x24 firmware/src/CMakeFiles/INTERCONNECTIO_MASTER.dir/master.c.o
                0x100006c0                SCPI_ErrorTranslate
 .text.init_main_com
                0x100006e4       0xa0 firmware/src/CMakeFiles/INTERCONNECTIO_MASTER.dir/master.c.o
                0x100006e4                init_main_com
 .text.Hardware_Default_Setting
                0x10000784      0x144 firmware/src/CMakeFiles/INTERCONNECTIO_MASTER.dir/master.c.o
                0x10000784                Hardware_Default_Setting
 .text.startup.main
                0x100008c8      0x20c firmware/src/CMakeFiles/INTERCONNECTIO_MASTER.dir/master.c.o
                0x100008c8                main
 .text.test_cmd_result.constprop.0
                0x10000ad4      0x1fc firmware/src/CMakeFiles/INTERCONNECTIO_MASTER.dir/test.c.o
 .text.print_messages
                0x10000cd0      0x110 firmware/src/CMakeFiles/INTERCONNECTIO_MASTER.dir/test.c.o
                0x10000cd0                print_messages
 .text.test_cmd_result
                0x10000de0      0x1f8 firmware/src/CMakeFiles/INTERCONNECTIO_MASTER.dir/test.c.o
                0x10000de0                test_cmd_result
 .text.test_cmd_out
                0x10000fd8      0x144 firmware/src/CMakeFiles/INTERCONNECTIO_MASTER.dir/test.c.o
                0x10000fd8                test_cmd_out
 .text.test_cmd_substring
                0x1000111c      0x144 firmware/src/CMakeFiles/INTERCONNECTIO_MASTER.dir/test.c.o
                0x1000111c                test_cmd_substring
 .text.read_uart_char
                0x10001260       0x94 firmware/src/CMakeFiles/INTERCONNECTIO_MASTER.dir/test.c.o
                0x10001260                read_uart_char
 .text.test_selftest
                0x100012f4     0x2018 firmware/src/CMakeFiles/INTERCONNECTIO_MASTER.dir/test.c.o
                0x100012f4                test_selftest
 .text.test_inst_manual
                0x1000330c     0x1ad0 firmware/src/CMakeFiles/INTERCONNECTIO_MASTER.dir/test.c.o
                0x1000330c                test_inst_manual
 .text.test_command
                0x10004ddc     0x1698 firmware/src/CMakeFiles/INTERCONNECTIO_MASTER.dir/test.c.o
                0x10004ddc                test_command
 .text.internal_test_sequence
                0x10006474      0x5f4 firmware/src/CMakeFiles/INTERCONNECTIO_MASTER.dir/test.c.o
                0x10006474                internal_test_sequence
 .text.setup_master
                0x10006a68       0x44 firmware/src/CMakeFiles/INTERCONNECTIO_MASTER.dir/i2c_com.c.o
                0x10006a68                setup_master
 .text.send_master
                0x10006aac       0xbc firmware/src/CMakeFiles/INTERCONNECTIO_MASTER.dir/i2c_com.c.o
                0x10006aac                send_master
 .text.relay_execute
                0x10006b68     0x10c0 firmware/src/CMakeFiles/INTERCONNECTIO_MASTER.dir/i2c_com.c.o
                0x10006b68                relay_execute
 .text.digital_execute
                0x10007c28      0x1a0 firmware/src/CMakeFiles/INTERCONNECTIO_MASTER.dir/i2c_com.c.o
                0x10007c28                digital_execute
 .text.gpio_execute
                0x10007dc8      0x29c firmware/src/CMakeFiles/INTERCONNECTIO_MASTER.dir/i2c_com.c.o
                0x10007dc8                gpio_execute
 .text.system_execute
                0x10008064      0x12c firmware/src/CMakeFiles/INTERCONNECTIO_MASTER.dir/i2c_com.c.o
                0x10008064                system_execute
 .text.read_master_adc
                0x10008190       0xf8 firmware/src/CMakeFiles/INTERCONNECTIO_MASTER.dir/functadv.c.o
                0x10008190                read_master_adc
 .text.read_power
                0x10008288      0x10c firmware/src/CMakeFiles/INTERCONNECTIO_MASTER.dir/functadv.c.o
                0x10008288                read_power
 .text.calibrate_power
                0x10008394       0x60 firmware/src/CMakeFiles/INTERCONNECTIO_MASTER.dir/functadv.c.o
                0x10008394                calibrate_power
 .text.dac_set  0x100083f4       0xa0 firmware/src/CMakeFiles/INTERCONNECTIO_MASTER.dir/functadv.c.o
                0x100083f4                dac_set
 .text.eeprom_data_valid
                0x10008494       0xac firmware/src/CMakeFiles/INTERCONNECTIO_MASTER.dir/functadv.c.o
                0x10008494                eeprom_data_valid
 .text.cfg_eeprom_rw
                0x10008540      0x21c firmware/src/CMakeFiles/INTERCONNECTIO_MASTER.dir/functadv.c.o
                0x10008540                cfg_eeprom_rw
 .text.cfg_eeprom_read_full
                0x1000875c       0xec firmware/src/CMakeFiles/INTERCONNECTIO_MASTER.dir/functadv.c.o
                0x1000875c                cfg_eeprom_read_full
 .text.cfg_eeprom_write_default
                0x10008848      0x134 firmware/src/CMakeFiles/INTERCONNECTIO_MASTER.dir/functadv.c.o
                0x10008848                cfg_eeprom_write_default
 .text.stringtonumber
                0x1000897c       0x7c firmware/src/CMakeFiles/INTERCONNECTIO_MASTER.dir/functadv.c.o
                0x1000897c                stringtonumber
 .text.IOBoard_Selftest
                0x100089f8      0x68c firmware/src/CMakeFiles/INTERCONNECTIO_MASTER.dir/functadv.c.o
                0x100089f8                IOBoard_Selftest
 .text.scan_i2c_bus
                0x10009084      0x110 firmware/src/CMakeFiles/INTERCONNECTIO_MASTER.dir/functadv.c.o
                0x10009084                scan_i2c_bus
 .text.Boot_check
                0x10009194       0xa0 firmware/src/CMakeFiles/INTERCONNECTIO_MASTER.dir/functadv.c.o
                0x10009194                Boot_check
 .text.SCPI_Flush
                0x10009234        0x4 firmware/src/CMakeFiles/INTERCONNECTIO_MASTER.dir/fts_scpi.c.o
 .text.SCPI_Reset
                0x10009238       0x2c firmware/src/CMakeFiles/INTERCONNECTIO_MASTER.dir/fts_scpi.c.o
                0x10009238                SCPI_Reset
 .text.Callback_sync_com_scpi
                0x10009264      0x658 firmware/src/CMakeFiles/INTERCONNECTIO_MASTER.dir/fts_scpi.c.o
 .text.Callback_com_scpi
                0x100098bc      0x614 firmware/src/CMakeFiles/INTERCONNECTIO_MASTER.dir/fts_scpi.c.o
 .text.Callback_eeprom_scpi
                0x10009ed0      0x318 firmware/src/CMakeFiles/INTERCONNECTIO_MASTER.dir/fts_scpi.c.o
 .text.Callback_analog_scpi
                0x1000a1e8      0x15c firmware/src/CMakeFiles/INTERCONNECTIO_MASTER.dir/fts_scpi.c.o
 .text.Callback_system_scpi
                0x1000a344      0x2f4 firmware/src/CMakeFiles/INTERCONNECTIO_MASTER.dir/fts_scpi.c.o
 .text.Callback_gpio_scpi
                0x1000a638      0x11c firmware/src/CMakeFiles/INTERCONNECTIO_MASTER.dir/fts_scpi.c.o
 .text.Callback_Digital_scpi
                0x1000a754      0x108 firmware/src/CMakeFiles/INTERCONNECTIO_MASTER.dir/fts_scpi.c.o
 .text.Callback_Relay_all_scpi
                0x1000a85c      0x1a0 firmware/src/CMakeFiles/INTERCONNECTIO_MASTER.dir/fts_scpi.c.o
 .text.SCPI_CallbackTstQ
                0x1000a9fc       0x24 firmware/src/CMakeFiles/INTERCONNECTIO_MASTER.dir/fts_scpi.c.o
 .text.SCPI_Control
                0x1000aa20       0x48 firmware/src/CMakeFiles/INTERCONNECTIO_MASTER.dir/fts_scpi.c.o
 .text.SCPI_Error
                0x1000aa68       0x50 firmware/src/CMakeFiles/INTERCONNECTIO_MASTER.dir/fts_scpi.c.o
                0x1000aa68                SCPI_Error
 .text.SCPI_write
                0x1000aab8       0xbc firmware/src/CMakeFiles/INTERCONNECTIO_MASTER.dir/fts_scpi.c.o
                0x1000aab8                SCPI_write
 .text.RegBitHdwrErr
                0x1000ab74       0xfc firmware/src/CMakeFiles/INTERCONNECTIO_MASTER.dir/fts_scpi.c.o
                0x1000ab74                RegBitHdwrErr
 .text.Relay_Chanlst
                0x1000ac70      0x160 firmware/src/CMakeFiles/INTERCONNECTIO_MASTER.dir/fts_scpi.c.o
                0x1000ac70                Relay_Chanlst
 .text.Callback_Relay_scpi
                0x1000add0      0x110 firmware/src/CMakeFiles/INTERCONNECTIO_MASTER.dir/fts_scpi.c.o
 .text.init_scpi
                0x1000aee0       0x60 firmware/src/CMakeFiles/INTERCONNECTIO_MASTER.dir/fts_scpi.c.o
                0x1000aee0                init_scpi
 .text.scpi_spi_disable
                0x1000af40       0x5c firmware/src/CMakeFiles/INTERCONNECTIO_MASTER.dir/scpi_spi.c.o
                0x1000af40                scpi_spi_disable
 .text.scpi_spi_status
                0x1000af9c        0xc firmware/src/CMakeFiles/INTERCONNECTIO_MASTER.dir/scpi_spi.c.o
                0x1000af9c                scpi_spi_status
 .text.scpi_spi_set_baudrate
                0x1000afa8       0x24 firmware/src/CMakeFiles/INTERCONNECTIO_MASTER.dir/scpi_spi.c.o
                0x1000afa8                scpi_spi_set_baudrate
 .text.scpi_spi_get_baudrate
                0x1000afcc        0xc firmware/src/CMakeFiles/INTERCONNECTIO_MASTER.dir/scpi_spi.c.o
                0x1000afcc                scpi_spi_get_baudrate
 .text.scpi_spi_set_chipselect
                0x1000afd8       0x58 firmware/src/CMakeFiles/INTERCONNECTIO_MASTER.dir/scpi_spi.c.o
                0x1000afd8                scpi_spi_set_chipselect
 .text.scpi_spi_get_chipselect
                0x1000b030        0xc firmware/src/CMakeFiles/INTERCONNECTIO_MASTER.dir/scpi_spi.c.o
                0x1000b030                scpi_spi_get_chipselect
 .text.scpi_spi_set_databits
                0x1000b03c       0xd0 firmware/src/CMakeFiles/INTERCONNECTIO_MASTER.dir/scpi_spi.c.o
                0x1000b03c                scpi_spi_set_databits
 .text.scpi_spi_get_databits
                0x1000b10c        0xc firmware/src/CMakeFiles/INTERCONNECTIO_MASTER.dir/scpi_spi.c.o
                0x1000b10c                scpi_spi_get_databits
 .text.scpi_spi_set_mode
                0x1000b118       0xb8 firmware/src/CMakeFiles/INTERCONNECTIO_MASTER.dir/scpi_spi.c.o
                0x1000b118                scpi_spi_set_mode
 .text.scpi_spi_enable
                0x1000b1d0       0x80 firmware/src/CMakeFiles/INTERCONNECTIO_MASTER.dir/scpi_spi.c.o
                0x1000b1d0                scpi_spi_enable
 .text.scpi_spi_get_mode
                0x1000b250        0xc firmware/src/CMakeFiles/INTERCONNECTIO_MASTER.dir/scpi_spi.c.o
                0x1000b250                scpi_spi_get_mode
 .text.scpi_spi_wri_read_data
                0x1000b25c      0x724 firmware/src/CMakeFiles/INTERCONNECTIO_MASTER.dir/scpi_spi.c.o
                0x1000b25c                scpi_spi_wri_read_data
 .text.scpi_i2c_enable
                0x1000b980       0x60 firmware/src/CMakeFiles/INTERCONNECTIO_MASTER.dir/scpi_i2c.c.o
                0x1000b980                scpi_i2c_enable
 .text.scpi_i2c_disable
                0x1000b9e0       0x48 firmware/src/CMakeFiles/INTERCONNECTIO_MASTER.dir/scpi_i2c.c.o
                0x1000b9e0                scpi_i2c_disable
 .text.scpi_i2c_status
                0x1000ba28        0xc firmware/src/CMakeFiles/INTERCONNECTIO_MASTER.dir/scpi_i2c.c.o
                0x1000ba28                scpi_i2c_status
 .text.scpi_i2c_set_address
                0x1000ba34       0x24 firmware/src/CMakeFiles/INTERCONNECTIO_MASTER.dir/scpi_i2c.c.o
                0x1000ba34                scpi_i2c_set_address
 .text.scpi_i2c_get_address
                0x1000ba58        0xc firmware/src/CMakeFiles/INTERCONNECTIO_MASTER.dir/scpi_i2c.c.o
                0x1000ba58                scpi_i2c_get_address
 .text.scpi_i2c_set_baudrate
                0x1000ba64       0x24 firmware/src/CMakeFiles/INTERCONNECTIO_MASTER.dir/scpi_i2c.c.o
                0x1000ba64                scpi_i2c_set_baudrate
 .text.scpi_i2c_get_baudrate
                0x1000ba88        0xc firmware/src/CMakeFiles/INTERCONNECTIO_MASTER.dir/scpi_i2c.c.o
                0x1000ba88                scpi_i2c_get_baudrate
 .text.scpi_i2c_set_databits
                0x1000ba94       0x24 firmware/src/CMakeFiles/INTERCONNECTIO_MASTER.dir/scpi_i2c.c.o
                0x1000ba94                scpi_i2c_set_databits
 .text.scpi_i2c_get_databits
                0x1000bab8        0xc firmware/src/CMakeFiles/INTERCONNECTIO_MASTER.dir/scpi_i2c.c.o
                0x1000bab8                scpi_i2c_get_databits
 .text.scpi_i2c_wri_read_data
                0x1000bac4      0x200 firmware/src/CMakeFiles/INTERCONNECTIO_MASTER.dir/scpi_i2c.c.o
                0x1000bac4                scpi_i2c_wri_read_data
 .text.scpi_uart_enable
                0x1000bcc4       0x88 firmware/src/CMakeFiles/INTERCONNECTIO_MASTER.dir/scpi_uart.c.o
                0x1000bcc4                scpi_uart_enable
 .text.scpi_uart_disable
                0x1000bd4c       0x6c firmware/src/CMakeFiles/INTERCONNECTIO_MASTER.dir/scpi_uart.c.o
                0x1000bd4c                scpi_uart_disable
 .text.scpi_uart_status
                0x1000bdb8        0xc firmware/src/CMakeFiles/INTERCONNECTIO_MASTER.dir/scpi_uart.c.o
                0x1000bdb8                scpi_uart_status
 .text.scpi_uart_set_baudrate
                0x1000bdc4       0x18 firmware/src/CMakeFiles/INTERCONNECTIO_MASTER.dir/scpi_uart.c.o
                0x1000bdc4                scpi_uart_set_baudrate
 .text.scpi_uart_get_baudrate
                0x1000bddc        0xc firmware/src/CMakeFiles/INTERCONNECTIO_MASTER.dir/scpi_uart.c.o
                0x1000bddc                scpi_uart_get_baudrate
 .text.scpi_uart_set_timeout
                0x1000bde8        0xc firmware/src/CMakeFiles/INTERCONNECTIO_MASTER.dir/scpi_uart.c.o
                0x1000bde8                scpi_uart_set_timeout
 .text.scpi_uart_get_timeout
                0x1000bdf4        0xc firmware/src/CMakeFiles/INTERCONNECTIO_MASTER.dir/scpi_uart.c.o
                0x1000bdf4                scpi_uart_get_timeout
 .text.scpi_uart_set_handshake
                0x1000be00       0x58 firmware/src/CMakeFiles/INTERCONNECTIO_MASTER.dir/scpi_uart.c.o
                0x1000be00                scpi_uart_set_handshake
 .text.scpi_uart_get_handshake
                0x1000be58        0xc firmware/src/CMakeFiles/INTERCONNECTIO_MASTER.dir/scpi_uart.c.o
                0x1000be58                scpi_uart_get_handshake
 .text.scpi_uart_set_protocol
                0x1000be64      0x240 firmware/src/CMakeFiles/INTERCONNECTIO_MASTER.dir/scpi_uart.c.o
                0x1000be64                scpi_uart_set_protocol
 .text.scpi_uart_get_protocol
                0x1000c0a4       0x40 firmware/src/CMakeFiles/INTERCONNECTIO_MASTER.dir/scpi_uart.c.o
                0x1000c0a4                scpi_uart_get_protocol
 .text.scpi_uart_write_data
                0x1000c0e4       0xb4 firmware/src/CMakeFiles/INTERCONNECTIO_MASTER.dir/scpi_uart.c.o
                0x1000c0e4                scpi_uart_write_data
 .text.scpi_uart_write_read_data
                0x1000c198      0x280 firmware/src/CMakeFiles/INTERCONNECTIO_MASTER.dir/scpi_uart.c.o
                0x1000c198                scpi_uart_write_read_data
 .text.gpio_set_function
                0x1000c418       0x34 firmware/src/CMakeFiles/INTERCONNECTIO_MASTER.dir/home/pi/.pico-sdk/sdk/2.1.0/src/rp2_common/hardware_gpio/gpio.c.o
                0x1000c418                gpio_set_function
 .text.gpio_set_pulls
                0x1000c44c       0x28 firmware/src/CMakeFiles/INTERCONNECTIO_MASTER.dir/home/pi/.pico-sdk/sdk/2.1.0/src/rp2_common/hardware_gpio/gpio.c.o
                0x1000c44c                gpio_set_pulls
 .text.gpio_init
                0x1000c474       0x40 firmware/src/CMakeFiles/INTERCONNECTIO_MASTER.dir/home/pi/.pico-sdk/sdk/2.1.0/src/rp2_common/hardware_gpio/gpio.c.o
                0x1000c474                gpio_init
 .text.gpio_init_mask
                0x1000c4b4       0x64 firmware/src/CMakeFiles/INTERCONNECTIO_MASTER.dir/home/pi/.pico-sdk/sdk/2.1.0/src/rp2_common/hardware_gpio/gpio.c.o
                0x1000c4b4                gpio_init_mask
 .text.rp2040_chip_version
                0x1000c518        0xc firmware/src/CMakeFiles/INTERCONNECTIO_MASTER.dir/home/pi/.pico-sdk/sdk/2.1.0/src/rp2040/pico_platform/platform.c.o
                0x1000c518                rp2040_chip_version
 .text.panic    0x1000c524       0x30 firmware/src/CMakeFiles/INTERCONNECTIO_MASTER.dir/home/pi/.pico-sdk/sdk/2.1.0/src/rp2_common/pico_platform_panic/panic.c.o
                0x1000c524                panic
 .text.hw_claim_or_assert
                0x1000c554       0x44 firmware/src/CMakeFiles/INTERCONNECTIO_MASTER.dir/home/pi/.pico-sdk/sdk/2.1.0/src/common/hardware_claim/claim.c.o
                0x1000c554                hw_claim_or_assert
 .text.hw_claim_unused_from_range
                0x1000c598       0x9c firmware/src/CMakeFiles/INTERCONNECTIO_MASTER.dir/home/pi/.pico-sdk/sdk/2.1.0/src/common/hardware_claim/claim.c.o
                0x1000c598                hw_claim_unused_from_range
 .text.next_striped_spin_lock_num
                0x1000c634       0x18 firmware/src/CMakeFiles/INTERCONNECTIO_MASTER.dir/home/pi/.pico-sdk/sdk/2.1.0/src/rp2_common/hardware_sync/sync.c.o
                0x1000c634                next_striped_spin_lock_num
 .text.spin_lock_claim_unused
                0x1000c64c       0x24 firmware/src/CMakeFiles/INTERCONNECTIO_MASTER.dir/home/pi/.pico-sdk/sdk/2.1.0/src/rp2_common/hardware_sync/sync.c.o
                0x1000c64c                spin_lock_claim_unused
 .text.spin_locks_reset
                0x1000c670       0x1c firmware/src/CMakeFiles/INTERCONNECTIO_MASTER.dir/home/pi/.pico-sdk/sdk/2.1.0/src/rp2_common/hardware_sync_spin_lock/sync_spin_lock.c.o
                0x1000c670                spin_locks_reset
 .text.runtime_init_per_core_irq_priorities
                0x1000c68c       0x24 firmware/src/CMakeFiles/INTERCONNECTIO_MASTER.dir/home/pi/.pico-sdk/sdk/2.1.0/src/rp2_common/hardware_irq/irq.c.o
                0x1000c68c                runtime_init_per_core_irq_priorities
 .text.irq_set_enabled
                0x1000c6b0       0x24 firmware/src/CMakeFiles/INTERCONNECTIO_MASTER.dir/home/pi/.pico-sdk/sdk/2.1.0/src/rp2_common/hardware_irq/irq.c.o
                0x1000c6b0                irq_set_enabled
 .text.irq_is_enabled
                0x1000c6d4       0x18 firmware/src/CMakeFiles/INTERCONNECTIO_MASTER.dir/home/pi/.pico-sdk/sdk/2.1.0/src/rp2_common/hardware_irq/irq.c.o
                0x1000c6d4                irq_is_enabled
 .text.irq_set_pending
                0x1000c6ec       0x10 firmware/src/CMakeFiles/INTERCONNECTIO_MASTER.dir/home/pi/.pico-sdk/sdk/2.1.0/src/rp2_common/hardware_irq/irq.c.o
                0x1000c6ec                irq_set_pending
 .text.irq_has_shared_handler
                0x1000c6fc       0x2c firmware/src/CMakeFiles/INTERCONNECTIO_MASTER.dir/home/pi/.pico-sdk/sdk/2.1.0/src/rp2_common/hardware_irq/irq.c.o
                0x1000c6fc                irq_has_shared_handler
 .text.irq_set_exclusive_handler
                0x1000c728       0x54 firmware/src/CMakeFiles/INTERCONNECTIO_MASTER.dir/home/pi/.pico-sdk/sdk/2.1.0/src/rp2_common/hardware_irq/irq.c.o
                0x1000c728                irq_set_exclusive_handler
 .text.irq_add_shared_handler
                0x1000c77c      0x1f4 firmware/src/CMakeFiles/INTERCONNECTIO_MASTER.dir/home/pi/.pico-sdk/sdk/2.1.0/src/rp2_common/hardware_irq/irq.c.o
                0x1000c77c                irq_add_shared_handler
 .text.irq_add_tail_to_free_list
                0x1000c970       0xb4 firmware/src/CMakeFiles/INTERCONNECTIO_MASTER.dir/home/pi/.pico-sdk/sdk/2.1.0/src/rp2_common/hardware_irq/irq.c.o
                0x1000c970                irq_add_tail_to_free_list
 .text.user_irq_claim_unused
                0x1000ca24       0x2c firmware/src/CMakeFiles/INTERCONNECTIO_MASTER.dir/home/pi/.pico-sdk/sdk/2.1.0/src/rp2_common/hardware_irq/irq.c.o
                0x1000ca24                user_irq_claim_unused
 .text.lock_init
                0x1000ca50       0x10 firmware/src/CMakeFiles/INTERCONNECTIO_MASTER.dir/home/pi/.pico-sdk/sdk/2.1.0/src/common/pico_sync/lock_core.c.o
                0x1000ca50                lock_init
 .text.runtime_init_mutex
                0x1000ca60       0x50 firmware/src/CMakeFiles/INTERCONNECTIO_MASTER.dir/home/pi/.pico-sdk/sdk/2.1.0/src/common/pico_sync/mutex.c.o
                0x1000ca60                runtime_init_mutex
 .text.mutex_init
                0x1000cab0       0x1c firmware/src/CMakeFiles/INTERCONNECTIO_MASTER.dir/home/pi/.pico-sdk/sdk/2.1.0/src/common/pico_sync/mutex.c.o
                0x1000cab0                mutex_init
 .text.critical_section_init
                0x1000cacc       0x1c firmware/src/CMakeFiles/INTERCONNECTIO_MASTER.dir/home/pi/.pico-sdk/sdk/2.1.0/src/common/pico_sync/critical_section.c.o
                0x1000cacc                critical_section_init
 .text.critical_section_init_with_lock_num
                0x1000cae8       0x14 firmware/src/CMakeFiles/INTERCONNECTIO_MASTER.dir/home/pi/.pico-sdk/sdk/2.1.0/src/common/pico_sync/critical_section.c.o
                0x1000cae8                critical_section_init_with_lock_num
 .text.sleep_until_callback
                0x1000cafc       0x30 firmware/src/CMakeFiles/INTERCONNECTIO_MASTER.dir/home/pi/.pico-sdk/sdk/2.1.0/src/common/pico_time/time.c.o
 .text.alarm_pool_irq_handler
                0x1000cb2c      0x2fc firmware/src/CMakeFiles/INTERCONNECTIO_MASTER.dir/home/pi/.pico-sdk/sdk/2.1.0/src/common/pico_time/time.c.o
 .text.runtime_init_default_alarm_pool
                0x1000ce28       0xdc firmware/src/CMakeFiles/INTERCONNECTIO_MASTER.dir/home/pi/.pico-sdk/sdk/2.1.0/src/common/pico_time/time.c.o
                0x1000ce28                runtime_init_default_alarm_pool
 .text.alarm_pool_get_default
                0x1000cf04        0x8 firmware/src/CMakeFiles/INTERCONNECTIO_MASTER.dir/home/pi/.pico-sdk/sdk/2.1.0/src/common/pico_time/time.c.o
                0x1000cf04                alarm_pool_get_default
 .text.alarm_pool_add_alarm_at
                0x1000cf0c       0xd4 firmware/src/CMakeFiles/INTERCONNECTIO_MASTER.dir/home/pi/.pico-sdk/sdk/2.1.0/src/common/pico_time/time.c.o
                0x1000cf0c                alarm_pool_add_alarm_at
 .text.alarm_pool_add_alarm_at_force_in_context
                0x1000cfe0       0xb0 firmware/src/CMakeFiles/INTERCONNECTIO_MASTER.dir/home/pi/.pico-sdk/sdk/2.1.0/src/common/pico_time/time.c.o
                0x1000cfe0                alarm_pool_add_alarm_at_force_in_context
 .text.alarm_pool_cancel_alarm
                0x1000d090       0x74 firmware/src/CMakeFiles/INTERCONNECTIO_MASTER.dir/home/pi/.pico-sdk/sdk/2.1.0/src/common/pico_time/time.c.o
                0x1000d090                alarm_pool_cancel_alarm
 .text.alarm_pool_core_num
                0x1000d104        0x4 firmware/src/CMakeFiles/INTERCONNECTIO_MASTER.dir/home/pi/.pico-sdk/sdk/2.1.0/src/common/pico_time/time.c.o
                0x1000d104                alarm_pool_core_num
 .text.sleep_until
                0x1000d108       0xd8 firmware/src/CMakeFiles/INTERCONNECTIO_MASTER.dir/home/pi/.pico-sdk/sdk/2.1.0/src/common/pico_time/time.c.o
                0x1000d108                sleep_until
 .text.sleep_us
                0x1000d1e0       0x28 firmware/src/CMakeFiles/INTERCONNECTIO_MASTER.dir/home/pi/.pico-sdk/sdk/2.1.0/src/common/pico_time/time.c.o
                0x1000d1e0                sleep_us
 .text.sleep_ms
                0x1000d208       0x38 firmware/src/CMakeFiles/INTERCONNECTIO_MASTER.dir/home/pi/.pico-sdk/sdk/2.1.0/src/common/pico_time/time.c.o
                0x1000d208                sleep_ms
 .text.best_effort_wfe_or_timeout
                0x1000d240       0xe0 firmware/src/CMakeFiles/INTERCONNECTIO_MASTER.dir/home/pi/.pico-sdk/sdk/2.1.0/src/common/pico_time/time.c.o
                0x1000d240                best_effort_wfe_or_timeout
 .text.check_single_timeout_us
                0x1000d320       0x28 firmware/src/CMakeFiles/INTERCONNECTIO_MASTER.dir/home/pi/.pico-sdk/sdk/2.1.0/src/common/pico_time/timeout_helper.c.o
 .text.init_single_timeout_until
                0x1000d348        0xc firmware/src/CMakeFiles/INTERCONNECTIO_MASTER.dir/home/pi/.pico-sdk/sdk/2.1.0/src/common/pico_time/timeout_helper.c.o
                0x1000d348                init_single_timeout_until
 .text.timer_hardware_alarm_claim
                0x1000d354       0x14 firmware/src/CMakeFiles/INTERCONNECTIO_MASTER.dir/home/pi/.pico-sdk/sdk/2.1.0/src/rp2_common/hardware_timer/timer.c.o
                0x1000d354                timer_hardware_alarm_claim
 .text.timer_time_us_64
                0x1000d368       0x10 firmware/src/CMakeFiles/INTERCONNECTIO_MASTER.dir/home/pi/.pico-sdk/sdk/2.1.0/src/rp2_common/hardware_timer/timer.c.o
                0x1000d368                timer_time_us_64
 .text.time_us_64
                0x1000d378       0x14 firmware/src/CMakeFiles/INTERCONNECTIO_MASTER.dir/home/pi/.pico-sdk/sdk/2.1.0/src/rp2_common/hardware_timer/timer.c.o
                0x1000d378                time_us_64
 .text.busy_wait_us
                0x1000d38c       0x68 firmware/src/CMakeFiles/INTERCONNECTIO_MASTER.dir/home/pi/.pico-sdk/sdk/2.1.0/src/rp2_common/hardware_timer/timer.c.o
                0x1000d38c                busy_wait_us
 .text.busy_wait_until
                0x1000d3f4       0x20 firmware/src/CMakeFiles/INTERCONNECTIO_MASTER.dir/home/pi/.pico-sdk/sdk/2.1.0/src/rp2_common/hardware_timer/timer.c.o
                0x1000d3f4                busy_wait_until
 .text.uart_init
                0x1000d414      0x120 firmware/src/CMakeFiles/INTERCONNECTIO_MASTER.dir/home/pi/.pico-sdk/sdk/2.1.0/src/rp2_common/hardware_uart/uart.c.o
                0x1000d414                uart_init
 .text.uart_deinit
                0x1000d534       0x24 firmware/src/CMakeFiles/INTERCONNECTIO_MASTER.dir/home/pi/.pico-sdk/sdk/2.1.0/src/rp2_common/hardware_uart/uart.c.o
                0x1000d534                uart_deinit
 .text.uart_set_baudrate
                0x1000d558       0xb4 firmware/src/CMakeFiles/INTERCONNECTIO_MASTER.dir/home/pi/.pico-sdk/sdk/2.1.0/src/rp2_common/hardware_uart/uart.c.o
                0x1000d558                uart_set_baudrate
 .text.uart_set_format
                0x1000d60c       0x78 firmware/src/CMakeFiles/INTERCONNECTIO_MASTER.dir/home/pi/.pico-sdk/sdk/2.1.0/src/rp2_common/hardware_uart/uart.c.o
                0x1000d60c                uart_set_format
 .text.uart_set_fifo_enabled
                0x1000d684       0x5c firmware/src/CMakeFiles/INTERCONNECTIO_MASTER.dir/home/pi/.pico-sdk/sdk/2.1.0/src/rp2_common/hardware_uart/uart.c.o
                0x1000d684                uart_set_fifo_enabled
 .text.clock_configure_int_divider
                0x1000d6e0       0xf4 firmware/src/CMakeFiles/INTERCONNECTIO_MASTER.dir/home/pi/.pico-sdk/sdk/2.1.0/src/rp2_common/hardware_clocks/clocks.c.o
                0x1000d6e0                clock_configure_int_divider
 .text.clock_configure_undivided
                0x1000d7d4       0xe8 firmware/src/CMakeFiles/INTERCONNECTIO_MASTER.dir/home/pi/.pico-sdk/sdk/2.1.0/src/rp2_common/hardware_clocks/clocks.c.o
                0x1000d7d4                clock_configure_undivided
 .text.clock_get_hz
                0x1000d8bc        0xc firmware/src/CMakeFiles/INTERCONNECTIO_MASTER.dir/home/pi/.pico-sdk/sdk/2.1.0/src/rp2_common/hardware_clocks/clocks.c.o
                0x1000d8bc                clock_get_hz
 .text.pll_init
                0x1000d8c8       0xa4 firmware/src/CMakeFiles/INTERCONNECTIO_MASTER.dir/home/pi/.pico-sdk/sdk/2.1.0/src/rp2_common/hardware_pll/pll.c.o
                0x1000d8c8                pll_init
 .text.watchdog_update
                0x1000d96c       0x14 firmware/src/CMakeFiles/INTERCONNECTIO_MASTER.dir/home/pi/.pico-sdk/sdk/2.1.0/src/rp2_common/hardware_watchdog/watchdog.c.o
                0x1000d96c                watchdog_update
 .text.watchdog_enable
                0x1000d980       0x88 firmware/src/CMakeFiles/INTERCONNECTIO_MASTER.dir/home/pi/.pico-sdk/sdk/2.1.0/src/rp2_common/hardware_watchdog/watchdog.c.o
                0x1000d980                watchdog_enable
 .text.watchdog_reboot
                0x1000da08       0x9c firmware/src/CMakeFiles/INTERCONNECTIO_MASTER.dir/home/pi/.pico-sdk/sdk/2.1.0/src/rp2_common/hardware_watchdog/watchdog.c.o
                0x1000da08                watchdog_reboot
 .text.watchdog_caused_reboot
                0x1000daa4       0x10 firmware/src/CMakeFiles/INTERCONNECTIO_MASTER.dir/home/pi/.pico-sdk/sdk/2.1.0/src/rp2_common/hardware_watchdog/watchdog.c.o
                0x1000daa4                watchdog_caused_reboot
 .text.tick_start
                0x1000dab4       0x10 firmware/src/CMakeFiles/INTERCONNECTIO_MASTER.dir/home/pi/.pico-sdk/sdk/2.1.0/src/rp2_common/hardware_ticks/ticks.c.o
                0x1000dab4                tick_start
 .text.rom_func_lookup
                0x1000dac4       0x10 firmware/src/CMakeFiles/INTERCONNECTIO_MASTER.dir/home/pi/.pico-sdk/sdk/2.1.0/src/rp2_common/pico_bootrom/bootrom.c.o
                0x1000dac4                rom_func_lookup
 .text.rom_data_lookup
                0x1000dad4       0x10 firmware/src/CMakeFiles/INTERCONNECTIO_MASTER.dir/home/pi/.pico-sdk/sdk/2.1.0/src/rp2_common/pico_bootrom/bootrom.c.o
                0x1000dad4                rom_data_lookup
 .text.rom_funcs_lookup
                0x1000dae4       0x44 firmware/src/CMakeFiles/INTERCONNECTIO_MASTER.dir/home/pi/.pico-sdk/sdk/2.1.0/src/rp2_common/pico_bootrom/bootrom.c.o
                0x1000dae4                rom_funcs_lookup
 .text.rom_reset_usb_boot_extra
                0x1000db28       0x28 firmware/src/CMakeFiles/INTERCONNECTIO_MASTER.dir/home/pi/.pico-sdk/sdk/2.1.0/src/rp2_common/pico_bootrom/bootrom.c.o
                0x1000db28                rom_reset_usb_boot_extra
 .text.xosc_init
                0x1000db50       0x28 firmware/src/CMakeFiles/INTERCONNECTIO_MASTER.dir/home/pi/.pico-sdk/sdk/2.1.0/src/rp2_common/hardware_xosc/xosc.c.o
                0x1000db50                xosc_init
 .text.first_per_core_initializer
                0x1000db78        0x4 firmware/src/CMakeFiles/INTERCONNECTIO_MASTER.dir/home/pi/.pico-sdk/sdk/2.1.0/src/rp2_common/pico_runtime/runtime.c.o
 .text.hard_assertion_failure
                0x1000db7c        0xc firmware/src/CMakeFiles/INTERCONNECTIO_MASTER.dir/home/pi/.pico-sdk/sdk/2.1.0/src/rp2_common/pico_runtime/runtime.c.o
                0x1000db7c                hard_assertion_failure
 .text.runtime_run_initializers
                0x1000db88       0x28 firmware/src/CMakeFiles/INTERCONNECTIO_MASTER.dir/home/pi/.pico-sdk/sdk/2.1.0/src/rp2_common/pico_runtime/runtime.c.o
                0x1000db88                runtime_run_initializers
 .text.runtime_init_early_resets
                0x1000dbb0       0x2c firmware/src/CMakeFiles/INTERCONNECTIO_MASTER.dir/home/pi/.pico-sdk/sdk/2.1.0/src/rp2_common/pico_runtime_init/runtime_init.c.o
                0x1000dbb0                runtime_init_early_resets
 .text.runtime_init_usb_power_down
                0x1000dbdc       0x1c firmware/src/CMakeFiles/INTERCONNECTIO_MASTER.dir/home/pi/.pico-sdk/sdk/2.1.0/src/rp2_common/pico_runtime_init/runtime_init.c.o
                0x1000dbdc                runtime_init_usb_power_down
 .text.runtime_init_post_clock_resets
                0x1000dbf8       0x20 firmware/src/CMakeFiles/INTERCONNECTIO_MASTER.dir/home/pi/.pico-sdk/sdk/2.1.0/src/rp2_common/pico_runtime_init/runtime_init.c.o
                0x1000dbf8                runtime_init_post_clock_resets
 .text.runtime_init_rp2040_gpio_ie_disable
                0x1000dc18       0x14 firmware/src/CMakeFiles/INTERCONNECTIO_MASTER.dir/home/pi/.pico-sdk/sdk/2.1.0/src/rp2_common/pico_runtime_init/runtime_init.c.o
                0x1000dc18                runtime_init_rp2040_gpio_ie_disable
 .text.runtime_init_spin_locks_reset
                0x1000dc2c        0x8 firmware/src/CMakeFiles/INTERCONNECTIO_MASTER.dir/home/pi/.pico-sdk/sdk/2.1.0/src/rp2_common/pico_runtime_init/runtime_init.c.o
                0x1000dc2c                runtime_init_spin_locks_reset
 .text.runtime_init_install_ram_vector_table
                0x1000dc34       0x1c firmware/src/CMakeFiles/INTERCONNECTIO_MASTER.dir/home/pi/.pico-sdk/sdk/2.1.0/src/rp2_common/pico_runtime_init/runtime_init.c.o
                0x1000dc34                runtime_init_install_ram_vector_table
 .text.runtime_init_clocks
                0x1000dc50       0xd8 firmware/src/CMakeFiles/INTERCONNECTIO_MASTER.dir/home/pi/.pico-sdk/sdk/2.1.0/src/rp2_common/pico_runtime_init/runtime_init_clocks.c.o
                0x1000dc50                runtime_init_clocks
 .text          0x1000dd28       0x10 firmware/src/CMakeFiles/INTERCONNECTIO_MASTER.dir/home/pi/.pico-sdk/sdk/2.1.0/src/rp2_common/pico_bit_ops/bit_ops_aeabi.S.o
 .text.__wrap___aeabi_idiv
                0x1000dd38       0x50 firmware/src/CMakeFiles/INTERCONNECTIO_MASTER.dir/home/pi/.pico-sdk/sdk/2.1.0/src/rp2_common/pico_divider/divider_hardware.S.o
                0x1000dd38                __wrap___aeabi_idivmod
                0x1000dd38                divmod_s32s32
                0x1000dd38                div_s32s32
                0x1000dd38                __wrap___aeabi_idiv
                0x1000dd40                divmod_s32s32_unsafe
                0x1000dd6c                divmod_s32s32_savestate
 .text.__wrap___aeabi_uidiv
                0x1000dd88       0x4c firmware/src/CMakeFiles/INTERCONNECTIO_MASTER.dir/home/pi/.pico-sdk/sdk/2.1.0/src/rp2_common/pico_divider/divider_hardware.S.o
                0x1000dd88                __wrap___aeabi_uidiv
                0x1000dd88                __wrap___aeabi_uidivmod
                0x1000dd88                div_u32u32
                0x1000dd88                divmod_u32u32
                0x1000dd90                divmod_u32u32_unsafe
                0x1000ddb8                divmod_u32u32_savestate
 .text.__wrap___aeabi_ldiv
                0x1000ddd4      0x424 firmware/src/CMakeFiles/INTERCONNECTIO_MASTER.dir/home/pi/.pico-sdk/sdk/2.1.0/src/rp2_common/pico_divider/divider_hardware.S.o
                0x1000ddd4                div_s64s64
                0x1000ddd4                divmod_s64s64
                0x1000ddd4                __wrap___aeabi_ldivmod
                0x1000de04                div_u64u64
                0x1000de04                divmod_u64u64
                0x1000de04                __wrap___aeabi_uldivmod
                0x1000de14                divmod_u64u64_savestate
                0x1000de34                divmod_s64s64_unsafe
                0x1000debc                divmod_u64u64_unsafe
 .text.__wrap___aeabi_darithmetic
                0x1000e1f8       0x80 firmware/src/CMakeFiles/INTERCONNECTIO_MASTER.dir/home/pi/.pico-sdk/sdk/2.1.0/src/rp2_common/pico_double/double_aeabi_rp2040.S.o
                0x1000e1f8                __wrap___aeabi_drsub
                0x1000e1fe                __wrap___aeabi_dsub
                0x1000e210                __wrap___aeabi_dadd
                0x1000e222                __wrap___aeabi_ddiv
                0x1000e25e                __wrap___aeabi_dmul
 .text.__wrap___aeabi_cdcmple
                0x1000e278       0x6c firmware/src/CMakeFiles/INTERCONNECTIO_MASTER.dir/home/pi/.pico-sdk/sdk/2.1.0/src/rp2_common/pico_double/double_aeabi_rp2040.S.o
                0x1000e278                __wrap___aeabi_cdrcmple
                0x1000e288                __wrap___aeabi_cdcmple
                0x1000e288                __wrap___aeabi_cdcmpeq
 .text.__wrap___aeabi_dcmpeq
                0x1000e2e4       0x10 firmware/src/CMakeFiles/INTERCONNECTIO_MASTER.dir/home/pi/.pico-sdk/sdk/2.1.0/src/rp2_common/pico_double/double_aeabi_rp2040.S.o
                0x1000e2e4                __wrap___aeabi_dcmpeq
 .text.__wrap___aeabi_dcmplt
                0x1000e2f4        0xc firmware/src/CMakeFiles/INTERCONNECTIO_MASTER.dir/home/pi/.pico-sdk/sdk/2.1.0/src/rp2_common/pico_double/double_aeabi_rp2040.S.o
                0x1000e2f4                __wrap___aeabi_dcmplt
 .text.__wrap___aeabi_dcmple
                0x1000e300       0x10 firmware/src/CMakeFiles/INTERCONNECTIO_MASTER.dir/home/pi/.pico-sdk/sdk/2.1.0/src/rp2_common/pico_double/double_aeabi_rp2040.S.o
                0x1000e300                __wrap___aeabi_dcmple
 .text.__wrap___aeabi_dcmpge
                0x1000e310       0x10 firmware/src/CMakeFiles/INTERCONNECTIO_MASTER.dir/home/pi/.pico-sdk/sdk/2.1.0/src/rp2_common/pico_double/double_aeabi_rp2040.S.o
                0x1000e310                __wrap___aeabi_dcmpge
 .text.__wrap___aeabi_dcmpgt
                0x1000e320        0xa firmware/src/CMakeFiles/INTERCONNECTIO_MASTER.dir/home/pi/.pico-sdk/sdk/2.1.0/src/rp2_common/pico_double/double_aeabi_rp2040.S.o
                0x1000e320                __wrap___aeabi_dcmpgt
 .text.__wrap___aeabi_dcmpun
                0x1000e32a       0x18 firmware/src/CMakeFiles/INTERCONNECTIO_MASTER.dir/home/pi/.pico-sdk/sdk/2.1.0/src/rp2_common/pico_double/double_aeabi_rp2040.S.o
                0x1000e32a                __wrap___aeabi_dcmpun
 *fill*         0x1000e342        0x2 
 .text.__wrap___aeabi_i2d
                0x1000e344       0x38 firmware/src/CMakeFiles/INTERCONNECTIO_MASTER.dir/home/pi/.pico-sdk/sdk/2.1.0/src/rp2_common/pico_double/double_aeabi_rp2040.S.o
                0x1000e344                __wrap___aeabi_ui2d
                0x1000e34c                __wrap___aeabi_i2d
 .text.__wrap___aeabi_d2iz
                0x1000e37c       0x48 firmware/src/CMakeFiles/INTERCONNECTIO_MASTER.dir/home/pi/.pico-sdk/sdk/2.1.0/src/rp2_common/pico_double/double_aeabi_rp2040.S.o
                0x1000e37c                __wrap___aeabi_d2iz
                0x1000e37c                double2int_z
 .text.__wrap___aeabi_d2uiz
                0x1000e3c4       0x18 firmware/src/CMakeFiles/INTERCONNECTIO_MASTER.dir/home/pi/.pico-sdk/sdk/2.1.0/src/rp2_common/pico_double/double_aeabi_rp2040.S.o
                0x1000e3c4                double2uint
                0x1000e3c4                __wrap___aeabi_d2uiz
 .text.__wrap___aeabi_l2d
                0x1000e3dc       0x18 firmware/src/CMakeFiles/INTERCONNECTIO_MASTER.dir/home/pi/.pico-sdk/sdk/2.1.0/src/rp2_common/pico_double/double_aeabi_rp2040.S.o
                0x1000e3dc                __wrap___aeabi_l2d
 .text.__wrap___aeabi_ul2d
                0x1000e3f4       0x18 firmware/src/CMakeFiles/INTERCONNECTIO_MASTER.dir/home/pi/.pico-sdk/sdk/2.1.0/src/rp2_common/pico_double/double_aeabi_rp2040.S.o
                0x1000e3f4                __wrap___aeabi_ul2d
 .text.__wrap___aeabi_d2lz
                0x1000e40c       0x26 firmware/src/CMakeFiles/INTERCONNECTIO_MASTER.dir/home/pi/.pico-sdk/sdk/2.1.0/src/rp2_common/pico_double/double_aeabi_rp2040.S.o
                0x1000e40c                __wrap___aeabi_d2lz
                0x1000e40c                double2int64_z
 *fill*         0x1000e432        0x2 
 .text.double2int64
                0x1000e434       0x18 firmware/src/CMakeFiles/INTERCONNECTIO_MASTER.dir/home/pi/.pico-sdk/sdk/2.1.0/src/rp2_common/pico_double/double_aeabi_rp2040.S.o
                0x1000e434                double2int64
 .text.double2ufix64
                0x1000e44c       0x18 firmware/src/CMakeFiles/INTERCONNECTIO_MASTER.dir/home/pi/.pico-sdk/sdk/2.1.0/src/rp2_common/pico_double/double_aeabi_rp2040.S.o
                0x1000e44c                double2ufix64
 .text.__wrap___aeabi_d2f
                0x1000e464       0x18 firmware/src/CMakeFiles/INTERCONNECTIO_MASTER.dir/home/pi/.pico-sdk/sdk/2.1.0/src/rp2_common/pico_double/double_aeabi_rp2040.S.o
                0x1000e464                __wrap___aeabi_d2f
 .text.__aeabi_double_init
                0x1000e47c       0xa4 firmware/src/CMakeFiles/INTERCONNECTIO_MASTER.dir/home/pi/.pico-sdk/sdk/2.1.0/src/rp2_common/pico_double/double_init_rom_rp2040.c.o
                0x1000e47c                __aeabi_double_init
 .text.double_table_shim_on_use_helper
                0x1000e520       0x2c firmware/src/CMakeFiles/INTERCONNECTIO_MASTER.dir/home/pi/.pico-sdk/sdk/2.1.0/src/rp2_common/pico_double/double_v1_rom_shim_rp2040.S.o
                0x1000e520                double_table_shim_on_use_helper
 .text.__wrap___aeabi_dsub
                0x1000e54c       0x10 firmware/src/CMakeFiles/INTERCONNECTIO_MASTER.dir/home/pi/.pico-sdk/sdk/2.1.0/src/rp2_common/pico_double/double_v1_rom_shim_rp2040.S.o
                0x1000e54c                drsub_shim
                0x1000e552                dsub_shim
 .text.dadd_shim
                0x1000e55c      0x15c firmware/src/CMakeFiles/INTERCONNECTIO_MASTER.dir/home/pi/.pico-sdk/sdk/2.1.0/src/rp2_common/pico_double/double_v1_rom_shim_rp2040.S.o
                0x1000e55c                dadd_shim
 .text.dmul_shim
                0x1000e6b8      0x15c firmware/src/CMakeFiles/INTERCONNECTIO_MASTER.dir/home/pi/.pico-sdk/sdk/2.1.0/src/rp2_common/pico_double/double_v1_rom_shim_rp2040.S.o
                0x1000e6b8                dmul_shim
 .text.ddiv_shim
                0x1000e814      0x1b0 firmware/src/CMakeFiles/INTERCONNECTIO_MASTER.dir/home/pi/.pico-sdk/sdk/2.1.0/src/rp2_common/pico_double/double_v1_rom_shim_rp2040.S.o
                0x1000e814                ddiv_shim
 .text.double2uint_shim
                0x1000e9c4        0xe firmware/src/CMakeFiles/INTERCONNECTIO_MASTER.dir/home/pi/.pico-sdk/sdk/2.1.0/src/rp2_common/pico_double/double_v1_rom_shim_rp2040.S.o
                0x1000e9c4                double2uint_shim
                0x1000e9c6                double2ufix_shim
 .text.double2int64_shim
                0x1000e9d2       0x1a firmware/src/CMakeFiles/INTERCONNECTIO_MASTER.dir/home/pi/.pico-sdk/sdk/2.1.0/src/rp2_common/pico_double/double_v1_rom_shim_rp2040.S.o
                0x1000e9d2                double2int64_shim
                0x1000e9d4                double2fix64_shim
 .text.double2uint64_shim
                0x1000e9ec       0x70 firmware/src/CMakeFiles/INTERCONNECTIO_MASTER.dir/home/pi/.pico-sdk/sdk/2.1.0/src/rp2_common/pico_double/double_v1_rom_shim_rp2040.S.o
                0x1000e9ec                double2uint64_shim
                0x1000e9ee                double2ufix64_shim
                0x1000ea0e                d2fix_a
 .text.double2float_shim
                0x1000ea5c       0x5c firmware/src/CMakeFiles/INTERCONNECTIO_MASTER.dir/home/pi/.pico-sdk/sdk/2.1.0/src/rp2_common/pico_double/double_v1_rom_shim_rp2040.S.o
                0x1000ea5c                double2float_shim
 .text.x2double_shims
                0x1000eab8       0x90 firmware/src/CMakeFiles/INTERCONNECTIO_MASTER.dir/home/pi/.pico-sdk/sdk/2.1.0/src/rp2_common/pico_double/double_v1_rom_shim_rp2040.S.o
                0x1000eab8                uint2double_shim
                0x1000eaba                ufix2double_shim
                0x1000eac0                int2double_shim
                0x1000eac2                fix2double_shim
                0x1000eac8                uint642double_shim
                0x1000eaca                ufix642double_shim
                0x1000ead0                int642double_shim
                0x1000ead2                fix642double_shim
 .text.dunpacks
                0x1000eb48       0x3c firmware/src/CMakeFiles/INTERCONNECTIO_MASTER.dir/home/pi/.pico-sdk/sdk/2.1.0/src/rp2_common/pico_double/double_v1_rom_shim_rp2040.S.o
                0x1000eb48                dunpacks
 .text.__aeabi_lmul
                0x1000eb84       0x32 firmware/src/CMakeFiles/INTERCONNECTIO_MASTER.dir/home/pi/.pico-sdk/sdk/2.1.0/src/rp2_common/pico_int64_ops/pico_int64_ops_aeabi.S.o
                0x1000eb84                __wrap___aeabi_lmul
 *fill*         0x1000ebb6        0x2 
 .text.__wrap___aeabi_farithmetic
                0x1000ebb8       0x48 firmware/src/CMakeFiles/INTERCONNECTIO_MASTER.dir/home/pi/.pico-sdk/sdk/2.1.0/src/rp2_common/pico_float/float_aeabi_rp2040.S.o
                0x1000ebb8                __wrap___aeabi_frsub
                0x1000ebbe                __wrap___aeabi_fsub
                0x1000ebc4                __wrap___aeabi_fadd
                0x1000ebca                __wrap___aeabi_fdiv
                0x1000ebf2                __wrap___aeabi_fmul
 .text.__wrap___aeabi_cfcmple
                0x1000ec00       0x50 firmware/src/CMakeFiles/INTERCONNECTIO_MASTER.dir/home/pi/.pico-sdk/sdk/2.1.0/src/rp2_common/pico_float/float_aeabi_rp2040.S.o
                0x1000ec00                __wrap___aeabi_cfrcmple
                0x1000ec0c                __wrap___aeabi_cfcmpeq
                0x1000ec0c                __wrap___aeabi_cfcmple
 .text.__wrap___aeabi_fcmplt
                0x1000ec50        0xc firmware/src/CMakeFiles/INTERCONNECTIO_MASTER.dir/home/pi/.pico-sdk/sdk/2.1.0/src/rp2_common/pico_float/float_aeabi_rp2040.S.o
                0x1000ec50                __wrap___aeabi_fcmplt
 .text.__wrap___aeabi_fcmple
                0x1000ec5c       0x10 firmware/src/CMakeFiles/INTERCONNECTIO_MASTER.dir/home/pi/.pico-sdk/sdk/2.1.0/src/rp2_common/pico_float/float_aeabi_rp2040.S.o
                0x1000ec5c                __wrap___aeabi_fcmple
 .text.__wrap___aeabi_fcmpgt
                0x1000ec6c        0xa firmware/src/CMakeFiles/INTERCONNECTIO_MASTER.dir/home/pi/.pico-sdk/sdk/2.1.0/src/rp2_common/pico_float/float_aeabi_rp2040.S.o
                0x1000ec6c                __wrap___aeabi_fcmpgt
 .text.__wrap___aeabi_fcmpun
                0x1000ec76       0x18 firmware/src/CMakeFiles/INTERCONNECTIO_MASTER.dir/home/pi/.pico-sdk/sdk/2.1.0/src/rp2_common/pico_float/float_aeabi_rp2040.S.o
                0x1000ec76                __wrap___aeabi_fcmpun
 .text.__wrap___aeabi_ui2f
                0x1000ec8e        0xa firmware/src/CMakeFiles/INTERCONNECTIO_MASTER.dir/home/pi/.pico-sdk/sdk/2.1.0/src/rp2_common/pico_float/float_aeabi_rp2040.S.o
                0x1000ec8e                uint2float
                0x1000ec8e                __wrap___aeabi_ui2f
 .text.__wrap___aeabi_i2f
                0x1000ec98       0x44 firmware/src/CMakeFiles/INTERCONNECTIO_MASTER.dir/home/pi/.pico-sdk/sdk/2.1.0/src/rp2_common/pico_float/float_aeabi_rp2040.S.o
                0x1000ec98                int2float
                0x1000ec98                __wrap___aeabi_i2f
 .text.__wrap___aeabi_f2uiz
                0x1000ecdc        0xc firmware/src/CMakeFiles/INTERCONNECTIO_MASTER.dir/home/pi/.pico-sdk/sdk/2.1.0/src/rp2_common/pico_float/float_aeabi_rp2040.S.o
                0x1000ecdc                float2uint_z
                0x1000ecdc                __wrap___aeabi_f2uiz
 .text.__wrap___aeabi_f2d
                0x1000ece8       0x14 firmware/src/CMakeFiles/INTERCONNECTIO_MASTER.dir/home/pi/.pico-sdk/sdk/2.1.0/src/rp2_common/pico_float/float_aeabi_rp2040.S.o
                0x1000ece8                __wrap___aeabi_f2d
 .text.__aeabi_float_init
                0x1000ecfc       0x64 firmware/src/CMakeFiles/INTERCONNECTIO_MASTER.dir/home/pi/.pico-sdk/sdk/2.1.0/src/rp2_common/pico_float/float_init_rom_rp2040.c.o
                0x1000ecfc                __aeabi_float_init
 .text.float_table_shim_on_use_helper
                0x1000ed60       0x2c firmware/src/CMakeFiles/INTERCONNECTIO_MASTER.dir/home/pi/.pico-sdk/sdk/2.1.0/src/rp2_common/pico_float/float_v1_rom_shim_rp2040.S.o
                0x1000ed60                float_table_shim_on_use_helper
 .text.float2double_shim
                0x1000ed8c       0x30 firmware/src/CMakeFiles/INTERCONNECTIO_MASTER.dir/home/pi/.pico-sdk/sdk/2.1.0/src/rp2_common/pico_float/float_v1_rom_shim_rp2040.S.o
                0x1000ed8c                float2double_shim
 .text.__wrap_malloc
                0x1000edbc       0x24 firmware/src/CMakeFiles/INTERCONNECTIO_MASTER.dir/home/pi/.pico-sdk/sdk/2.1.0/src/rp2_common/pico_malloc/malloc.c.o
                0x1000edbc                __wrap_malloc
 .text.__wrap_realloc
                0x1000ede0       0x24 firmware/src/CMakeFiles/INTERCONNECTIO_MASTER.dir/home/pi/.pico-sdk/sdk/2.1.0/src/rp2_common/pico_malloc/malloc.c.o
                0x1000ede0                __wrap_realloc
 .text.__wrap_free
                0x1000ee04        0x8 firmware/src/CMakeFiles/INTERCONNECTIO_MASTER.dir/home/pi/.pico-sdk/sdk/2.1.0/src/rp2_common/pico_malloc/malloc.c.o
                0x1000ee04                __wrap_free
 .text          0x1000ee0c       0x10 firmware/src/CMakeFiles/INTERCONNECTIO_MASTER.dir/home/pi/.pico-sdk/sdk/2.1.0/src/rp2_common/pico_mem_ops/mem_ops_aeabi.S.o
                0x1000ee0c                __aeabi_mem_init
 .text.memset   0x1000ee1c        0xc firmware/src/CMakeFiles/INTERCONNECTIO_MASTER.dir/home/pi/.pico-sdk/sdk/2.1.0/src/rp2_common/pico_mem_ops/mem_ops_aeabi.S.o
                0x1000ee1c                __wrap_memset
 .text.memcpy   0x1000ee28        0xc firmware/src/CMakeFiles/INTERCONNECTIO_MASTER.dir/home/pi/.pico-sdk/sdk/2.1.0/src/rp2_common/pico_mem_ops/mem_ops_aeabi.S.o
                0x1000ee28                __wrap___aeabi_memcpy
                0x1000ee28                __wrap_memcpy
 .text._out_buffer
                0x1000ee34        0x8 firmware/src/CMakeFiles/INTERCONNECTIO_MASTER.dir/home/pi/.pico-sdk/sdk/2.1.0/src/rp2_common/pico_printf/printf.c.o
 .text._out_null
                0x1000ee3c        0x4 firmware/src/CMakeFiles/INTERCONNECTIO_MASTER.dir/home/pi/.pico-sdk/sdk/2.1.0/src/rp2_common/pico_printf/printf.c.o
 .text._out_rev
                0x1000ee40       0xac firmware/src/CMakeFiles/INTERCONNECTIO_MASTER.dir/home/pi/.pico-sdk/sdk/2.1.0/src/rp2_common/pico_printf/printf.c.o
 .text._ntoa_format
                0x1000eeec      0x250 firmware/src/CMakeFiles/INTERCONNECTIO_MASTER.dir/home/pi/.pico-sdk/sdk/2.1.0/src/rp2_common/pico_printf/printf.c.o
 .text._out_char
                0x1000f13c       0x10 firmware/src/CMakeFiles/INTERCONNECTIO_MASTER.dir/home/pi/.pico-sdk/sdk/2.1.0/src/rp2_common/pico_printf/printf.c.o
 .text._out_fct
                0x1000f14c       0x10 firmware/src/CMakeFiles/INTERCONNECTIO_MASTER.dir/home/pi/.pico-sdk/sdk/2.1.0/src/rp2_common/pico_printf/printf.c.o
 .text._etoa    0x1000f15c      0x464 firmware/src/CMakeFiles/INTERCONNECTIO_MASTER.dir/home/pi/.pico-sdk/sdk/2.1.0/src/rp2_common/pico_printf/printf.c.o
 .text._ftoa    0x1000f5c0      0x3c0 firmware/src/CMakeFiles/INTERCONNECTIO_MASTER.dir/home/pi/.pico-sdk/sdk/2.1.0/src/rp2_common/pico_printf/printf.c.o
 .text._vsnprintf
                0x1000f980      0xbc8 firmware/src/CMakeFiles/INTERCONNECTIO_MASTER.dir/home/pi/.pico-sdk/sdk/2.1.0/src/rp2_common/pico_printf/printf.c.o
 .text.__wrap_sprintf
                0x10010548       0x2c firmware/src/CMakeFiles/INTERCONNECTIO_MASTER.dir/home/pi/.pico-sdk/sdk/2.1.0/src/rp2_common/pico_printf/printf.c.o
                0x10010548                __wrap_sprintf
 .text.__wrap_snprintf
                0x10010574       0x28 firmware/src/CMakeFiles/INTERCONNECTIO_MASTER.dir/home/pi/.pico-sdk/sdk/2.1.0/src/rp2_common/pico_printf/printf.c.o
                0x10010574                __wrap_snprintf
 .text.vfctprintf
                0x1001059c       0x20 firmware/src/CMakeFiles/INTERCONNECTIO_MASTER.dir/home/pi/.pico-sdk/sdk/2.1.0/src/rp2_common/pico_printf/printf.c.o
                0x1001059c                vfctprintf
 .text.weak_raw_printf
                0x100105bc       0x40 firmware/src/CMakeFiles/INTERCONNECTIO_MASTER.dir/home/pi/.pico-sdk/sdk/2.1.0/src/rp2_common/pico_printf/printf.c.o
                0x100105bc                weak_raw_printf
 .text.weak_raw_vprintf
                0x100105fc       0x30 firmware/src/CMakeFiles/INTERCONNECTIO_MASTER.dir/home/pi/.pico-sdk/sdk/2.1.0/src/rp2_common/pico_printf/printf.c.o
                0x100105fc                weak_raw_vprintf
 .text._exit    0x1001062c        0x4 firmware/src/CMakeFiles/INTERCONNECTIO_MASTER.dir/home/pi/.pico-sdk/sdk/2.1.0/src/rp2_common/pico_clib_interface/newlib_interface.c.o
                0x1001062c                _exit
 .text._sbrk    0x10010630       0x34 firmware/src/CMakeFiles/INTERCONNECTIO_MASTER.dir/home/pi/.pico-sdk/sdk/2.1.0/src/rp2_common/pico_clib_interface/newlib_interface.c.o
                0x10010630                _sbrk
 .text._read    0x10010664       0x24 firmware/src/CMakeFiles/INTERCONNECTIO_MASTER.dir/home/pi/.pico-sdk/sdk/2.1.0/src/rp2_common/pico_clib_interface/newlib_interface.c.o
                0x10010664                _read
 .text._write   0x10010688       0x24 firmware/src/CMakeFiles/INTERCONNECTIO_MASTER.dir/home/pi/.pico-sdk/sdk/2.1.0/src/rp2_common/pico_clib_interface/newlib_interface.c.o
                0x10010688                _write
 .text._close   0x100106ac        0x8 firmware/src/CMakeFiles/INTERCONNECTIO_MASTER.dir/home/pi/.pico-sdk/sdk/2.1.0/src/rp2_common/pico_clib_interface/newlib_interface.c.o
                0x100106ac                _close
 .text._lseek   0x100106b4        0x8 firmware/src/CMakeFiles/INTERCONNECTIO_MASTER.dir/home/pi/.pico-sdk/sdk/2.1.0/src/rp2_common/pico_clib_interface/newlib_interface.c.o
                0x100106b4                _lseek
 .text._fstat   0x100106bc        0x8 firmware/src/CMakeFiles/INTERCONNECTIO_MASTER.dir/home/pi/.pico-sdk/sdk/2.1.0/src/rp2_common/pico_clib_interface/newlib_interface.c.o
                0x100106bc                _fstat
 .text._isatty  0x100106c4        0xc firmware/src/CMakeFiles/INTERCONNECTIO_MASTER.dir/home/pi/.pico-sdk/sdk/2.1.0/src/rp2_common/pico_clib_interface/newlib_interface.c.o
                0x100106c4                _isatty
 .text.exit     0x100106d0        0x8 firmware/src/CMakeFiles/INTERCONNECTIO_MASTER.dir/home/pi/.pico-sdk/sdk/2.1.0/src/rp2_common/pico_clib_interface/newlib_interface.c.o
                0x100106d0                exit
 .text.__assert_func
                0x100106d8       0x38 firmware/src/CMakeFiles/INTERCONNECTIO_MASTER.dir/home/pi/.pico-sdk/sdk/2.1.0/src/rp2_common/pico_clib_interface/newlib_interface.c.o
                0x100106d8                __assert_func
 .text.runtime_init
                0x10010710       0x2c firmware/src/CMakeFiles/INTERCONNECTIO_MASTER.dir/home/pi/.pico-sdk/sdk/2.1.0/src/rp2_common/pico_clib_interface/newlib_interface.c.o
                0x10010710                runtime_init
 .text.stdio_out_chars_no_crlf
                0x1001073c       0x10 firmware/src/CMakeFiles/INTERCONNECTIO_MASTER.dir/home/pi/.pico-sdk/sdk/2.1.0/src/rp2_common/pico_stdio/stdio.c.o
 .text.stdio_out_chars_crlf
                0x1001074c       0x94 firmware/src/CMakeFiles/INTERCONNECTIO_MASTER.dir/home/pi/.pico-sdk/sdk/2.1.0/src/rp2_common/pico_stdio/stdio.c.o
 .text.stdio_buffered_printer
                0x100107e0       0x64 firmware/src/CMakeFiles/INTERCONNECTIO_MASTER.dir/home/pi/.pico-sdk/sdk/2.1.0/src/rp2_common/pico_stdio/stdio.c.o
 .text.stdio_put_string
                0x10010844      0x100 firmware/src/CMakeFiles/INTERCONNECTIO_MASTER.dir/home/pi/.pico-sdk/sdk/2.1.0/src/rp2_common/pico_stdio/stdio.c.o
                0x10010844                stdio_put_string
 .text.stdio_get_until
                0x10010944       0x84 firmware/src/CMakeFiles/INTERCONNECTIO_MASTER.dir/home/pi/.pico-sdk/sdk/2.1.0/src/rp2_common/pico_stdio/stdio.c.o
                0x10010944                stdio_get_until
 .text.stdio_set_driver_enabled
                0x100109c8       0x30 firmware/src/CMakeFiles/INTERCONNECTIO_MASTER.dir/home/pi/.pico-sdk/sdk/2.1.0/src/rp2_common/pico_stdio/stdio.c.o
                0x100109c8                stdio_set_driver_enabled
 .text.stdio_init_all
                0x100109f8        0x8 firmware/src/CMakeFiles/INTERCONNECTIO_MASTER.dir/home/pi/.pico-sdk/sdk/2.1.0/src/rp2_common/pico_stdio/stdio.c.o
                0x100109f8                stdio_init_all
 .text.__wrap_putchar
                0x10010a00       0x98 firmware/src/CMakeFiles/INTERCONNECTIO_MASTER.dir/home/pi/.pico-sdk/sdk/2.1.0/src/rp2_common/pico_stdio/stdio.c.o
                0x10010a00                stdio_putchar
                0x10010a00                __wrap_putchar
 .text.__wrap_puts
                0x10010a98       0x3c firmware/src/CMakeFiles/INTERCONNECTIO_MASTER.dir/home/pi/.pico-sdk/sdk/2.1.0/src/rp2_common/pico_stdio/stdio.c.o
                0x10010a98                __wrap_puts
                0x10010a98                stdio_puts
 .text.__wrap_vprintf
                0x10010ad4       0xd4 firmware/src/CMakeFiles/INTERCONNECTIO_MASTER.dir/home/pi/.pico-sdk/sdk/2.1.0/src/rp2_common/pico_stdio/stdio.c.o
                0x10010ad4                __wrap_vprintf
                0x10010ad4                stdio_vprintf
 .text.__wrap_printf
                0x10010ba8       0x18 firmware/src/CMakeFiles/INTERCONNECTIO_MASTER.dir/home/pi/.pico-sdk/sdk/2.1.0/src/rp2_common/pico_stdio/stdio.c.o
                0x10010ba8                stdio_printf
                0x10010ba8                __wrap_printf
 .text.resetd_init
                0x10010bc0        0x4 firmware/src/CMakeFiles/INTERCONNECTIO_MASTER.dir/home/pi/.pico-sdk/sdk/2.1.0/src/rp2_common/pico_stdio_usb/reset_interface.c.o
 .text.resetd_reset
                0x10010bc4        0xc firmware/src/CMakeFiles/INTERCONNECTIO_MASTER.dir/home/pi/.pico-sdk/sdk/2.1.0/src/rp2_common/pico_stdio_usb/reset_interface.c.o
 .text.resetd_open
                0x10010bd0       0x28 firmware/src/CMakeFiles/INTERCONNECTIO_MASTER.dir/home/pi/.pico-sdk/sdk/2.1.0/src/rp2_common/pico_stdio_usb/reset_interface.c.o
 .text.resetd_xfer_cb
                0x10010bf8        0x4 firmware/src/CMakeFiles/INTERCONNECTIO_MASTER.dir/home/pi/.pico-sdk/sdk/2.1.0/src/rp2_common/pico_stdio_usb/reset_interface.c.o
 .text.resetd_control_xfer_cb
                0x10010bfc       0x5c firmware/src/CMakeFiles/INTERCONNECTIO_MASTER.dir/home/pi/.pico-sdk/sdk/2.1.0/src/rp2_common/pico_stdio_usb/reset_interface.c.o
 .text.tud_descriptor_bos_cb
                0x10010c58        0x8 firmware/src/CMakeFiles/INTERCONNECTIO_MASTER.dir/home/pi/.pico-sdk/sdk/2.1.0/src/rp2_common/pico_stdio_usb/reset_interface.c.o
                0x10010c58                tud_descriptor_bos_cb
 .text.tud_vendor_control_xfer_cb
                0x10010c60       0x34 firmware/src/CMakeFiles/INTERCONNECTIO_MASTER.dir/home/pi/.pico-sdk/sdk/2.1.0/src/rp2_common/pico_stdio_usb/reset_interface.c.o
                0x10010c60                tud_vendor_control_xfer_cb
 .text.usbd_app_driver_get_cb
                0x10010c94        0xc firmware/src/CMakeFiles/INTERCONNECTIO_MASTER.dir/home/pi/.pico-sdk/sdk/2.1.0/src/rp2_common/pico_stdio_usb/reset_interface.c.o
                0x10010c94                usbd_app_driver_get_cb
 .text.tud_cdc_line_coding_cb
                0x10010ca0       0x2c firmware/src/CMakeFiles/INTERCONNECTIO_MASTER.dir/home/pi/.pico-sdk/sdk/2.1.0/src/rp2_common/pico_stdio_usb/reset_interface.c.o
                0x10010ca0                tud_cdc_line_coding_cb
 .text.stdio_usb_set_chars_available_callback
                0x10010ccc       0x14 firmware/src/CMakeFiles/INTERCONNECTIO_MASTER.dir/home/pi/.pico-sdk/sdk/2.1.0/src/rp2_common/pico_stdio_usb/stdio_usb.c.o
                0x10010ccc                stdio_usb_set_chars_available_callback
 .text.usb_irq  0x10010ce0       0x10 firmware/src/CMakeFiles/INTERCONNECTIO_MASTER.dir/home/pi/.pico-sdk/sdk/2.1.0/src/rp2_common/pico_stdio_usb/stdio_usb.c.o
 .text.timer_task
                0x10010cf0       0x64 firmware/src/CMakeFiles/INTERCONNECTIO_MASTER.dir/home/pi/.pico-sdk/sdk/2.1.0/src/rp2_common/pico_stdio_usb/stdio_usb.c.o
 .text.stdio_usb_in_chars
                0x10010d54       0x90 firmware/src/CMakeFiles/INTERCONNECTIO_MASTER.dir/home/pi/.pico-sdk/sdk/2.1.0/src/rp2_common/pico_stdio_usb/stdio_usb.c.o
                0x10010d54                stdio_usb_in_chars
 .text.stdio_usb_out_flush
                0x10010de4       0x50 firmware/src/CMakeFiles/INTERCONNECTIO_MASTER.dir/home/pi/.pico-sdk/sdk/2.1.0/src/rp2_common/pico_stdio_usb/stdio_usb.c.o
 .text.stdio_usb_out_chars
                0x10010e34      0x104 firmware/src/CMakeFiles/INTERCONNECTIO_MASTER.dir/home/pi/.pico-sdk/sdk/2.1.0/src/rp2_common/pico_stdio_usb/stdio_usb.c.o
 .text.low_priority_worker_irq
                0x10010f38       0xcc firmware/src/CMakeFiles/INTERCONNECTIO_MASTER.dir/home/pi/.pico-sdk/sdk/2.1.0/src/rp2_common/pico_stdio_usb/stdio_usb.c.o
 .text.stdio_usb_init
                0x10011004       0xe8 firmware/src/CMakeFiles/INTERCONNECTIO_MASTER.dir/home/pi/.pico-sdk/sdk/2.1.0/src/rp2_common/pico_stdio_usb/stdio_usb.c.o
                0x10011004                stdio_usb_init
 .text.tud_descriptor_device_cb
                0x100110ec        0x8 firmware/src/CMakeFiles/INTERCONNECTIO_MASTER.dir/home/pi/.pico-sdk/sdk/2.1.0/src/rp2_common/pico_stdio_usb/stdio_usb_descriptors.c.o
                0x100110ec                tud_descriptor_device_cb
 .text.tud_descriptor_configuration_cb
                0x100110f4        0x8 firmware/src/CMakeFiles/INTERCONNECTIO_MASTER.dir/home/pi/.pico-sdk/sdk/2.1.0/src/rp2_common/pico_stdio_usb/stdio_usb_descriptors.c.o
                0x100110f4                tud_descriptor_configuration_cb
 .text.tud_descriptor_string_cb
                0x100110fc       0x78 firmware/src/CMakeFiles/INTERCONNECTIO_MASTER.dir/home/pi/.pico-sdk/sdk/2.1.0/src/rp2_common/pico_stdio_usb/stdio_usb_descriptors.c.o
                0x100110fc                tud_descriptor_string_cb
 .text.startup._retrieve_unique_id_on_boot
                0x10011174       0x10 firmware/src/CMakeFiles/INTERCONNECTIO_MASTER.dir/home/pi/.pico-sdk/sdk/2.1.0/src/rp2_common/pico_unique_id/unique_id.c.o
 .text.pico_get_unique_board_id_string
                0x10011184      0x1a8 firmware/src/CMakeFiles/INTERCONNECTIO_MASTER.dir/home/pi/.pico-sdk/sdk/2.1.0/src/rp2_common/pico_unique_id/unique_id.c.o
                0x10011184                pico_get_unique_board_id_string
 .text.flash_get_unique_id
                0x1001132c       0x3c firmware/src/CMakeFiles/INTERCONNECTIO_MASTER.dir/home/pi/.pico-sdk/sdk/2.1.0/src/rp2_common/hardware_flash/flash.c.o
                0x1001132c                flash_get_unique_id
 .text.dcd_init
                0x10011368       0x8c firmware/src/CMakeFiles/INTERCONNECTIO_MASTER.dir/home/pi/.pico-sdk/sdk/2.1.0/lib/tinyusb/src/portable/raspberrypi/rp2040/dcd_rp2040.c.o
                0x10011368                dcd_init
 .text.dcd_int_enable
                0x100113f4        0xc firmware/src/CMakeFiles/INTERCONNECTIO_MASTER.dir/home/pi/.pico-sdk/sdk/2.1.0/lib/tinyusb/src/portable/raspberrypi/rp2040/dcd_rp2040.c.o
                0x100113f4                dcd_int_enable
 .text.dcd_set_address
                0x10011400       0x14 firmware/src/CMakeFiles/INTERCONNECTIO_MASTER.dir/home/pi/.pico-sdk/sdk/2.1.0/lib/tinyusb/src/portable/raspberrypi/rp2040/dcd_rp2040.c.o
                0x10011400                dcd_set_address
 .text.dcd_sof_enable
                0x10011414       0x1c firmware/src/CMakeFiles/INTERCONNECTIO_MASTER.dir/home/pi/.pico-sdk/sdk/2.1.0/lib/tinyusb/src/portable/raspberrypi/rp2040/dcd_rp2040.c.o
                0x10011414                dcd_sof_enable
 .text.dcd_edpt0_status_complete
                0x10011430       0x1c firmware/src/CMakeFiles/INTERCONNECTIO_MASTER.dir/home/pi/.pico-sdk/sdk/2.1.0/lib/tinyusb/src/portable/raspberrypi/rp2040/dcd_rp2040.c.o
                0x10011430                dcd_edpt0_status_complete
 .text.dcd_edpt_open
                0x1001144c      0x108 firmware/src/CMakeFiles/INTERCONNECTIO_MASTER.dir/home/pi/.pico-sdk/sdk/2.1.0/lib/tinyusb/src/portable/raspberrypi/rp2040/dcd_rp2040.c.o
                0x1001144c                dcd_edpt_open
 .text.dcd_edpt_close_all
                0x10011554        0x8 firmware/src/CMakeFiles/INTERCONNECTIO_MASTER.dir/home/pi/.pico-sdk/sdk/2.1.0/lib/tinyusb/src/portable/raspberrypi/rp2040/dcd_rp2040.c.o
                0x10011554                dcd_edpt_close_all
 .text.dcd_edpt_xfer
                0x1001155c       0x24 firmware/src/CMakeFiles/INTERCONNECTIO_MASTER.dir/home/pi/.pico-sdk/sdk/2.1.0/lib/tinyusb/src/portable/raspberrypi/rp2040/dcd_rp2040.c.o
                0x1001155c                dcd_edpt_xfer
 .text.dcd_edpt_stall
                0x10011580       0x34 firmware/src/CMakeFiles/INTERCONNECTIO_MASTER.dir/home/pi/.pico-sdk/sdk/2.1.0/lib/tinyusb/src/portable/raspberrypi/rp2040/dcd_rp2040.c.o
                0x10011580                dcd_edpt_stall
 .text.dcd_edpt_clear_stall
                0x100115b4       0x30 firmware/src/CMakeFiles/INTERCONNECTIO_MASTER.dir/home/pi/.pico-sdk/sdk/2.1.0/lib/tinyusb/src/portable/raspberrypi/rp2040/dcd_rp2040.c.o
                0x100115b4                dcd_edpt_clear_stall
 .text.rp2040_usb_init
                0x100115e4       0x40 firmware/src/CMakeFiles/INTERCONNECTIO_MASTER.dir/home/pi/.pico-sdk/sdk/2.1.0/lib/tinyusb/src/portable/raspberrypi/rp2040/rp2040_usb.c.o
                0x100115e4                rp2040_usb_init
 .text.hw_endpoint_xfer_start
                0x10011624       0x40 firmware/src/CMakeFiles/INTERCONNECTIO_MASTER.dir/home/pi/.pico-sdk/sdk/2.1.0/lib/tinyusb/src/portable/raspberrypi/rp2040/rp2040_usb.c.o
                0x10011624                hw_endpoint_xfer_start
 .text.tud_event_hook_cb
                0x10011664        0x4 firmware/src/CMakeFiles/INTERCONNECTIO_MASTER.dir/home/pi/.pico-sdk/sdk/2.1.0/lib/tinyusb/src/device/usbd.c.o
                0x10011664                tud_event_hook_cb
 .text.tud_sof_cb
                0x10011668        0x4 firmware/src/CMakeFiles/INTERCONNECTIO_MASTER.dir/home/pi/.pico-sdk/sdk/2.1.0/lib/tinyusb/src/device/usbd.c.o
                0x10011668                tud_sof_cb
 .text.tud_descriptor_device_qualifier_cb
                0x1001166c        0x4 firmware/src/CMakeFiles/INTERCONNECTIO_MASTER.dir/home/pi/.pico-sdk/sdk/2.1.0/lib/tinyusb/src/device/usbd.c.o
                0x1001166c                tud_descriptor_device_qualifier_cb
 .text.tud_descriptor_other_speed_configuration_cb
                0x10011670        0x4 firmware/src/CMakeFiles/INTERCONNECTIO_MASTER.dir/home/pi/.pico-sdk/sdk/2.1.0/lib/tinyusb/src/device/usbd.c.o
                0x10011670                tud_descriptor_other_speed_configuration_cb
 .text.tud_mount_cb
                0x10011674        0x4 firmware/src/CMakeFiles/INTERCONNECTIO_MASTER.dir/home/pi/.pico-sdk/sdk/2.1.0/lib/tinyusb/src/device/usbd.c.o
                0x10011674                tud_mount_cb
 .text.tud_umount_cb
                0x10011678        0x4 firmware/src/CMakeFiles/INTERCONNECTIO_MASTER.dir/home/pi/.pico-sdk/sdk/2.1.0/lib/tinyusb/src/device/usbd.c.o
                0x10011678                tud_umount_cb
 .text.tud_suspend_cb
                0x1001167c        0x4 firmware/src/CMakeFiles/INTERCONNECTIO_MASTER.dir/home/pi/.pico-sdk/sdk/2.1.0/lib/tinyusb/src/device/usbd.c.o
                0x1001167c                tud_suspend_cb
 .text.tud_resume_cb
                0x10011680        0x4 firmware/src/CMakeFiles/INTERCONNECTIO_MASTER.dir/home/pi/.pico-sdk/sdk/2.1.0/lib/tinyusb/src/device/usbd.c.o
                0x10011680                tud_resume_cb
 .text.tud_mounted
                0x10011684       0x10 firmware/src/CMakeFiles/INTERCONNECTIO_MASTER.dir/home/pi/.pico-sdk/sdk/2.1.0/lib/tinyusb/src/device/usbd.c.o
                0x10011684                tud_mounted
 .text.tud_suspended
                0x10011694       0x10 firmware/src/CMakeFiles/INTERCONNECTIO_MASTER.dir/home/pi/.pico-sdk/sdk/2.1.0/lib/tinyusb/src/device/usbd.c.o
                0x10011694                tud_suspended
 .text.tud_init
                0x100116a4       0xe4 firmware/src/CMakeFiles/INTERCONNECTIO_MASTER.dir/home/pi/.pico-sdk/sdk/2.1.0/lib/tinyusb/src/device/usbd.c.o
                0x100116a4                tud_init
 .text.tud_task_ext
                0x10011788      0x800 firmware/src/CMakeFiles/INTERCONNECTIO_MASTER.dir/home/pi/.pico-sdk/sdk/2.1.0/lib/tinyusb/src/device/usbd.c.o
                0x10011788                tud_task_ext
 .text.usbd_open_edpt_pair
                0x10011f88       0x9c firmware/src/CMakeFiles/INTERCONNECTIO_MASTER.dir/home/pi/.pico-sdk/sdk/2.1.0/lib/tinyusb/src/device/usbd.c.o
                0x10011f88                usbd_open_edpt_pair
 .text.usbd_edpt_open
                0x10012024       0x34 firmware/src/CMakeFiles/INTERCONNECTIO_MASTER.dir/home/pi/.pico-sdk/sdk/2.1.0/lib/tinyusb/src/device/usbd.c.o
                0x10012024                usbd_edpt_open
 .text.usbd_edpt_claim
                0x10012058       0x28 firmware/src/CMakeFiles/INTERCONNECTIO_MASTER.dir/home/pi/.pico-sdk/sdk/2.1.0/lib/tinyusb/src/device/usbd.c.o
                0x10012058                usbd_edpt_claim
 .text.usbd_edpt_release
                0x10012080       0x28 firmware/src/CMakeFiles/INTERCONNECTIO_MASTER.dir/home/pi/.pico-sdk/sdk/2.1.0/lib/tinyusb/src/device/usbd.c.o
                0x10012080                usbd_edpt_release
 .text.usbd_edpt_xfer
                0x100120a8       0x4c firmware/src/CMakeFiles/INTERCONNECTIO_MASTER.dir/home/pi/.pico-sdk/sdk/2.1.0/lib/tinyusb/src/device/usbd.c.o
                0x100120a8                usbd_edpt_xfer
 .text.tud_control_status
                0x100120f4       0x2c firmware/src/CMakeFiles/INTERCONNECTIO_MASTER.dir/home/pi/.pico-sdk/sdk/2.1.0/lib/tinyusb/src/device/usbd_control.c.o
                0x100120f4                tud_control_status
 .text.tud_control_xfer
                0x10012120       0xac firmware/src/CMakeFiles/INTERCONNECTIO_MASTER.dir/home/pi/.pico-sdk/sdk/2.1.0/lib/tinyusb/src/device/usbd_control.c.o
                0x10012120                tud_control_xfer
 .text.usbd_control_reset
                0x100121cc       0x14 firmware/src/CMakeFiles/INTERCONNECTIO_MASTER.dir/home/pi/.pico-sdk/sdk/2.1.0/lib/tinyusb/src/device/usbd_control.c.o
                0x100121cc                usbd_control_reset
 .text.usbd_control_set_complete_callback
                0x100121e0        0xc firmware/src/CMakeFiles/INTERCONNECTIO_MASTER.dir/home/pi/.pico-sdk/sdk/2.1.0/lib/tinyusb/src/device/usbd_control.c.o
                0x100121e0                usbd_control_set_complete_callback
 .text.usbd_control_set_request
                0x100121ec       0x1c firmware/src/CMakeFiles/INTERCONNECTIO_MASTER.dir/home/pi/.pico-sdk/sdk/2.1.0/lib/tinyusb/src/device/usbd_control.c.o
                0x100121ec                usbd_control_set_request
 .text.usbd_control_xfer_cb
                0x10012208       0xec firmware/src/CMakeFiles/INTERCONNECTIO_MASTER.dir/home/pi/.pico-sdk/sdk/2.1.0/lib/tinyusb/src/device/usbd_control.c.o
                0x10012208                usbd_control_xfer_cb
 .text._prep_out_transaction.isra.0
                0x100122f4       0x5c firmware/src/CMakeFiles/INTERCONNECTIO_MASTER.dir/home/pi/.pico-sdk/sdk/2.1.0/lib/tinyusb/src/class/cdc/cdc_device.c.o
 .text.tud_cdc_n_connected
                0x10012350       0x30 firmware/src/CMakeFiles/INTERCONNECTIO_MASTER.dir/home/pi/.pico-sdk/sdk/2.1.0/lib/tinyusb/src/class/cdc/cdc_device.c.o
                0x10012350                tud_cdc_n_connected
 .text.tud_cdc_n_available
                0x10012380       0x18 firmware/src/CMakeFiles/INTERCONNECTIO_MASTER.dir/home/pi/.pico-sdk/sdk/2.1.0/lib/tinyusb/src/class/cdc/cdc_device.c.o
                0x10012380                tud_cdc_n_available
 .text.tud_cdc_n_read
                0x10012398       0x98 firmware/src/CMakeFiles/INTERCONNECTIO_MASTER.dir/home/pi/.pico-sdk/sdk/2.1.0/lib/tinyusb/src/class/cdc/cdc_device.c.o
                0x10012398                tud_cdc_n_read
 .text.tud_cdc_n_write_flush
                0x10012430       0x78 firmware/src/CMakeFiles/INTERCONNECTIO_MASTER.dir/home/pi/.pico-sdk/sdk/2.1.0/lib/tinyusb/src/class/cdc/cdc_device.c.o
                0x10012430                tud_cdc_n_write_flush
 .text.tud_cdc_n_write
                0x100124a8       0x40 firmware/src/CMakeFiles/INTERCONNECTIO_MASTER.dir/home/pi/.pico-sdk/sdk/2.1.0/lib/tinyusb/src/class/cdc/cdc_device.c.o
                0x100124a8                tud_cdc_n_write
 .text.tud_cdc_n_write_available
                0x100124e8       0x18 firmware/src/CMakeFiles/INTERCONNECTIO_MASTER.dir/home/pi/.pico-sdk/sdk/2.1.0/lib/tinyusb/src/class/cdc/cdc_device.c.o
                0x100124e8                tud_cdc_n_write_available
 .text.cdcd_init
                0x10012500       0x7c firmware/src/CMakeFiles/INTERCONNECTIO_MASTER.dir/home/pi/.pico-sdk/sdk/2.1.0/lib/tinyusb/src/class/cdc/cdc_device.c.o
                0x10012500                cdcd_init
 .text.cdcd_deinit
                0x1001257c       0x34 firmware/src/CMakeFiles/INTERCONNECTIO_MASTER.dir/home/pi/.pico-sdk/sdk/2.1.0/lib/tinyusb/src/class/cdc/cdc_device.c.o
                0x1001257c                cdcd_deinit
 .text.cdcd_reset
                0x100125b0       0x4c firmware/src/CMakeFiles/INTERCONNECTIO_MASTER.dir/home/pi/.pico-sdk/sdk/2.1.0/lib/tinyusb/src/class/cdc/cdc_device.c.o
                0x100125b0                cdcd_reset
 .text.cdcd_open
                0x100125fc       0xb0 firmware/src/CMakeFiles/INTERCONNECTIO_MASTER.dir/home/pi/.pico-sdk/sdk/2.1.0/lib/tinyusb/src/class/cdc/cdc_device.c.o
                0x100125fc                cdcd_open
 .text.cdcd_control_xfer_cb
                0x100126ac       0xe4 firmware/src/CMakeFiles/INTERCONNECTIO_MASTER.dir/home/pi/.pico-sdk/sdk/2.1.0/lib/tinyusb/src/class/cdc/cdc_device.c.o
                0x100126ac                cdcd_control_xfer_cb
 .text.cdcd_xfer_cb
                0x10012790      0x100 firmware/src/CMakeFiles/INTERCONNECTIO_MASTER.dir/home/pi/.pico-sdk/sdk/2.1.0/lib/tinyusb/src/class/cdc/cdc_device.c.o
                0x10012790                cdcd_xfer_cb
 .text.vendord_init
                0x10012890       0x5c firmware/src/CMakeFiles/INTERCONNECTIO_MASTER.dir/home/pi/.pico-sdk/sdk/2.1.0/lib/tinyusb/src/class/vendor/vendor_device.c.o
                0x10012890                vendord_init
 .text.vendord_deinit
                0x100128ec       0x1c firmware/src/CMakeFiles/INTERCONNECTIO_MASTER.dir/home/pi/.pico-sdk/sdk/2.1.0/lib/tinyusb/src/class/vendor/vendor_device.c.o
                0x100128ec                vendord_deinit
 .text.vendord_reset
                0x10012908       0x20 firmware/src/CMakeFiles/INTERCONNECTIO_MASTER.dir/home/pi/.pico-sdk/sdk/2.1.0/lib/tinyusb/src/class/vendor/vendor_device.c.o
                0x10012908                vendord_reset
 .text.vendord_open
                0x10012928      0x138 firmware/src/CMakeFiles/INTERCONNECTIO_MASTER.dir/home/pi/.pico-sdk/sdk/2.1.0/lib/tinyusb/src/class/vendor/vendor_device.c.o
                0x10012928                vendord_open
 .text.vendord_xfer_cb
                0x10012a60       0x9c firmware/src/CMakeFiles/INTERCONNECTIO_MASTER.dir/home/pi/.pico-sdk/sdk/2.1.0/lib/tinyusb/src/class/vendor/vendor_device.c.o
                0x10012a60                vendord_xfer_cb
 .text.tusb_init
                0x10012afc        0xc firmware/src/CMakeFiles/INTERCONNECTIO_MASTER.dir/home/pi/.pico-sdk/sdk/2.1.0/lib/tinyusb/src/tusb.c.o
                0x10012afc                tusb_init
 .text.tu_edpt_claim
                0x10012b08       0x50 firmware/src/CMakeFiles/INTERCONNECTIO_MASTER.dir/home/pi/.pico-sdk/sdk/2.1.0/lib/tinyusb/src/tusb.c.o
                0x10012b08                tu_edpt_claim
 .text.tu_edpt_release
                0x10012b58       0x38 firmware/src/CMakeFiles/INTERCONNECTIO_MASTER.dir/home/pi/.pico-sdk/sdk/2.1.0/lib/tinyusb/src/tusb.c.o
                0x10012b58                tu_edpt_release
 .text.tu_edpt_validate
                0x10012b90       0x7c firmware/src/CMakeFiles/INTERCONNECTIO_MASTER.dir/home/pi/.pico-sdk/sdk/2.1.0/lib/tinyusb/src/tusb.c.o
                0x10012b90                tu_edpt_validate
 .text.tu_edpt_bind_driver
                0x10012c0c       0x34 firmware/src/CMakeFiles/INTERCONNECTIO_MASTER.dir/home/pi/.pico-sdk/sdk/2.1.0/lib/tinyusb/src/tusb.c.o
                0x10012c0c                tu_edpt_bind_driver
 .text.tu_edpt_stream_init
                0x10012c40       0x6c firmware/src/CMakeFiles/INTERCONNECTIO_MASTER.dir/home/pi/.pico-sdk/sdk/2.1.0/lib/tinyusb/src/tusb.c.o
                0x10012c40                tu_edpt_stream_init
 .text.tu_edpt_stream_deinit
                0x10012cac        0x4 firmware/src/CMakeFiles/INTERCONNECTIO_MASTER.dir/home/pi/.pico-sdk/sdk/2.1.0/lib/tinyusb/src/tusb.c.o
                0x10012cac                tu_edpt_stream_deinit
 .text.tu_edpt_stream_write_zlp_if_needed
                0x10012cb0       0x68 firmware/src/CMakeFiles/INTERCONNECTIO_MASTER.dir/home/pi/.pico-sdk/sdk/2.1.0/lib/tinyusb/src/tusb.c.o
                0x10012cb0                tu_edpt_stream_write_zlp_if_needed
 .text.tu_edpt_stream_write_xfer
                0x10012d18       0x64 firmware/src/CMakeFiles/INTERCONNECTIO_MASTER.dir/home/pi/.pico-sdk/sdk/2.1.0/lib/tinyusb/src/tusb.c.o
                0x10012d18                tu_edpt_stream_write_xfer
 .text.tu_edpt_stream_read_xfer
                0x10012d7c       0xdc firmware/src/CMakeFiles/INTERCONNECTIO_MASTER.dir/home/pi/.pico-sdk/sdk/2.1.0/lib/tinyusb/src/tusb.c.o
                0x10012d7c                tu_edpt_stream_read_xfer
 .text.tu_fifo_config
                0x10012e58       0x6c firmware/src/CMakeFiles/INTERCONNECTIO_MASTER.dir/home/pi/.pico-sdk/sdk/2.1.0/lib/tinyusb/src/common/tusb_fifo.c.o
                0x10012e58                tu_fifo_config
 .text.tu_fifo_count
                0x10012ec4       0x2c firmware/src/CMakeFiles/INTERCONNECTIO_MASTER.dir/home/pi/.pico-sdk/sdk/2.1.0/lib/tinyusb/src/common/tusb_fifo.c.o
                0x10012ec4                tu_fifo_count
 .text.tu_fifo_empty
                0x10012ef0       0x10 firmware/src/CMakeFiles/INTERCONNECTIO_MASTER.dir/home/pi/.pico-sdk/sdk/2.1.0/lib/tinyusb/src/common/tusb_fifo.c.o
                0x10012ef0                tu_fifo_empty
 .text.tu_fifo_remaining
                0x10012f00       0x2c firmware/src/CMakeFiles/INTERCONNECTIO_MASTER.dir/home/pi/.pico-sdk/sdk/2.1.0/lib/tinyusb/src/common/tusb_fifo.c.o
                0x10012f00                tu_fifo_remaining
 .text.tu_fifo_read
                0x10012f2c       0x9c firmware/src/CMakeFiles/INTERCONNECTIO_MASTER.dir/home/pi/.pico-sdk/sdk/2.1.0/lib/tinyusb/src/common/tusb_fifo.c.o
                0x10012f2c                tu_fifo_read
 .text.tu_fifo_read_n
                0x10012fc8       0xe8 firmware/src/CMakeFiles/INTERCONNECTIO_MASTER.dir/home/pi/.pico-sdk/sdk/2.1.0/lib/tinyusb/src/common/tusb_fifo.c.o
                0x10012fc8                tu_fifo_read_n
 .text.tu_fifo_write
                0x100130b0       0xa8 firmware/src/CMakeFiles/INTERCONNECTIO_MASTER.dir/home/pi/.pico-sdk/sdk/2.1.0/lib/tinyusb/src/common/tusb_fifo.c.o
                0x100130b0                tu_fifo_write
 .text.tu_fifo_write_n
                0x10013158      0x178 firmware/src/CMakeFiles/INTERCONNECTIO_MASTER.dir/home/pi/.pico-sdk/sdk/2.1.0/lib/tinyusb/src/common/tusb_fifo.c.o
                0x10013158                tu_fifo_write_n
 .text.tu_fifo_clear
                0x100132d0       0x40 firmware/src/CMakeFiles/INTERCONNECTIO_MASTER.dir/home/pi/.pico-sdk/sdk/2.1.0/lib/tinyusb/src/common/tusb_fifo.c.o
                0x100132d0                tu_fifo_clear
 .text.tu_fifo_set_overwritable
                0x10013310       0x48 firmware/src/CMakeFiles/INTERCONNECTIO_MASTER.dir/home/pi/.pico-sdk/sdk/2.1.0/lib/tinyusb/src/common/tusb_fifo.c.o
                0x10013310                tu_fifo_set_overwritable
 .text.adc_init
                0x10013358       0x38 firmware/src/CMakeFiles/INTERCONNECTIO_MASTER.dir/home/pi/.pico-sdk/sdk/2.1.0/src/rp2_common/hardware_adc/adc.c.o
                0x10013358                adc_init
 .text.i2c_write_blocking_internal
                0x10013390      0x18c firmware/src/CMakeFiles/INTERCONNECTIO_MASTER.dir/home/pi/.pico-sdk/sdk/2.1.0/src/rp2_common/hardware_i2c/i2c.c.o
 .text.i2c_read_blocking_internal
                0x1001351c      0x108 firmware/src/CMakeFiles/INTERCONNECTIO_MASTER.dir/home/pi/.pico-sdk/sdk/2.1.0/src/rp2_common/hardware_i2c/i2c.c.o
 .text.i2c_read_blocking_internal.constprop.0
                0x10013624       0x98 firmware/src/CMakeFiles/INTERCONNECTIO_MASTER.dir/home/pi/.pico-sdk/sdk/2.1.0/src/rp2_common/hardware_i2c/i2c.c.o
 .text.i2c_write_blocking_internal.constprop.0
                0x100136bc       0xd0 firmware/src/CMakeFiles/INTERCONNECTIO_MASTER.dir/home/pi/.pico-sdk/sdk/2.1.0/src/rp2_common/hardware_i2c/i2c.c.o
 .text.i2c_deinit
                0x1001378c       0x1c firmware/src/CMakeFiles/INTERCONNECTIO_MASTER.dir/home/pi/.pico-sdk/sdk/2.1.0/src/rp2_common/hardware_i2c/i2c.c.o
                0x1001378c                i2c_deinit
 .text.i2c_set_baudrate
                0x100137a8       0xc0 firmware/src/CMakeFiles/INTERCONNECTIO_MASTER.dir/home/pi/.pico-sdk/sdk/2.1.0/src/rp2_common/hardware_i2c/i2c.c.o
                0x100137a8                i2c_set_baudrate
 .text.i2c_init
                0x10013868       0x50 firmware/src/CMakeFiles/INTERCONNECTIO_MASTER.dir/home/pi/.pico-sdk/sdk/2.1.0/src/rp2_common/hardware_i2c/i2c.c.o
                0x10013868                i2c_init
 .text.i2c_write_blocking
                0x100138b8       0x14 firmware/src/CMakeFiles/INTERCONNECTIO_MASTER.dir/home/pi/.pico-sdk/sdk/2.1.0/src/rp2_common/hardware_i2c/i2c.c.o
                0x100138b8                i2c_write_blocking
 .text.i2c_write_blocking_until
                0x100138cc       0x48 firmware/src/CMakeFiles/INTERCONNECTIO_MASTER.dir/home/pi/.pico-sdk/sdk/2.1.0/src/rp2_common/hardware_i2c/i2c.c.o
                0x100138cc                i2c_write_blocking_until
 .text.i2c_read_blocking
                0x10013914       0x14 firmware/src/CMakeFiles/INTERCONNECTIO_MASTER.dir/home/pi/.pico-sdk/sdk/2.1.0/src/rp2_common/hardware_i2c/i2c.c.o
                0x10013914                i2c_read_blocking
 .text.i2c_read_blocking_until
                0x10013928       0x48 firmware/src/CMakeFiles/INTERCONNECTIO_MASTER.dir/home/pi/.pico-sdk/sdk/2.1.0/src/rp2_common/hardware_i2c/i2c.c.o
                0x10013928                i2c_read_blocking_until
 .text.spi_init
                0x10013970      0x13c firmware/src/CMakeFiles/INTERCONNECTIO_MASTER.dir/home/pi/.pico-sdk/sdk/2.1.0/src/rp2_common/hardware_spi/spi.c.o
                0x10013970                spi_init
 .text.spi_deinit
                0x10013aac       0x3c firmware/src/CMakeFiles/INTERCONNECTIO_MASTER.dir/home/pi/.pico-sdk/sdk/2.1.0/src/rp2_common/hardware_spi/spi.c.o
                0x10013aac                spi_deinit
 .text.spi_get_baudrate
                0x10013ae8       0x1c firmware/src/CMakeFiles/INTERCONNECTIO_MASTER.dir/home/pi/.pico-sdk/sdk/2.1.0/src/rp2_common/hardware_spi/spi.c.o
                0x10013ae8                spi_get_baudrate
 .text.sys_i2c_rbyte
                0x10013b04       0x4c firmware/src/CMakeFiles/INTERCONNECTIO_MASTER.dir/pico_lib2/src/sys/sys_i2c.c.o
                0x10013b04                sys_i2c_rbyte
 .text.sys_i2c_wbuf_rbuf
                0x10013b50       0xb4 firmware/src/CMakeFiles/INTERCONNECTIO_MASTER.dir/pico_lib2/src/sys/sys_i2c.c.o
                0x10013b50                sys_i2c_wbuf_rbuf
 .text.sys_i2c_rbuf
                0x10013c04       0x58 firmware/src/CMakeFiles/INTERCONNECTIO_MASTER.dir/pico_lib2/src/sys/sys_i2c.c.o
                0x10013c04                sys_i2c_rbuf
 .text.sys_i2c_rbuf_reg
                0x10013c5c       0xa4 firmware/src/CMakeFiles/INTERCONNECTIO_MASTER.dir/pico_lib2/src/sys/sys_i2c.c.o
                0x10013c5c                sys_i2c_rbuf_reg
 .text.sys_i2c_wbuf
                0x10013d00       0x58 firmware/src/CMakeFiles/INTERCONNECTIO_MASTER.dir/pico_lib2/src/sys/sys_i2c.c.o
                0x10013d00                sys_i2c_wbuf
 .text.sys_i2c_rbyte_eeprom
                0x10013d58       0xac firmware/src/CMakeFiles/INTERCONNECTIO_MASTER.dir/pico_lib2/src/sys/sys_i2c.c.o
                0x10013d58                sys_i2c_rbyte_eeprom
 .text.ina219Init
                0x10013e04       0x88 firmware/src/CMakeFiles/INTERCONNECTIO_MASTER.dir/pico_lib2/src/dev/dev_ina219/dev_ina219.c.o
                0x10013e04                ina219Init
 .text.ina219GetShuntVoltage
                0x10013e8c       0x24 firmware/src/CMakeFiles/INTERCONNECTIO_MASTER.dir/pico_lib2/src/dev/dev_ina219/dev_ina219.c.o
                0x10013e8c                ina219GetShuntVoltage
 .text.ina219GetBusVoltage
                0x10013eb0       0x28 firmware/src/CMakeFiles/INTERCONNECTIO_MASTER.dir/pico_lib2/src/dev/dev_ina219/dev_ina219.c.o
                0x10013eb0                ina219GetBusVoltage
 .text.ina219GetPower_mW
                0x10013ed8       0x34 firmware/src/CMakeFiles/INTERCONNECTIO_MASTER.dir/pico_lib2/src/dev/dev_ina219/dev_ina219.c.o
                0x10013ed8                ina219GetPower_mW
 .text.ina219GetCurrent_mA
                0x10013f0c       0x3c firmware/src/CMakeFiles/INTERCONNECTIO_MASTER.dir/pico_lib2/src/dev/dev_ina219/dev_ina219.c.o
                0x10013f0c                ina219GetCurrent_mA
 .text.ina219CalibrateCurrent_mA
                0x10013f48       0x70 firmware/src/CMakeFiles/INTERCONNECTIO_MASTER.dir/pico_lib2/src/dev/dev_ina219/dev_ina219.c.o
                0x10013f48                ina219CalibrateCurrent_mA
 .text.dev_mcp4725_set
                0x10013fb8       0x5c firmware/src/CMakeFiles/INTERCONNECTIO_MASTER.dir/pico_lib2/src/dev/dev_mcp4725/dev_mcp4725.c.o
                0x10013fb8                dev_mcp4725_set
 .text.dev_mcp4725_save
                0x10014014       0x5c firmware/src/CMakeFiles/INTERCONNECTIO_MASTER.dir/pico_lib2/src/dev/dev_mcp4725/dev_mcp4725.c.o
                0x10014014                dev_mcp4725_save
 .text.dev_mcp4725_get
                0x10014070       0x2c firmware/src/CMakeFiles/INTERCONNECTIO_MASTER.dir/pico_lib2/src/dev/dev_mcp4725/dev_mcp4725.c.o
                0x10014070                dev_mcp4725_get
 .text.at24cx_i2c_device_register
                0x1001409c       0x94 firmware/src/CMakeFiles/INTERCONNECTIO_MASTER.dir/pico_lib2/src/dev/dev_24lc32/dev_24lc32.c.o
                0x1001409c                at24cx_i2c_device_register
 .text.at24cx_i2c_byte_write
                0x10014130       0x4c firmware/src/CMakeFiles/INTERCONNECTIO_MASTER.dir/pico_lib2/src/dev/dev_24lc32/dev_24lc32.c.o
                0x10014130                at24cx_i2c_byte_write
 .text.at24cx_i2c_page_write
                0x1001417c       0x88 firmware/src/CMakeFiles/INTERCONNECTIO_MASTER.dir/pico_lib2/src/dev/dev_24lc32/dev_24lc32.c.o
                0x1001417c                at24cx_i2c_page_write
 .text.at24cx_i2c_byte_read
                0x10014204       0x50 firmware/src/CMakeFiles/INTERCONNECTIO_MASTER.dir/pico_lib2/src/dev/dev_24lc32/dev_24lc32.c.o
                0x10014204                at24cx_i2c_byte_read
 .text.onewire_read_id
                0x10014254      0x450 firmware/src/CMakeFiles/INTERCONNECTIO_MASTER.dir/pico_lib2/src/dev/dev_ds2431/dev_ds2431.c.o
 .text.onewire_select
                0x100146a4       0xe0 firmware/src/CMakeFiles/INTERCONNECTIO_MASTER.dir/pico_lib2/src/dev/dev_ds2431/dev_ds2431.c.o
                0x100146a4                onewire_select
 .text.onewire_write_info
                0x10014784      0x9e4 firmware/src/CMakeFiles/INTERCONNECTIO_MASTER.dir/pico_lib2/src/dev/dev_ds2431/dev_ds2431.c.o
                0x10014784                onewire_write_info
 .text.onewire_read_info
                0x10015168      0x3c8 firmware/src/CMakeFiles/INTERCONNECTIO_MASTER.dir/pico_lib2/src/dev/dev_ds2431/dev_ds2431.c.o
                0x10015168                onewire_read_info
 .text.onewire_check_devices
                0x10015530      0x488 firmware/src/CMakeFiles/INTERCONNECTIO_MASTER.dir/pico_lib2/src/dev/dev_ds2431/dev_ds2431.c.o
                0x10015530                onewire_check_devices
 .text          0x100159b8      0x20e firmware/src/scpi-parser/libscpi.a(fifo.o)
                0x100159b8                fifo_init
                0x100159ee                fifo_clear
                0x10015a10                fifo_is_empty
                0x10015a2c                fifo_is_full
                0x10015a50                fifo_add
                0x10015ac2                fifo_remove
                0x10015b30                fifo_remove_last
                0x10015ba8                fifo_count
 *fill*         0x10015bc6        0x2 
 .text          0x10015bc8      0x640 firmware/src/scpi-parser/libscpi.a(ieee488.o)
                0x10015cc0                SCPI_RegGet
                0x10015d46                SCPI_RegSet